[0.014s][info][gc,init] CardTable entry size: 512
[0.014s][info][gc     ] Using Serial
[0.014s][info][gc,init] Version: 25.0.1+8-LTS-27 (release)
[0.014s][info][gc,init] CPUs: 8 total, 8 available
[0.014s][info][gc,init] Memory: 16384M
[0.014s][info][gc,init] Large Page Support: Disabled
[0.014s][info][gc,init] NUMA Support: Disabled
[0.014s][info][gc,init] Compressed Oops: Enabled (Zero based)
[0.014s][info][gc,init] Heap Min Capacity: 8M
[0.014s][info][gc,init] Heap Initial Capacity: 256M
[0.014s][info][gc,init] Heap Max Capacity: 256M
[0.014s][info][gc,init] Pre-touch: Disabled
[0.037s][info][gc,metaspace] CDS archive(s) mapped at: [0x000000f800000000-0x000000f800d9c000-0x000000f800d9c000), size 14270464, SharedBaseAddress: 0x000000f800000000, ArchiveRelocationMode: 1.
[0.037s][info][gc,metaspace] Compressed class space mapped at: 0x000000f801000000-0x000000f841000000, reserved size: 1073741824
[0.037s][info][gc,metaspace] UseCompressedClassPointers 1, UseCompactObjectHeaders 0
[0.037s][info][gc,metaspace] Narrow klass pointer bits 32, Max shift 3
[0.037s][info][gc,metaspace] Narrow klass base: 0x000000f800000000, Narrow klass shift: 0
[0.037s][info][gc,metaspace] Encoding Range: [0x000000f800000000 - 0x000000f900000000), (4294967296 bytes)
[0.037s][info][gc,metaspace] Klass Range:    [0x000000f800004000 - 0x000000f841000000), (1090502656 bytes)
[0.037s][info][gc,metaspace] Klass ID Range:  [16384 - 1090519033) (1090502649)
[0.037s][info][gc,metaspace] Protection zone: [0x000000f800000000 - 0x000000f800004000), (16384 bytes)
[3.610s][info][gc,start    ] GC(0) Pause Young (Allocation Failure)
[3.639s][info][gc,heap     ] GC(0) DefNew: 69359K(78656K)->8545K(78656K) Eden: 69359K(69952K)->0K(69952K) From: 0K(8704K)->8545K(8704K)
[3.639s][info][gc,heap     ] GC(0) Tenured: 1153K(174784K)->59522K(174784K)
[3.639s][info][gc,metaspace] GC(0) Metaspace: 427K(640K)->427K(640K) NonClass: 409K(512K)->409K(512K) Class: 18K(128K)->18K(128K)
[3.640s][info][gc          ] GC(0) Pause Young (Allocation Failure) 68M->66M(247M) 29.733ms
[3.640s][info][gc,cpu      ] GC(0) User=0.01s Sys=0.02s Real=0.03s
[7.231s][info][gc,start    ] GC(1) Pause Young (Allocation Failure)
[7.254s][info][gc,heap     ] GC(1) DefNew: 77509K(78656K)->8192K(78656K) Eden: 68963K(69952K)->0K(69952K) From: 8545K(8704K)->8192K(8704K)
[7.254s][info][gc,heap     ] GC(1) Tenured: 59522K(174784K)->128484K(174784K)
[7.254s][info][gc,metaspace] GC(1) Metaspace: 435K(640K)->435K(640K) NonClass: 417K(512K)->417K(512K) Class: 18K(128K)->18K(128K)
[7.254s][info][gc          ] GC(1) Pause Young (Allocation Failure) 133M->133M(247M) 23.470ms
[7.254s][info][gc,cpu      ] GC(1) User=0.00s Sys=0.02s Real=0.02s
[10.805s][info][gc,start    ] GC(2) Pause Full (Allocation Failure)
[10.805s][info][gc,phases,start] GC(2) Phase 1: Mark live objects
[10.808s][info][gc,phases      ] GC(2) Phase 1: Mark live objects 2.904ms
[10.808s][info][gc,phases,start] GC(2) Phase 2: Compute new object addresses
[10.809s][info][gc,phases      ] GC(2) Phase 2: Compute new object addresses 0.593ms
[10.809s][info][gc,phases,start] GC(2) Phase 3: Adjust pointers
[10.810s][info][gc,phases      ] GC(2) Phase 3: Adjust pointers 0.914ms
[10.810s][info][gc,phases,start] GC(2) Phase 4: Move objects
[10.820s][info][gc,phases      ] GC(2) Phase 4: Move objects 9.778ms
[10.820s][info][gc,heap        ] GC(2) DefNew: 77162K(78656K)->30720K(78656K) Eden: 68969K(69952K)->30720K(69952K) From: 8192K(8704K)->0K(8704K)
[10.820s][info][gc,heap        ] GC(2) Tenured: 128484K(174784K)->174566K(174784K)
[10.820s][info][gc,metaspace   ] GC(2) Metaspace: 440K(640K)->440K(640K) NonClass: 422K(512K)->422K(512K) Class: 18K(128K)->18K(128K)
[10.820s][info][gc             ] GC(2) Pause Full (Allocation Failure) 200M->200M(247M) 14.619ms
[10.820s][info][gc,cpu         ] GC(2) User=0.01s Sys=0.01s Real=0.02s
[12.780s][info][gc,start       ] GC(3) Pause Full (Allocation Failure)
[12.780s][info][gc,phases,start] GC(3) Phase 1: Mark live objects
[12.785s][info][gc,phases      ] GC(3) Phase 1: Mark live objects 5.246ms
[12.786s][info][gc,phases,start] GC(3) Phase 2: Compute new object addresses
[12.786s][info][gc,phases      ] GC(3) Phase 2: Compute new object addresses 0.890ms
[12.787s][info][gc,phases,start] GC(3) Phase 3: Adjust pointers
[12.789s][info][gc,phases      ] GC(3) Phase 3: Adjust pointers 2.034ms
[12.789s][info][gc,phases,start] GC(3) Phase 4: Move objects
[12.791s][info][gc,phases      ] GC(3) Phase 4: Move objects 2.549ms
[12.791s][info][gc,heap        ] GC(3) DefNew: 68973K(78656K)->68609K(78656K) Eden: 68973K(69952K)->68609K(69952K) From: 0K(8704K)->0K(8704K)
[12.791s][info][gc,heap        ] GC(3) Tenured: 174566K(174784K)->174566K(174784K)
[12.791s][info][gc,metaspace   ] GC(3) Metaspace: 440K(640K)->440K(640K) NonClass: 422K(512K)->422K(512K) Class: 18K(128K)->18K(128K)
[12.791s][info][gc             ] GC(3) Pause Full (Allocation Failure) 237M->237M(247M) 11.550ms
[12.791s][info][gc,cpu         ] GC(3) User=0.01s Sys=0.00s Real=0.01s
[12.847s][info][gc,start       ] GC(4) Pause Full (Allocation Failure)
[12.847s][info][gc,phases,start] GC(4) Phase 1: Mark live objects
[12.852s][info][gc,phases      ] GC(4) Phase 1: Mark live objects 4.939ms
[12.852s][info][gc,phases,start] GC(4) Phase 2: Compute new object addresses
[12.853s][info][gc,phases      ] GC(4) Phase 2: Compute new object addresses 0.581ms
[12.853s][info][gc,phases,start] GC(4) Phase 3: Adjust pointers
[12.854s][info][gc,phases      ] GC(4) Phase 3: Adjust pointers 1.444ms
[12.854s][info][gc,phases,start] GC(4) Phase 4: Move objects
[12.855s][info][gc,phases      ] GC(4) Phase 4: Move objects 0.017ms
[12.855s][info][gc,heap        ] GC(4) DefNew: 69952K(78656K)->69633K(78656K) Eden: 69952K(69952K)->69633K(69952K) From: 0K(8704K)->0K(8704K)
[12.855s][info][gc,heap        ] GC(4) Tenured: 174566K(174784K)->174566K(174784K)
[12.855s][info][gc,metaspace   ] GC(4) Metaspace: 440K(640K)->440K(640K) NonClass: 422K(512K)->422K(512K) Class: 18K(128K)->18K(128K)
[12.855s][info][gc             ] GC(4) Pause Full (Allocation Failure) 238M->238M(247M) 7.568ms
[12.855s][info][gc,cpu         ] GC(4) User=0.01s Sys=0.00s Real=0.01s
[12.855s][info][gc,start       ] GC(5) Pause Full (Allocation Failure)
[12.855s][info][gc,phases,start] GC(5) Phase 1: Mark live objects
[12.858s][info][gc,phases      ] GC(5) Phase 1: Mark live objects 3.163ms
[12.858s][info][gc,phases,start] GC(5) Phase 2: Compute new object addresses
[12.859s][info][gc,phases      ] GC(5) Phase 2: Compute new object addresses 0.744ms
[12.859s][info][gc,phases,start] GC(5) Phase 3: Adjust pointers
[12.860s][info][gc,phases      ] GC(5) Phase 3: Adjust pointers 1.491ms
[12.860s][info][gc,phases,start] GC(5) Phase 4: Move objects
[12.923s][info][gc,phases      ] GC(5) Phase 4: Move objects 62.578ms
[12.923s][info][gc,heap        ] GC(5) DefNew: 69633K(78656K)->69633K(78656K) Eden: 69633K(69952K)->69633K(69952K) From: 0K(8704K)->0K(8704K)
[12.923s][info][gc,heap        ] GC(5) Tenured: 174566K(174784K)->174497K(174784K)
[12.923s][info][gc,metaspace   ] GC(5) Metaspace: 440K(640K)->439K(640K) NonClass: 422K(512K)->421K(512K) Class: 18K(128K)->17K(128K)
[12.923s][info][gc             ] GC(5) Pause Full (Allocation Failure) 238M->238M(247M) 68.212ms
[12.923s][info][gc,cpu         ] GC(5) User=0.02s Sys=0.03s Real=0.07s
[12.924s][info][gc,exit        ] Heap
[12.924s][info][gc,exit        ]  DefNew     total 78656K, used 69952K [0x00000007f0000000, 0x00000007f5550000, 0x00000007f5550000)
[12.924s][info][gc,exit        ]   eden space 69952K, 100% used [0x00000007f0000000, 0x00000007f4450000, 0x00000007f4450000)
[12.924s][info][gc,exit        ]   from space 8704K,   0% used [0x00000007f4450000, 0x00000007f4450000, 0x00000007f4cd0000)
[12.924s][info][gc,exit        ]   to   space 8704K,   0% used [0x00000007f4cd0000, 0x00000007f4cd0000, 0x00000007f5550000)
[12.924s][info][gc,exit        ]  Tenured    total 174784K, used 174498K [0x00000007f5550000, 0x0000000800000000, 0x0000000800000000)
[12.924s][info][gc,exit        ]   the  space 174784K,  99% used [0x00000007f5550000, 0x00000007fffb88c0, 0x0000000800000000)
[12.924s][info][gc,exit        ]  Metaspace       used 445K, committed 640K, reserved 1114112K
[12.924s][info][gc,exit        ]   class space    used 18K, committed 128K, reserved 1048576K
