[0.005s][info][gc,init] Initializing The Z Garbage Collector
[0.005s][info][gc,init] Version: 25.0.1+8-LTS-27 (release)
[0.005s][info][gc,init] NUMA Support: Disabled
[0.005s][info][gc,init] CPUs: 8 total, 8 available
[0.005s][info][gc,init] Memory: 16384M
[0.005s][info][gc,init] Large Page Support: Disabled
[0.005s][info][gc,init] Address Space Size: unlimited
[0.005s][info][gc,init] Reserved Space Type: Contiguous/Unrestricted/Complete
[0.005s][info][gc,init] Reserved Space Size: 4G
[0.006s][info][gc,init] Min Capacity: 8M
[0.006s][info][gc,init] Initial Capacity: 256M
[0.006s][info][gc,init] Max Capacity: 256M
[0.006s][info][gc,init] Soft Max Capacity: 256M
[0.006s][info][gc,init] Page Size Medium: Range [2M, 8M]
[0.006s][info][gc,init] Pre-touch: Disabled
[0.006s][info][gc,init] Uncommit: Enabled
[0.006s][info][gc,init] Uncommit Delay: 300s
[0.006s][info][gc,init] GC Workers for Old Generation: 2 (dynamic)
[0.006s][info][gc,init] GC Workers for Young Generation: 2 (dynamic)
[0.006s][info][gc,init] GC Workers Max: 2 (dynamic)
[0.006s][info][gc,init] Runtime Workers: 2
[0.006s][info][gc     ] Using The Z Garbage Collector
[0.022s][info][gc,metaspace] CDS archive(s) mapped at: [0x00007fe000000000-0x00007fe000d9c000-0x00007fe000d9c000), size 14270464, SharedBaseAddress: 0x00007fe000000000, ArchiveRelocationMode: 1.
[0.022s][info][gc,metaspace] Compressed class space mapped at: 0x00007fe001000000-0x00007fe041000000, reserved size: 1073741824
[0.022s][info][gc,metaspace] UseCompressedClassPointers 1, UseCompactObjectHeaders 0
[0.022s][info][gc,metaspace] Narrow klass pointer bits 32, Max shift 3
[0.022s][info][gc,metaspace] Narrow klass base: 0x00007fe000000000, Narrow klass shift: 0
[0.022s][info][gc,metaspace] Encoding Range: [0x00007fe000000000 - 0x00007fe100000000), (4294967296 bytes)
[0.022s][info][gc,metaspace] Klass Range:    [0x00007fe000004000 - 0x00007fe041000000), (1090502656 bytes)
[0.022s][info][gc,metaspace] Klass ID Range:  [16384 - 1090519033) (1090502649)
[0.022s][info][gc,metaspace] Protection zone: [0x00007fe000000000 - 0x00007fe000004000), (16384 bytes)
[0.619s][info][gc          ] GC(0) Major Collection (Warmup)
[0.619s][info][gc,task     ] GC(0) Using 2 Workers for Young Generation
[0.619s][info][gc,task     ] GC(0) Using 1 Workers for Old Generation
[0.619s][info][gc,phases   ] GC(0) Y: Young Generation
[0.619s][info][gc,phases   ] GC(0) Y: Pause Mark Start (Major) 0.008ms
[0.620s][info][gc,phases   ] GC(0) Y: Concurrent Mark 1.503ms
[0.620s][info][gc,phases   ] GC(0) Y: Pause Mark End 0.004ms
[0.620s][info][gc,phases   ] GC(0) Y: Concurrent Mark Free 0.001ms
[0.620s][info][gc,phases   ] GC(0) Y: Concurrent Reset Relocation Set 0.000ms
[0.620s][info][gc,reloc    ] GC(0) Y: Using tenuring threshold: 1 (Computed)
[0.621s][info][gc,phases   ] GC(0) Y: Concurrent Select Relocation Set 0.261ms
[0.621s][info][gc,phases   ] GC(0) Y: Pause Relocate Start 0.002ms
[0.621s][info][gc,phases   ] GC(0) Y: Concurrent Relocate 0.669ms
[0.621s][info][gc,alloc    ] GC(0) Y:                         Mark Start        Mark End      Relocate Start    Relocate End   
[0.621s][info][gc,alloc    ] GC(0) Y: Allocation Stalls:          0                0                0                0         
[0.621s][info][gc,load     ] GC(0) Y: Load: 3.34 (42%) / 3.45 (43%) / 3.16 (39%)
[0.621s][info][gc,mmu      ] GC(0) Y: MMU: 2ms/99.3%, 5ms/99.7%, 10ms/99.9%, 20ms/99.9%, 50ms/100.0%, 100ms/100.0%
[0.621s][info][gc,marking  ] GC(0) Y: Mark: 2 stripe(s), 1 proactive flush(es), 1 terminate flush(es), 0 completion(s), 0 continuation(s) 
[0.621s][info][gc,nmethod  ] GC(0) Y: NMethods: 200 registered, 0 unregistered
[0.621s][info][gc,metaspace] GC(0) Y: Metaspace: 0M used, 0M committed, 1088M reserved
[0.621s][info][gc,reloc    ] GC(0) Y:                        Candidates     Selected     In-Place         Size        Empty    Relocated 
[0.621s][info][gc,reloc    ] GC(0) Y: Small Pages:                    2            1            0           4M           0M           1M 
[0.621s][info][gc,reloc    ] GC(0) Y: Medium Pages:                   0            0            0           0M           0M           0M 
[0.622s][info][gc,reloc    ] GC(0) Y: Large Pages:                   11            0            0          22M           0M           0M 
[0.622s][info][gc,reloc    ] GC(0) Y: Forwarding Usage: 0M
[0.622s][info][gc,reloc    ] GC(0) Y: Age Table:
[0.622s][info][gc,reloc    ] GC(0) Y:                    Live             Garbage             Small              Medium             Large        
[0.622s][info][gc,reloc    ] GC(0) Y: Eden              23M (9%)            2M (1%)           2 / 1              0 / 0             11 / 0        
[0.622s][info][gc,heap     ] GC(0) Y: Min Capacity: 8M(3%)
[0.622s][info][gc,heap     ] GC(0) Y: Max Capacity: 256M(100%)
[0.622s][info][gc,heap     ] GC(0) Y: Soft Max Capacity: 256M(100%)
[0.622s][info][gc,heap     ] GC(0) Y: Heap Statistics:
[0.622s][info][gc,heap     ] GC(0) Y:                Mark Start          Mark End        Relocate Start      Relocate End           High               Low         
[0.622s][info][gc,heap     ] GC(0) Y:  Capacity:      256M (100%)        256M (100%)        256M (100%)        256M (100%)        256M (100%)        256M (100%)   
[0.622s][info][gc,heap     ] GC(0) Y:      Free:      230M (90%)         230M (90%)         230M (90%)         230M (90%)         230M (90%)         226M (88%)    
[0.622s][info][gc,heap     ] GC(0) Y:      Used:       26M (10%)          26M (10%)          26M (10%)          26M (10%)          30M (12%)          26M (10%)    
[0.622s][info][gc,heap     ] GC(0) Y: Young Generation Statistics:
[0.622s][info][gc,heap     ] GC(0) Y:                Mark Start          Mark End        Relocate Start      Relocate End    
[0.622s][info][gc,heap     ] GC(0) Y:      Used:       26M (10%)          26M (10%)          26M (10%)          26M (10%)    
[0.622s][info][gc,heap     ] GC(0) Y:      Live:         -                23M (9%)           23M (9%)           23M (9%)     
[0.622s][info][gc,heap     ] GC(0) Y:   Garbage:         -                 2M (1%)            2M (1%)            0M (0%)     
[0.622s][info][gc,heap     ] GC(0) Y: Allocated:         -                 0M (0%)            0M (0%)            2M (1%)     
[0.622s][info][gc,heap     ] GC(0) Y: Reclaimed:         -                  -                 0M (0%)            2M (1%)     
[0.622s][info][gc,heap     ] GC(0) Y:  Promoted:         -                  -                 0M (0%)            0M (0%)     
[0.622s][info][gc,heap     ] GC(0) Y: Compacted:         -                  -                  -                 1M (1%)     
[0.622s][info][gc,phases   ] GC(0) Y: Young Generation 26M(10%)->26M(10%) 0.003s
[0.622s][info][gc,phases   ] GC(0) O: Old Generation
[0.622s][info][gc,phases   ] GC(0) O: Concurrent Mark 0.062ms
[0.622s][info][gc,phases   ] GC(0) O: Pause Mark End 0.003ms
[0.622s][info][gc,phases   ] GC(0) O: Concurrent Mark Free 0.000ms
[0.622s][info][gc,phases   ] GC(0) O: Concurrent Process Non-Strong 0.250ms
[0.622s][info][gc,phases   ] GC(0) O: Concurrent Reset Relocation Set 0.000ms
[0.622s][info][gc,phases   ] GC(0) O: Concurrent Select Relocation Set 0.008ms
[0.622s][info][gc,task     ] GC(0) O: Using 2 Workers for Old Generation
[0.622s][info][gc,task     ] GC(0) O: Using 1 Workers for Old Generation
[0.622s][info][gc,phases   ] GC(0) O: Concurrent Remap Roots 0.088ms
[0.622s][info][gc,phases   ] GC(0) O: Pause Relocate Start 0.002ms
[0.622s][info][gc,phases   ] GC(0) O: Concurrent Relocate 0.006ms
[0.622s][info][gc,alloc    ] GC(0) O:                         Mark Start        Mark End      Relocate Start    Relocate End   
[0.622s][info][gc,alloc    ] GC(0) O: Allocation Stalls:          0                0                0                0         
[0.622s][info][gc,load     ] GC(0) O: Load: 3.34 (42%) / 3.45 (43%) / 3.16 (39%)
[0.622s][info][gc,mmu      ] GC(0) O: MMU: 2ms/99.3%, 5ms/99.6%, 10ms/99.8%, 20ms/99.9%, 50ms/100.0%, 100ms/100.0%
[0.622s][info][gc,marking  ] GC(0) O: Mark: 1 stripe(s), 1 proactive flush(es), 1 terminate flush(es), 0 completion(s), 0 continuation(s) 
[0.622s][info][gc,nmethod  ] GC(0) O: NMethods: 193 registered, 7 unregistered
[0.622s][info][gc,metaspace] GC(0) O: Metaspace: 0M used, 0M committed, 1088M reserved
[0.622s][info][gc,ref      ] GC(0) O:                       Encountered   Discovered     Enqueued 
[0.622s][info][gc,ref      ] GC(0) O: Soft References:               61            0            0 
[0.622s][info][gc,ref      ] GC(0) O: Weak References:               96            0            0 
[0.622s][info][gc,ref      ] GC(0) O: Final References:               0            0            0 
[0.622s][info][gc,ref      ] GC(0) O: Phantom References:             1            0            0 
[0.622s][info][gc,heap     ] GC(0) O: Min Capacity: 8M(3%)
[0.622s][info][gc,heap     ] GC(0) O: Max Capacity: 256M(100%)
[0.622s][info][gc,heap     ] GC(0) O: Soft Max Capacity: 256M(100%)
[0.622s][info][gc,heap     ] GC(0) O: Heap Statistics:
[0.622s][info][gc,heap     ] GC(0) O:                Mark Start          Mark End        Relocate Start      Relocate End           High               Low         
[0.622s][info][gc,heap     ] GC(0) O:  Capacity:      256M (100%)        256M (100%)        256M (100%)        256M (100%)        256M (100%)        256M (100%)   
[0.622s][info][gc,heap     ] GC(0) O:      Free:      230M (90%)         230M (90%)         230M (90%)         230M (90%)         230M (90%)         226M (88%)    
[0.622s][info][gc,heap     ] GC(0) O:      Used:       26M (10%)          26M (10%)          26M (10%)          26M (10%)          30M (12%)          26M (10%)    
[0.622s][info][gc,heap     ] GC(0) O: Old Generation Statistics:
[0.622s][info][gc,heap     ] GC(0) O:                Mark Start          Mark End        Relocate Start      Relocate End    
[0.622s][info][gc,heap     ] GC(0) O:      Used:        0M (0%)            0M (0%)            0M (0%)            0M (0%)     
[0.622s][info][gc,heap     ] GC(0) O:      Live:         -                 0M (0%)            0M (0%)            0M (0%)     
[0.622s][info][gc,heap     ] GC(0) O:   Garbage:         -                 0M (0%)            0M (0%)            0M (0%)     
[0.622s][info][gc,heap     ] GC(0) O: Allocated:         -                 0M (0%)            0M (0%)            0M (0%)     
[0.622s][info][gc,heap     ] GC(0) O: Reclaimed:         -                  -                 0M (0%)            0M (0%)     
[0.622s][info][gc,heap     ] GC(0) O: Compacted:         -                  -                  -                 0M (0%)     
[0.622s][info][gc,phases   ] GC(0) O: Old Generation 26M(10%)->26M(10%) 0.000s
[0.622s][info][gc          ] GC(0) Major Collection (Warmup) 26M(10%)->26M(10%) 0.004s
[1.254s][info][gc          ] GC(1) Major Collection (Warmup)
[1.254s][info][gc,task     ] GC(1) Using 2 Workers for Young Generation
[1.254s][info][gc,task     ] GC(1) Using 1 Workers for Old Generation
[1.254s][info][gc,phases   ] GC(1) Y: Young Generation
[1.254s][info][gc,phases   ] GC(1) Y: Pause Mark Start (Major) 0.006ms
[1.256s][info][gc,phases   ] GC(1) Y: Concurrent Mark 1.680ms
[1.256s][info][gc,phases   ] GC(1) Y: Pause Mark End 0.005ms
[1.256s][info][gc,phases   ] GC(1) Y: Concurrent Mark Free 0.002ms
[1.256s][info][gc,phases   ] GC(1) Y: Concurrent Reset Relocation Set 0.001ms
[1.256s][info][gc,reloc    ] GC(1) Y: Using tenuring threshold: 1 (Computed)
[1.257s][info][gc,phases   ] GC(1) Y: Concurrent Select Relocation Set 0.784ms
[1.257s][info][gc,phases   ] GC(1) Y: Pause Relocate Start 0.002ms
[1.259s][info][gc,phases   ] GC(1) Y: Concurrent Relocate 1.900ms
[1.259s][info][gc,alloc    ] GC(1) Y:                         Mark Start        Mark End      Relocate Start    Relocate End   
[1.259s][info][gc,alloc    ] GC(1) Y: Allocation Stalls:          0                0                0                0         
[1.259s][info][gc,load     ] GC(1) Y: Load: 3.34 (42%) / 3.45 (43%) / 3.16 (39%)
[1.259s][info][gc,mmu      ] GC(1) Y: MMU: 2ms/99.3%, 5ms/99.6%, 10ms/99.8%, 20ms/99.9%, 50ms/100.0%, 100ms/100.0%
[1.259s][info][gc,marking  ] GC(1) Y: Mark: 2 stripe(s), 2 proactive flush(es), 1 terminate flush(es), 0 completion(s), 0 continuation(s) 
[1.259s][info][gc,nmethod  ] GC(1) Y: NMethods: 266 registered, 7 unregistered
[1.259s][info][gc,metaspace] GC(1) Y: Metaspace: 0M used, 0M committed, 1088M reserved
[1.259s][info][gc,reloc    ] GC(1) Y:                        Candidates     Selected     In-Place         Size        Empty    Relocated 
[1.259s][info][gc,reloc    ] GC(1) Y: Small Pages:                    3            2            0           6M           0M           1M 
[1.259s][info][gc,reloc    ] GC(1) Y: Medium Pages:                   0            0            0           0M           0M           0M 
[1.259s][info][gc,reloc    ] GC(1) Y: Large Pages:                   23            0            0          46M           0M           0M 
[1.259s][info][gc,reloc    ] GC(1) Y: Forwarding Usage: 0M
[1.259s][info][gc,reloc    ] GC(1) Y: Age Table:
[1.259s][info][gc,reloc    ] GC(1) Y:                    Live             Garbage             Small              Medium             Large        
[1.259s][info][gc,reloc    ] GC(1) Y: Eden              24M (9%)            1M (1%)           1 / 0              0 / 0             12 / 0        
[1.259s][info][gc,reloc    ] GC(1) Y: Survivor 1        23M (9%)            2M (1%)           2 / 2              0 / 0             11 / 0        
[1.259s][info][gc,heap     ] GC(1) Y: Min Capacity: 8M(3%)
[1.259s][info][gc,heap     ] GC(1) Y: Max Capacity: 256M(100%)
[1.259s][info][gc,heap     ] GC(1) Y: Soft Max Capacity: 256M(100%)
[1.259s][info][gc,heap     ] GC(1) Y: Heap Statistics:
[1.259s][info][gc,heap     ] GC(1) Y:                Mark Start          Mark End        Relocate Start      Relocate End           High               Low         
[1.259s][info][gc,heap     ] GC(1) Y:  Capacity:      256M (100%)        256M (100%)        256M (100%)        256M (100%)        256M (100%)        256M (100%)   
[1.259s][info][gc,heap     ] GC(1) Y:      Free:      204M (80%)         202M (79%)         202M (79%)         202M (79%)         204M (80%)         198M (77%)    
[1.259s][info][gc,heap     ] GC(1) Y:      Used:       52M (20%)          54M (21%)          54M (21%)          54M (21%)          58M (23%)          52M (20%)    
[1.259s][info][gc,heap     ] GC(1) Y: Young Generation Statistics:
[1.259s][info][gc,heap     ] GC(1) Y:                Mark Start          Mark End        Relocate Start      Relocate End    
[1.259s][info][gc,heap     ] GC(1) Y:      Used:       52M (20%)          54M (21%)          32M (12%)          28M (11%)    
[1.259s][info][gc,heap     ] GC(1) Y:      Live:         -                47M (18%)          25M (10%)          24M (9%)     
[1.259s][info][gc,heap     ] GC(1) Y:   Garbage:         -                 4M (2%)            4M (2%)            0M (0%)     
[1.259s][info][gc,heap     ] GC(1) Y: Allocated:         -                 2M (1%)            2M (1%)            3M (2%)     
[1.259s][info][gc,heap     ] GC(1) Y: Reclaimed:         -                  -                 0M (0%)            4M (2%)     
[1.259s][info][gc,heap     ] GC(1) Y:  Promoted:         -                  -                22M (9%)           23M (9%)     
[1.259s][info][gc,heap     ] GC(1) Y: Compacted:         -                  -                  -                 0M (0%)     
[1.259s][info][gc,phases   ] GC(1) Y: Young Generation 52M(20%)->54M(21%) 0.005s
[1.259s][info][gc,phases   ] GC(1) O: Old Generation
[1.259s][info][gc,phases   ] GC(1) O: Concurrent Mark 0.188ms
[1.259s][info][gc,phases   ] GC(1) O: Pause Mark End 0.006ms
[1.259s][info][gc,phases   ] GC(1) O: Concurrent Mark Free 0.014ms
[1.261s][info][gc,phases   ] GC(1) O: Concurrent Process Non-Strong 1.140ms
[1.261s][info][gc,phases   ] GC(1) O: Concurrent Reset Relocation Set 0.000ms
[1.261s][info][gc,phases   ] GC(1) O: Concurrent Select Relocation Set 0.032ms
[1.261s][info][gc,task     ] GC(1) O: Using 2 Workers for Old Generation
[1.262s][info][gc,task     ] GC(1) O: Using 1 Workers for Old Generation
[1.262s][info][gc,phases   ] GC(1) O: Concurrent Remap Roots 0.940ms
[1.262s][info][gc,phases   ] GC(1) O: Pause Relocate Start 0.009ms
[1.262s][info][gc,phases   ] GC(1) O: Concurrent Relocate 0.012ms
[1.262s][info][gc,alloc    ] GC(1) O:                         Mark Start        Mark End      Relocate Start    Relocate End   
[1.262s][info][gc,alloc    ] GC(1) O: Allocation Stalls:          0                0                0                0         
[1.262s][info][gc,load     ] GC(1) O: Load: 3.34 (42%) / 3.45 (43%) / 3.16 (39%)
[1.262s][info][gc,mmu      ] GC(1) O: MMU: 2ms/99.3%, 5ms/99.6%, 10ms/99.7%, 20ms/99.9%, 50ms/99.9%, 100ms/100.0%
[1.262s][info][gc,marking  ] GC(1) O: Mark: 1 stripe(s), 1 proactive flush(es), 1 terminate flush(es), 0 completion(s), 0 continuation(s) 
[1.262s][info][gc,nmethod  ] GC(1) O: NMethods: 265 registered, 8 unregistered
[1.262s][info][gc,metaspace] GC(1) O: Metaspace: 0M used, 0M committed, 1088M reserved
[1.262s][info][gc,ref      ] GC(1) O:                       Encountered   Discovered     Enqueued 
[1.262s][info][gc,ref      ] GC(1) O: Soft References:               61            0            0 
[1.262s][info][gc,ref      ] GC(1) O: Weak References:               96            0            0 
[1.262s][info][gc,ref      ] GC(1) O: Final References:               0            0            0 
[1.262s][info][gc,ref      ] GC(1) O: Phantom References:             1            0            0 
[1.262s][info][gc,heap     ] GC(1) O: Min Capacity: 8M(3%)
[1.262s][info][gc,heap     ] GC(1) O: Max Capacity: 256M(100%)
[1.262s][info][gc,heap     ] GC(1) O: Soft Max Capacity: 256M(100%)
[1.262s][info][gc,heap     ] GC(1) O: Heap Statistics:
[1.262s][info][gc,heap     ] GC(1) O:                Mark Start          Mark End        Relocate Start      Relocate End           High               Low         
[1.262s][info][gc,heap     ] GC(1) O:  Capacity:      256M (100%)        256M (100%)        256M (100%)        256M (100%)        256M (100%)        256M (100%)   
[1.262s][info][gc,heap     ] GC(1) O:      Free:      204M (80%)         202M (79%)         202M (79%)         202M (79%)         204M (80%)         198M (77%)    
[1.262s][info][gc,heap     ] GC(1) O:      Used:       52M (20%)          54M (21%)          54M (21%)          54M (21%)          58M (23%)          52M (20%)    
[1.262s][info][gc,heap     ] GC(1) O: Old Generation Statistics:
[1.262s][info][gc,heap     ] GC(1) O:                Mark Start          Mark End        Relocate Start      Relocate End    
[1.262s][info][gc,heap     ] GC(1) O:      Used:        0M (0%)           26M (10%)          26M (10%)          26M (10%)    
[1.262s][info][gc,heap     ] GC(1) O:      Live:         -                 0M (0%)            0M (0%)            0M (0%)     
[1.262s][info][gc,heap     ] GC(1) O:   Garbage:         -                 0M (0%)            0M (0%)            0M (0%)     
[1.262s][info][gc,heap     ] GC(1) O: Allocated:         -                26M (10%)          26M (10%)          26M (10%)    
[1.262s][info][gc,heap     ] GC(1) O: Reclaimed:         -                  -                 0M (0%)            0M (0%)     
[1.262s][info][gc,heap     ] GC(1) O: Compacted:         -                  -                  -                 0M (0%)     
[1.262s][info][gc,phases   ] GC(1) O: Old Generation 54M(21%)->54M(21%) 0.003s
[1.262s][info][gc          ] GC(1) Major Collection (Warmup) 52M(20%)->54M(21%) 0.008s
[1.900s][info][gc          ] GC(2) Major Collection (Warmup)
[1.900s][info][gc,task     ] GC(2) Using 2 Workers for Young Generation
[1.900s][info][gc,task     ] GC(2) Using 1 Workers for Old Generation
[1.900s][info][gc,phases   ] GC(2) Y: Young Generation
[1.900s][info][gc,phases   ] GC(2) Y: Pause Mark Start (Major) 0.028ms
[1.902s][info][gc,phases   ] GC(2) Y: Concurrent Mark 1.846ms
[1.902s][info][gc,phases   ] GC(2) Y: Pause Mark End 0.015ms
[1.902s][info][gc,phases   ] GC(2) Y: Concurrent Mark Free 0.001ms
[1.902s][info][gc,phases   ] GC(2) Y: Concurrent Reset Relocation Set 0.014ms
[1.902s][info][gc,reloc    ] GC(2) Y: Using tenuring threshold: 1 (Computed)
[1.903s][info][gc,phases   ] GC(2) Y: Concurrent Select Relocation Set 0.297ms
[1.903s][info][gc,phases   ] GC(2) Y: Pause Relocate Start 0.005ms
[1.903s][info][gc,phases   ] GC(2) Y: Concurrent Relocate 0.108ms
[1.903s][info][gc,alloc    ] GC(2) Y:                         Mark Start        Mark End      Relocate Start    Relocate End   
[1.903s][info][gc,alloc    ] GC(2) Y: Allocation Stalls:          0                0                0                0         
[1.903s][info][gc,load     ] GC(2) Y: Load: 3.34 (42%) / 3.45 (43%) / 3.16 (39%)
[1.903s][info][gc,mmu      ] GC(2) Y: MMU: 2ms/98.6%, 5ms/99.0%, 10ms/99.5%, 20ms/99.8%, 50ms/99.9%, 100ms/100.0%
[1.903s][info][gc,marking  ] GC(2) Y: Mark: 2 stripe(s), 2 proactive flush(es), 1 terminate flush(es), 0 completion(s), 0 continuation(s) 
[1.903s][info][gc,nmethod  ] GC(2) Y: NMethods: 271 registered, 8 unregistered
[1.903s][info][gc,metaspace] GC(2) Y: Metaspace: 0M used, 0M committed, 1088M reserved
[1.903s][info][gc,reloc    ] GC(2) Y:                        Candidates     Selected     In-Place         Size        Empty    Relocated 
[1.903s][info][gc,reloc    ] GC(2) Y: Small Pages:                    2            1            0           4M           0M           0M 
[1.903s][info][gc,reloc    ] GC(2) Y: Medium Pages:                   0            0            0           0M           0M           0M 
[1.903s][info][gc,reloc    ] GC(2) Y: Large Pages:                   24            0            0          48M           0M           0M 
[1.903s][info][gc,reloc    ] GC(2) Y: Forwarding Usage: 0M
[1.903s][info][gc,reloc    ] GC(2) Y: Age Table:
[1.903s][info][gc,reloc    ] GC(2) Y:                    Live             Garbage             Small              Medium             Large        
[1.903s][info][gc,reloc    ] GC(2) Y: Eden              24M (9%)            1M (1%)           1 / 0              0 / 0             12 / 0        
[1.903s][info][gc,reloc    ] GC(2) Y: Survivor 1        24M (9%)            1M (1%)           1 / 1              0 / 0             12 / 0        
[1.903s][info][gc,heap     ] GC(2) Y: Min Capacity: 8M(3%)
[1.903s][info][gc,heap     ] GC(2) Y: Max Capacity: 256M(100%)
[1.903s][info][gc,heap     ] GC(2) Y: Soft Max Capacity: 256M(100%)
[1.903s][info][gc,heap     ] GC(2) Y: Heap Statistics:
[1.903s][info][gc,heap     ] GC(2) Y:                Mark Start          Mark End        Relocate Start      Relocate End           High               Low         
[1.903s][info][gc,heap     ] GC(2) Y:  Capacity:      256M (100%)        256M (100%)        256M (100%)        256M (100%)        256M (100%)        256M (100%)   
[1.903s][info][gc,heap     ] GC(2) Y:      Free:      178M (70%)         176M (69%)         176M (69%)         176M (69%)         178M (70%)         172M (67%)    
[1.903s][info][gc,heap     ] GC(2) Y:      Used:       78M (30%)          80M (31%)          80M (31%)          80M (31%)          84M (33%)          78M (30%)    
[1.903s][info][gc,heap     ] GC(2) Y: Young Generation Statistics:
[1.903s][info][gc,heap     ] GC(2) Y:                Mark Start          Mark End        Relocate Start      Relocate End    
[1.903s][info][gc,heap     ] GC(2) Y:      Used:       52M (20%)          54M (21%)          30M (12%)          28M (11%)    
[1.903s][info][gc,heap     ] GC(2) Y:      Live:         -                48M (19%)          24M (9%)           24M (9%)     
[1.903s][info][gc,heap     ] GC(2) Y:   Garbage:         -                 3M (2%)            3M (2%)            0M (0%)     
[1.903s][info][gc,heap     ] GC(2) Y: Allocated:         -                 2M (1%)            2M (1%)            3M (2%)     
[1.903s][info][gc,heap     ] GC(2) Y: Reclaimed:         -                  -                 0M (0%)            3M (2%)     
[1.903s][info][gc,heap     ] GC(2) Y:  Promoted:         -                  -                24M (9%)           24M (9%)     
[1.904s][info][gc,heap     ] GC(2) Y: Compacted:         -                  -                  -                 0M (0%)     
[1.904s][info][gc,phases   ] GC(2) Y: Young Generation 78M(30%)->80M(31%) 0.003s
[1.904s][info][gc,phases   ] GC(2) O: Old Generation
[1.908s][info][gc,phases   ] GC(2) O: Concurrent Mark 4.721ms
[1.908s][info][gc,phases   ] GC(2) O: Pause Mark End 0.012ms
[1.908s][info][gc,phases   ] GC(2) O: Concurrent Mark Free 0.001ms
[1.910s][info][gc,phases   ] GC(2) O: Concurrent Process Non-Strong 1.032ms
[1.910s][info][gc,phases   ] GC(2) O: Concurrent Reset Relocation Set 0.000ms
[1.910s][info][gc,phases   ] GC(2) O: Concurrent Select Relocation Set 0.222ms
[1.910s][info][gc,task     ] GC(2) O: Using 2 Workers for Old Generation
[1.910s][info][gc,task     ] GC(2) O: Using 1 Workers for Old Generation
[1.911s][info][gc,phases   ] GC(2) O: Concurrent Remap Roots 0.577ms
[1.911s][info][gc,phases   ] GC(2) O: Pause Relocate Start 0.010ms
[1.913s][info][gc,phases   ] GC(2) O: Concurrent Relocate 2.563ms
[1.913s][info][gc,alloc    ] GC(2) O:                         Mark Start        Mark End      Relocate Start    Relocate End   
[1.913s][info][gc,alloc    ] GC(2) O: Allocation Stalls:          0                0                0                0         
[1.913s][info][gc,load     ] GC(2) O: Load: 3.34 (42%) / 3.45 (43%) / 3.16 (39%)
[1.913s][info][gc,mmu      ] GC(2) O: MMU: 2ms/98.6%, 5ms/99.0%, 10ms/99.4%, 20ms/99.7%, 50ms/99.9%, 100ms/99.9%
[1.913s][info][gc,marking  ] GC(2) O: Mark: 1 stripe(s), 2 proactive flush(es), 1 terminate flush(es), 0 completion(s), 0 continuation(s) 
[1.913s][info][gc,nmethod  ] GC(2) O: NMethods: 271 registered, 8 unregistered
[1.913s][info][gc,metaspace] GC(2) O: Metaspace: 0M used, 0M committed, 1088M reserved
[1.913s][info][gc,ref      ] GC(2) O:                       Encountered   Discovered     Enqueued 
[1.913s][info][gc,ref      ] GC(2) O: Soft References:               61            0            0 
[1.913s][info][gc,ref      ] GC(2) O: Weak References:               96           64            9 
[1.913s][info][gc,ref      ] GC(2) O: Final References:               0            0            0 
[1.913s][info][gc,ref      ] GC(2) O: Phantom References:             1            1            0 
[1.913s][info][gc,reloc    ] GC(2) O:                        Candidates     Selected     In-Place         Size        Empty    Relocated 
[1.913s][info][gc,reloc    ] GC(2) O: Small Pages:                    2            1            0           4M           0M           1M 
[1.913s][info][gc,reloc    ] GC(2) O: Medium Pages:                   0            0            0           0M           0M           0M 
[1.913s][info][gc,reloc    ] GC(2) O: Large Pages:                   11            0            0          22M           0M           0M 
[1.913s][info][gc,reloc    ] GC(2) O: Forwarding Usage: 0M
[1.913s][info][gc,heap     ] GC(2) O: Min Capacity: 8M(3%)
[1.913s][info][gc,heap     ] GC(2) O: Max Capacity: 256M(100%)
[1.913s][info][gc,heap     ] GC(2) O: Soft Max Capacity: 256M(100%)
[1.913s][info][gc,heap     ] GC(2) O: Heap Statistics:
[1.913s][info][gc,heap     ] GC(2) O:                Mark Start          Mark End        Relocate Start      Relocate End           High               Low         
[1.914s][info][gc,heap     ] GC(2) O:  Capacity:      256M (100%)        256M (100%)        256M (100%)        256M (100%)        256M (100%)        256M (100%)   
[1.914s][info][gc,heap     ] GC(2) O:      Free:      178M (70%)         176M (69%)         176M (69%)         178M (70%)         178M (70%)         172M (67%)    
[1.914s][info][gc,heap     ] GC(2) O:      Used:       78M (30%)          80M (31%)          80M (31%)          78M (30%)          84M (33%)          78M (30%)    
[1.914s][info][gc,heap     ] GC(2) O: Old Generation Statistics:
[1.914s][info][gc,heap     ] GC(2) O:                Mark Start          Mark End        Relocate Start      Relocate End    
[1.914s][info][gc,heap     ] GC(2) O:      Used:       26M (10%)          52M (20%)          52M (20%)          50M (20%)    
[1.914s][info][gc,heap     ] GC(2) O:      Live:         -                23M (9%)           23M (9%)           23M (9%)     
[1.914s][info][gc,heap     ] GC(2) O:   Garbage:         -                 2M (1%)            2M (1%)            0M (0%)     
[1.914s][info][gc,heap     ] GC(2) O: Allocated:         -                26M (10%)          26M (10%)          26M (10%)    
[1.914s][info][gc,heap     ] GC(2) O: Reclaimed:         -                  -                 0M (0%)            2M (1%)     
[1.914s][info][gc,heap     ] GC(2) O: Compacted:         -                  -                  -                 1M (1%)     
[1.914s][info][gc,phases   ] GC(2) O: Old Generation 80M(31%)->78M(30%) 0.010s
[1.914s][info][gc          ] GC(2) Major Collection (Warmup) 78M(30%)->78M(30%) 0.014s
[3.503s][info][gc          ] GC(3) Major Collection (Proactive)
[3.503s][info][gc,task     ] GC(3) Using 1 Workers for Young Generation
[3.503s][info][gc,task     ] GC(3) Using 1 Workers for Old Generation
[3.503s][info][gc,phases   ] GC(3) Y: Young Generation
[3.504s][info][gc,phases   ] GC(3) Y: Pause Mark Start (Major) 0.022ms
[3.506s][info][gc,phases   ] GC(3) Y: Concurrent Mark 2.762ms
[3.507s][info][gc,phases   ] GC(3) Y: Pause Mark End 0.019ms
[3.507s][info][gc,phases   ] GC(3) Y: Concurrent Mark Free 0.001ms
[3.507s][info][gc,phases   ] GC(3) Y: Concurrent Reset Relocation Set 0.019ms
[3.507s][info][gc,reloc    ] GC(3) Y: Using tenuring threshold: 2 (Computed)
[3.507s][info][gc,phases   ] GC(3) Y: Concurrent Select Relocation Set 0.125ms
[3.507s][info][gc,phases   ] GC(3) Y: Pause Relocate Start 0.007ms
[3.507s][info][gc,phases   ] GC(3) Y: Concurrent Relocate 0.039ms
[3.507s][info][gc,alloc    ] GC(3) Y:                         Mark Start        Mark End      Relocate Start    Relocate End   
[3.507s][info][gc,alloc    ] GC(3) Y: Allocation Stalls:          0                0                0                0         
[3.507s][info][gc,load     ] GC(3) Y: Load: 3.34 (42%) / 3.45 (43%) / 3.16 (39%)
[3.507s][info][gc,mmu      ] GC(3) Y: MMU: 2ms/98.6%, 5ms/99.0%, 10ms/99.4%, 20ms/99.7%, 50ms/99.9%, 100ms/99.9%
[3.507s][info][gc,marking  ] GC(3) Y: Mark: 1 stripe(s), 1 proactive flush(es), 1 terminate flush(es), 0 completion(s), 0 continuation(s) 
[3.507s][info][gc,nmethod  ] GC(3) Y: NMethods: 304 registered, 8 unregistered
[3.507s][info][gc,metaspace] GC(3) Y: Metaspace: 0M used, 0M committed, 1088M reserved
[3.507s][info][gc,reloc    ] GC(3) Y:                        Candidates     Selected     In-Place         Size        Empty    Relocated 
[3.507s][info][gc,reloc    ] GC(3) Y: Small Pages:                    2            0            0           4M           2M           0M 
[3.507s][info][gc,reloc    ] GC(3) Y: Medium Pages:                   0            0            0           0M           0M           0M 
[3.507s][info][gc,reloc    ] GC(3) Y: Large Pages:                   41            0            0          82M           0M           0M 
[3.507s][info][gc,reloc    ] GC(3) Y: Forwarding Usage: 0M
[3.507s][info][gc,reloc    ] GC(3) Y: Age Table:
[3.507s][info][gc,reloc    ] GC(3) Y:                    Live             Garbage             Small              Medium             Large        
[3.507s][info][gc,reloc    ] GC(3) Y: Eden              58M (23%)           1M (1%)           1 / 0              0 / 0             29 / 0        
[3.507s][info][gc,reloc    ] GC(3) Y: Survivor 1        24M (9%)            2M (1%)           1 / 0              0 / 0             12 / 0        
[3.507s][info][gc,heap     ] GC(3) Y: Min Capacity: 8M(3%)
[3.507s][info][gc,heap     ] GC(3) Y: Max Capacity: 256M(100%)
[3.507s][info][gc,heap     ] GC(3) Y: Soft Max Capacity: 256M(100%)
[3.507s][info][gc,heap     ] GC(3) Y: Heap Statistics:
[3.507s][info][gc,heap     ] GC(3) Y:                Mark Start          Mark End        Relocate Start      Relocate End           High               Low         
[3.507s][info][gc,heap     ] GC(3) Y:  Capacity:      256M (100%)        256M (100%)        256M (100%)        256M (100%)        256M (100%)        256M (100%)   
[3.507s][info][gc,heap     ] GC(3) Y:      Free:      120M (47%)         120M (47%)         122M (48%)         122M (48%)         122M (48%)         120M (47%)    
[3.507s][info][gc,heap     ] GC(3) Y:      Used:      136M (53%)         136M (53%)         134M (52%)         134M (52%)         136M (53%)         134M (52%)    
[3.507s][info][gc,heap     ] GC(3) Y: Young Generation Statistics:
[3.507s][info][gc,heap     ] GC(3) Y:                Mark Start          Mark End        Relocate Start      Relocate End    
[3.507s][info][gc,heap     ] GC(3) Y:      Used:       86M (34%)          86M (34%)          84M (33%)          84M (33%)    
[3.507s][info][gc,heap     ] GC(3) Y:      Live:         -                82M (32%)          82M (32%)          82M (32%)    
[3.507s][info][gc,heap     ] GC(3) Y:   Garbage:         -                 3M (2%)            1M (1%)            1M (1%)     
[3.507s][info][gc,heap     ] GC(3) Y: Allocated:         -                 0M (0%)            0M (0%)            0M (0%)     
[3.507s][info][gc,heap     ] GC(3) Y: Reclaimed:         -                  -                 2M (1%)            2M (1%)     
[3.508s][info][gc,heap     ] GC(3) Y:  Promoted:         -                  -                 0M (0%)            0M (0%)     
[3.508s][info][gc,heap     ] GC(3) Y: Compacted:         -                  -                  -                 0M (0%)     
[3.508s][info][gc,phases   ] GC(3) Y: Young Generation 136M(53%)->134M(52%) 0.003s
[3.508s][info][gc,phases   ] GC(3) O: Old Generation
[3.514s][info][gc,phases   ] GC(3) O: Concurrent Mark 6.774ms
[3.514s][info][gc,phases   ] GC(3) O: Pause Mark End 0.010ms
[3.514s][info][gc,phases   ] GC(3) O: Concurrent Mark Free 0.000ms
[3.515s][info][gc,phases   ] GC(3) O: Concurrent Process Non-Strong 0.926ms
[3.515s][info][gc,phases   ] GC(3) O: Concurrent Reset Relocation Set 0.001ms
[3.515s][info][gc,phases   ] GC(3) O: Concurrent Select Relocation Set 0.045ms
[3.515s][info][gc,task     ] GC(3) O: Using 2 Workers for Old Generation
[3.516s][info][gc,task     ] GC(3) O: Using 1 Workers for Old Generation
[3.516s][info][gc,phases   ] GC(3) O: Concurrent Remap Roots 0.364ms
[3.516s][info][gc,phases   ] GC(3) O: Pause Relocate Start 0.005ms
[3.519s][info][gc,phases   ] GC(3) O: Concurrent Relocate 2.626ms
[3.519s][info][gc,alloc    ] GC(3) O:                         Mark Start        Mark End      Relocate Start    Relocate End   
[3.519s][info][gc,alloc    ] GC(3) O: Allocation Stalls:          0                0                0                0         
[3.519s][info][gc,load     ] GC(3) O: Load: 3.34 (42%) / 3.45 (43%) / 3.16 (39%)
[3.519s][info][gc,mmu      ] GC(3) O: MMU: 2ms/98.6%, 5ms/99.0%, 10ms/99.4%, 20ms/99.7%, 50ms/99.9%, 100ms/99.9%
[3.519s][info][gc,marking  ] GC(3) O: Mark: 1 stripe(s), 1 proactive flush(es), 1 terminate flush(es), 0 completion(s), 0 continuation(s) 
[3.519s][info][gc,nmethod  ] GC(3) O: NMethods: 304 registered, 8 unregistered
[3.519s][info][gc,metaspace] GC(3) O: Metaspace: 0M used, 0M committed, 1088M reserved
[3.519s][info][gc,ref      ] GC(3) O:                       Encountered   Discovered     Enqueued 
[3.519s][info][gc,ref      ] GC(3) O: Soft References:               61            0            0 
[3.519s][info][gc,ref      ] GC(3) O: Weak References:               87           55            0 
[3.519s][info][gc,ref      ] GC(3) O: Final References:               0            0            0 
[3.519s][info][gc,ref      ] GC(3) O: Phantom References:             1            1            0 
[3.519s][info][gc,reloc    ] GC(3) O:                        Candidates     Selected     In-Place         Size        Empty    Relocated 
[3.519s][info][gc,reloc    ] GC(3) O: Small Pages:                    2            1            0           4M           0M           1M 
[3.519s][info][gc,reloc    ] GC(3) O: Medium Pages:                   0            0            0           0M           0M           0M 
[3.519s][info][gc,reloc    ] GC(3) O: Large Pages:                   23            0            0          46M           0M           0M 
[3.519s][info][gc,reloc    ] GC(3) O: Forwarding Usage: 0M
[3.519s][info][gc,heap     ] GC(3) O: Min Capacity: 8M(3%)
[3.519s][info][gc,heap     ] GC(3) O: Max Capacity: 256M(100%)
[3.519s][info][gc,heap     ] GC(3) O: Soft Max Capacity: 256M(100%)
[3.519s][info][gc,heap     ] GC(3) O: Heap Statistics:
[3.519s][info][gc,heap     ] GC(3) O:                Mark Start          Mark End        Relocate Start      Relocate End           High               Low         
[3.519s][info][gc,heap     ] GC(3) O:  Capacity:      256M (100%)        256M (100%)        256M (100%)        256M (100%)        256M (100%)        256M (100%)   
[3.519s][info][gc,heap     ] GC(3) O:      Free:      120M (47%)         122M (48%)         122M (48%)         124M (48%)         124M (48%)         120M (47%)    
[3.519s][info][gc,heap     ] GC(3) O:      Used:      136M (53%)         134M (52%)         134M (52%)         132M (52%)         136M (53%)         132M (52%)    
[3.519s][info][gc,heap     ] GC(3) O: Old Generation Statistics:
[3.519s][info][gc,heap     ] GC(3) O:                Mark Start          Mark End        Relocate Start      Relocate End    
[3.519s][info][gc,heap     ] GC(3) O:      Used:       50M (20%)          50M (20%)          50M (20%)          48M (19%)    
[3.519s][info][gc,heap     ] GC(3) O:      Live:         -                47M (18%)          47M (18%)          47M (18%)    
[3.519s][info][gc,heap     ] GC(3) O:   Garbage:         -                 2M (1%)            2M (1%)            0M (0%)     
[3.519s][info][gc,heap     ] GC(3) O: Allocated:         -                 0M (0%)            0M (0%)            0M (0%)     
[3.519s][info][gc,heap     ] GC(3) O: Reclaimed:         -                  -                 0M (0%)            2M (1%)     
[3.519s][info][gc,heap     ] GC(3) O: Compacted:         -                  -                  -                 1M (1%)     
[3.519s][info][gc,phases   ] GC(3) O: Old Generation 134M(52%)->132M(52%) 0.011s
[3.519s][info][gc          ] GC(3) Major Collection (Proactive) 136M(53%)->132M(52%) 0.016s
[4.934s][info][gc          ] GC(4) Major Collection (Proactive)
[4.934s][info][gc,task     ] GC(4) Using 1 Workers for Young Generation
[4.934s][info][gc,task     ] GC(4) Using 1 Workers for Old Generation
[4.934s][info][gc,phases   ] GC(4) Y: Young Generation
[4.934s][info][gc,phases   ] GC(4) Y: Pause Mark Start (Major) 0.018ms
[4.937s][info][gc,phases   ] GC(4) Y: Concurrent Mark 2.245ms
[4.937s][info][gc,phases   ] GC(4) Y: Pause Mark End 0.012ms
[4.937s][info][gc,phases   ] GC(4) Y: Concurrent Mark Free 0.001ms
[4.937s][info][gc,phases   ] GC(4) Y: Concurrent Reset Relocation Set 0.001ms
[4.937s][info][gc,reloc    ] GC(4) Y: Using tenuring threshold: 1 (Computed)
[4.937s][info][gc,phases   ] GC(4) Y: Concurrent Select Relocation Set 0.625ms
[4.937s][info][gc,phases   ] GC(4) Y: Pause Relocate Start 0.006ms
[4.938s][info][gc,phases   ] GC(4) Y: Concurrent Relocate 0.114ms
[4.938s][info][gc,alloc    ] GC(4) Y:                         Mark Start        Mark End      Relocate Start    Relocate End   
[4.938s][info][gc,alloc    ] GC(4) Y: Allocation Stalls:          0                0                0                0         
[4.938s][info][gc,load     ] GC(4) Y: Load: 3.34 (42%) / 3.45 (43%) / 3.16 (39%)
[4.938s][info][gc,mmu      ] GC(4) Y: MMU: 2ms/98.6%, 5ms/99.0%, 10ms/99.4%, 20ms/99.7%, 50ms/99.9%, 100ms/99.9%
[4.938s][info][gc,marking  ] GC(4) Y: Mark: 1 stripe(s), 1 proactive flush(es), 1 terminate flush(es), 0 completion(s), 0 continuation(s) 
[4.938s][info][gc,nmethod  ] GC(4) Y: NMethods: 305 registered, 8 unregistered
[4.938s][info][gc,metaspace] GC(4) Y: Metaspace: 0M used, 0M committed, 1088M reserved
[4.938s][info][gc,reloc    ] GC(4) Y:                        Candidates     Selected     In-Place         Size        Empty    Relocated 
[4.938s][info][gc,reloc    ] GC(4) Y: Small Pages:                    2            1            0           4M           0M           0M 
[4.938s][info][gc,reloc    ] GC(4) Y: Medium Pages:                   0            0            0           0M           0M           0M 
[4.938s][info][gc,reloc    ] GC(4) Y: Large Pages:                   67            0            0         134M           0M           0M 
[4.938s][info][gc,reloc    ] GC(4) Y: Forwarding Usage: 0M
[4.938s][info][gc,reloc    ] GC(4) Y: Age Table:
[4.938s][info][gc,reloc    ] GC(4) Y:                    Live             Garbage             Small              Medium             Large        
[4.938s][info][gc,reloc    ] GC(4) Y: Eden              52M (20%)           1M (1%)           1 / 1              0 / 0             26 / 0        
[4.938s][info][gc,reloc    ] GC(4) Y: Survivor 1        58M (23%)           1M (1%)           1 / 0              0 / 0             29 / 0        
[4.938s][info][gc,reloc    ] GC(4) Y: Survivor 2        24M (9%)            0M (0%)           0 / 0              0 / 0             12 / 0        
[4.938s][info][gc,heap     ] GC(4) Y: Min Capacity: 8M(3%)
[4.938s][info][gc,heap     ] GC(4) Y: Max Capacity: 256M(100%)
[4.938s][info][gc,heap     ] GC(4) Y: Soft Max Capacity: 256M(100%)
[4.938s][info][gc,heap     ] GC(4) Y: Heap Statistics:
[4.938s][info][gc,heap     ] GC(4) Y:                Mark Start          Mark End        Relocate Start      Relocate End           High               Low         
[4.938s][info][gc,heap     ] GC(4) Y:  Capacity:      256M (100%)        256M (100%)        256M (100%)        256M (100%)        256M (100%)        256M (100%)   
[4.938s][info][gc,heap     ] GC(4) Y:      Free:       70M (27%)          70M (27%)          70M (27%)          70M (27%)          70M (27%)          68M (27%)    
[4.938s][info][gc,heap     ] GC(4) Y:      Used:      186M (73%)         186M (73%)         186M (73%)         186M (73%)         188M (73%)         186M (73%)    
[4.938s][info][gc,heap     ] GC(4) Y: Young Generation Statistics:
[4.938s][info][gc,heap     ] GC(4) Y:                Mark Start          Mark End        Relocate Start      Relocate End    
[4.938s][info][gc,heap     ] GC(4) Y:      Used:      138M (54%)         138M (54%)          56M (22%)          54M (21%)    
[4.938s][info][gc,heap     ] GC(4) Y:      Live:         -               134M (52%)          52M (20%)          52M (20%)    
[4.938s][info][gc,heap     ] GC(4) Y:   Garbage:         -                 3M (2%)            3M (2%)            0M (0%)     
[4.938s][info][gc,heap     ] GC(4) Y: Allocated:         -                 0M (0%)            0M (0%)            1M (1%)     
[4.938s][info][gc,heap     ] GC(4) Y: Reclaimed:         -                  -                 0M (0%)            3M (2%)     
[4.938s][info][gc,heap     ] GC(4) Y:  Promoted:         -                  -                82M (32%)          82M (32%)    
[4.938s][info][gc,heap     ] GC(4) Y: Compacted:         -                  -                  -                 0M (0%)     
[4.938s][info][gc,phases   ] GC(4) Y: Young Generation 186M(73%)->186M(73%) 0.003s
[4.938s][info][gc,phases   ] GC(4) O: Old Generation
[4.945s][info][gc,phases   ] GC(4) O: Concurrent Mark 6.505ms
[4.945s][info][gc,phases   ] GC(4) O: Pause Mark End 0.015ms
[4.945s][info][gc,phases   ] GC(4) O: Concurrent Mark Free 0.002ms
[4.946s][info][gc,phases   ] GC(4) O: Concurrent Process Non-Strong 0.779ms
[4.946s][info][gc,phases   ] GC(4) O: Concurrent Reset Relocation Set 0.001ms
[4.946s][info][gc,phases   ] GC(4) O: Concurrent Select Relocation Set 0.036ms
[4.946s][info][gc,task     ] GC(4) O: Using 2 Workers for Old Generation
[4.946s][info][gc,task     ] GC(4) O: Using 1 Workers for Old Generation
[4.946s][info][gc,phases   ] GC(4) O: Concurrent Remap Roots 0.361ms
[4.946s][info][gc,phases   ] GC(4) O: Pause Relocate Start 0.006ms
[4.946s][info][gc,phases   ] GC(4) O: Concurrent Relocate 0.022ms
[4.946s][info][gc,alloc    ] GC(4) O:                         Mark Start        Mark End      Relocate Start    Relocate End   
[4.946s][info][gc,alloc    ] GC(4) O: Allocation Stalls:          0                0                0                0         
[4.946s][info][gc,load     ] GC(4) O: Load: 3.34 (42%) / 3.45 (43%) / 3.16 (39%)
[4.946s][info][gc,mmu      ] GC(4) O: MMU: 2ms/98.6%, 5ms/99.0%, 10ms/99.4%, 20ms/99.7%, 50ms/99.9%, 100ms/99.9%
[4.946s][info][gc,marking  ] GC(4) O: Mark: 1 stripe(s), 1 proactive flush(es), 1 terminate flush(es), 0 completion(s), 0 continuation(s) 
[4.946s][info][gc,nmethod  ] GC(4) O: NMethods: 305 registered, 8 unregistered
[4.946s][info][gc,metaspace] GC(4) O: Metaspace: 0M used, 0M committed, 1088M reserved
[4.946s][info][gc,ref      ] GC(4) O:                       Encountered   Discovered     Enqueued 
[4.946s][info][gc,ref      ] GC(4) O: Soft References:               61            0            0 
[4.946s][info][gc,ref      ] GC(4) O: Weak References:               87           55            0 
[4.946s][info][gc,ref      ] GC(4) O: Final References:               0            0            0 
[4.946s][info][gc,ref      ] GC(4) O: Phantom References:             1            1            0 
[4.946s][info][gc,reloc    ] GC(4) O:                        Candidates     Selected     In-Place         Size        Empty    Relocated 
[4.946s][info][gc,reloc    ] GC(4) O: Small Pages:                    1            0            0           2M           0M           0M 
[4.946s][info][gc,reloc    ] GC(4) O: Medium Pages:                   0            0            0           0M           0M           0M 
[4.946s][info][gc,reloc    ] GC(4) O: Large Pages:                   23            0            0          46M           0M           0M 
[4.946s][info][gc,reloc    ] GC(4) O: Forwarding Usage: 0M
[4.946s][info][gc,heap     ] GC(4) O: Min Capacity: 8M(3%)
[4.946s][info][gc,heap     ] GC(4) O: Max Capacity: 256M(100%)
[4.946s][info][gc,heap     ] GC(4) O: Soft Max Capacity: 256M(100%)
[4.946s][info][gc,heap     ] GC(4) O: Heap Statistics:
[4.946s][info][gc,heap     ] GC(4) O:                Mark Start          Mark End        Relocate Start      Relocate End           High               Low         
[4.946s][info][gc,heap     ] GC(4) O:  Capacity:      256M (100%)        256M (100%)        256M (100%)        256M (100%)        256M (100%)        256M (100%)   
[4.947s][info][gc,heap     ] GC(4) O:      Free:       70M (27%)          68M (27%)          66M (26%)          66M (26%)          70M (27%)          66M (26%)    
[4.947s][info][gc,heap     ] GC(4) O:      Used:      186M (73%)         188M (73%)         190M (74%)         190M (74%)         190M (74%)         186M (73%)    
[4.947s][info][gc,heap     ] GC(4) O: Old Generation Statistics:
[4.947s][info][gc,heap     ] GC(4) O:                Mark Start          Mark End        Relocate Start      Relocate End    
[4.947s][info][gc,heap     ] GC(4) O:      Used:       48M (19%)         132M (52%)         132M (52%)         132M (52%)    
[4.947s][info][gc,heap     ] GC(4) O:      Live:         -                47M (18%)          47M (18%)          47M (18%)    
[4.947s][info][gc,heap     ] GC(4) O:   Garbage:         -                 0M (0%)            0M (0%)            0M (0%)     
[4.947s][info][gc,heap     ] GC(4) O: Allocated:         -                84M (33%)          84M (33%)          84M (33%)    
[4.947s][info][gc,heap     ] GC(4) O: Reclaimed:         -                  -                 0M (0%)            0M (0%)     
[4.947s][info][gc,heap     ] GC(4) O: Compacted:         -                  -                  -                 0M (0%)     
[4.947s][info][gc,phases   ] GC(4) O: Old Generation 186M(73%)->190M(74%) 0.008s
[4.947s][info][gc          ] GC(4) Major Collection (Proactive) 186M(73%)->190M(74%) 0.013s
[6.011s][info][gc          ] GC(5) Major Collection (Proactive)
[6.012s][info][gc,task     ] GC(5) Using 1 Workers for Young Generation
[6.012s][info][gc,task     ] GC(5) Using 1 Workers for Old Generation
[6.012s][info][gc,phases   ] GC(5) Y: Young Generation
[6.013s][info][gc,phases   ] GC(5) Y: Pause Mark Start (Major) 0.020ms
[6.015s][info][gc,phases   ] GC(5) Y: Concurrent Mark 2.202ms
[6.015s][info][gc,phases   ] GC(5) Y: Pause Mark End 0.016ms
[6.015s][info][gc,phases   ] GC(5) Y: Concurrent Mark Free 0.001ms
[6.015s][info][gc,phases   ] GC(5) Y: Concurrent Reset Relocation Set 0.025ms
[6.015s][info][gc,reloc    ] GC(5) Y: Using tenuring threshold: 1 (Computed)
[6.016s][info][gc,phases   ] GC(5) Y: Concurrent Select Relocation Set 0.397ms
[6.016s][info][gc,phases   ] GC(5) Y: Pause Relocate Start 0.006ms
[6.016s][info][gc,phases   ] GC(5) Y: Concurrent Relocate 0.048ms
[6.016s][info][gc,alloc    ] GC(5) Y:                         Mark Start        Mark End      Relocate Start    Relocate End   
[6.016s][info][gc,alloc    ] GC(5) Y: Allocation Stalls:          0                0                0                0         
[6.016s][info][gc,load     ] GC(5) Y: Load: 3.15 (39%) / 3.41 (43%) / 3.14 (39%)
[6.016s][info][gc,mmu      ] GC(5) Y: MMU: 2ms/98.6%, 5ms/99.0%, 10ms/99.4%, 20ms/99.7%, 50ms/99.9%, 100ms/99.9%
[6.016s][info][gc,marking  ] GC(5) Y: Mark: 1 stripe(s), 1 proactive flush(es), 1 terminate flush(es), 0 completion(s), 0 continuation(s) 
[6.016s][info][gc,nmethod  ] GC(5) Y: NMethods: 306 registered, 8 unregistered
[6.016s][info][gc,metaspace] GC(5) Y: Metaspace: 0M used, 0M committed, 1088M reserved
[6.016s][info][gc,reloc    ] GC(5) Y:                        Candidates     Selected     In-Place         Size        Empty    Relocated 
[6.016s][info][gc,reloc    ] GC(5) Y: Small Pages:                    2            0            0           4M           2M           0M 
[6.016s][info][gc,reloc    ] GC(5) Y: Medium Pages:                   0            0            0           0M           0M           0M 
[6.016s][info][gc,reloc    ] GC(5) Y: Large Pages:                   46            0            0          92M           0M           0M 
[6.016s][info][gc,reloc    ] GC(5) Y: Forwarding Usage: 0M
[6.016s][info][gc,reloc    ] GC(5) Y: Age Table:
[6.016s][info][gc,reloc    ] GC(5) Y:                    Live             Garbage             Small              Medium             Large        
[6.016s][info][gc,reloc    ] GC(5) Y: Eden              40M (16%)           1M (1%)           1 / 0              0 / 0             20 / 0        
[6.016s][info][gc,reloc    ] GC(5) Y: Survivor 1        52M (20%)           2M (1%)           1 / 0              0 / 0             26 / 0        
[6.016s][info][gc,heap     ] GC(5) Y: Min Capacity: 8M(3%)
[6.016s][info][gc,heap     ] GC(5) Y: Max Capacity: 256M(100%)
[6.016s][info][gc,heap     ] GC(5) Y: Soft Max Capacity: 256M(100%)
[6.016s][info][gc,heap     ] GC(5) Y: Heap Statistics:
[6.016s][info][gc,heap     ] GC(5) Y:                Mark Start          Mark End        Relocate Start      Relocate End           High               Low         
[6.016s][info][gc,heap     ] GC(5) Y:  Capacity:      256M (100%)        256M (100%)        256M (100%)        256M (100%)        256M (100%)        256M (100%)   
[6.016s][info][gc,heap     ] GC(5) Y:      Free:       28M (11%)          28M (11%)          30M (12%)          30M (12%)          30M (12%)          28M (11%)    
[6.016s][info][gc,heap     ] GC(5) Y:      Used:      228M (89%)         228M (89%)         226M (88%)         226M (88%)         228M (89%)         226M (88%)    
[6.016s][info][gc,heap     ] GC(5) Y: Young Generation Statistics:
[6.016s][info][gc,heap     ] GC(5) Y:                Mark Start          Mark End        Relocate Start      Relocate End    
[6.016s][info][gc,heap     ] GC(5) Y:      Used:       96M (38%)          96M (38%)          42M (16%)          42M (16%)    
[6.016s][info][gc,heap     ] GC(5) Y:      Live:         -                92M (36%)          40M (16%)          40M (16%)    
[6.016s][info][gc,heap     ] GC(5) Y:   Garbage:         -                 3M (2%)            1M (1%)            1M (1%)     
[6.016s][info][gc,heap     ] GC(5) Y: Allocated:         -                 0M (0%)            0M (0%)            0M (0%)     
[6.016s][info][gc,heap     ] GC(5) Y: Reclaimed:         -                  -                 2M (1%)            2M (1%)     
[6.016s][info][gc,heap     ] GC(5) Y:  Promoted:         -                  -                52M (20%)          52M (20%)    
[6.016s][info][gc,heap     ] GC(5) Y: Compacted:         -                  -                  -                 0M (0%)     
[6.016s][info][gc,phases   ] GC(5) Y: Young Generation 228M(89%)->226M(88%) 0.004s
[6.016s][info][gc,phases   ] GC(5) O: Old Generation
[6.021s][info][gc,phases   ] GC(5) O: Concurrent Mark 4.454ms
[6.021s][info][gc,phases   ] GC(5) O: Pause Mark End 0.014ms
[6.021s][info][gc,phases   ] GC(5) O: Concurrent Mark Free 0.001ms
[6.022s][info][gc,phases   ] GC(5) O: Concurrent Process Non-Strong 0.939ms
[6.022s][info][gc,phases   ] GC(5) O: Concurrent Reset Relocation Set 0.000ms
[6.022s][info][gc,phases   ] GC(5) O: Concurrent Select Relocation Set 0.118ms
[6.022s][info][gc,task     ] GC(5) O: Using 2 Workers for Old Generation
[6.023s][info][gc,task     ] GC(5) O: Using 1 Workers for Old Generation
[6.023s][info][gc,phases   ] GC(5) O: Concurrent Remap Roots 0.479ms
[6.023s][info][gc,phases   ] GC(5) O: Pause Relocate Start 0.005ms
[6.025s][info][gc,phases   ] GC(5) O: Concurrent Relocate 2.409ms
[6.025s][info][gc,alloc    ] GC(5) O:                         Mark Start        Mark End      Relocate Start    Relocate End   
[6.025s][info][gc,alloc    ] GC(5) O: Allocation Stalls:          0                0                0                0         
[6.025s][info][gc,load     ] GC(5) O: Load: 3.15 (39%) / 3.41 (43%) / 3.14 (39%)
[6.025s][info][gc,mmu      ] GC(5) O: MMU: 2ms/98.6%, 5ms/99.0%, 10ms/99.4%, 20ms/99.7%, 50ms/99.9%, 100ms/99.9%
[6.025s][info][gc,marking  ] GC(5) O: Mark: 1 stripe(s), 1 proactive flush(es), 1 terminate flush(es), 0 completion(s), 0 continuation(s) 
[6.025s][info][gc,nmethod  ] GC(5) O: NMethods: 305 registered, 9 unregistered
[6.025s][info][gc,metaspace] GC(5) O: Metaspace: 0M used, 0M committed, 1088M reserved
[6.025s][info][gc,ref      ] GC(5) O:                       Encountered   Discovered     Enqueued 
[6.025s][info][gc,ref      ] GC(5) O: Soft References:               61            0            0 
[6.025s][info][gc,ref      ] GC(5) O: Weak References:               87           55            0 
[6.025s][info][gc,ref      ] GC(5) O: Final References:               0            0            0 
[6.025s][info][gc,ref      ] GC(5) O: Phantom References:             1            1            0 
[6.025s][info][gc,reloc    ] GC(5) O:                        Candidates     Selected     In-Place         Size        Empty    Relocated 
[6.025s][info][gc,reloc    ] GC(5) O: Small Pages:                    2            1            0           4M           0M           1M 
[6.025s][info][gc,reloc    ] GC(5) O: Medium Pages:                   0            0            0           0M           0M           0M 
[6.025s][info][gc,reloc    ] GC(5) O: Large Pages:                   64            0            0         128M           0M           0M 
[6.025s][info][gc,reloc    ] GC(5) O: Forwarding Usage: 0M
[6.025s][info][gc,heap     ] GC(5) O: Min Capacity: 8M(3%)
[6.025s][info][gc,heap     ] GC(5) O: Max Capacity: 256M(100%)
[6.025s][info][gc,heap     ] GC(5) O: Soft Max Capacity: 256M(100%)
[6.025s][info][gc,heap     ] GC(5) O: Heap Statistics:
[6.025s][info][gc,heap     ] GC(5) O:                Mark Start          Mark End        Relocate Start      Relocate End           High               Low         
[6.025s][info][gc,heap     ] GC(5) O:  Capacity:      256M (100%)        256M (100%)        256M (100%)        256M (100%)        256M (100%)        256M (100%)   
[6.025s][info][gc,heap     ] GC(5) O:      Free:       28M (11%)          30M (12%)          30M (12%)          32M (12%)          32M (12%)          28M (11%)    
[6.025s][info][gc,heap     ] GC(5) O:      Used:      228M (89%)         226M (88%)         226M (88%)         224M (88%)         228M (89%)         224M (88%)    
[6.025s][info][gc,heap     ] GC(5) O: Old Generation Statistics:
[6.026s][info][gc,heap     ] GC(5) O:                Mark Start          Mark End        Relocate Start      Relocate End    
[6.026s][info][gc,heap     ] GC(5) O:      Used:      132M (52%)         184M (72%)         184M (72%)         182M (71%)    
[6.026s][info][gc,heap     ] GC(5) O:      Live:         -               129M (51%)         129M (51%)         129M (51%)    
[6.026s][info][gc,heap     ] GC(5) O:   Garbage:         -                 2M (1%)            2M (1%)            0M (0%)     
[6.026s][info][gc,heap     ] GC(5) O: Allocated:         -                52M (20%)          52M (20%)          52M (21%)    
[6.026s][info][gc,heap     ] GC(5) O: Reclaimed:         -                  -                 0M (0%)            2M (1%)     
[6.026s][info][gc,heap     ] GC(5) O: Compacted:         -                  -                  -                 1M (1%)     
[6.026s][info][gc,phases   ] GC(5) O: Old Generation 226M(88%)->224M(88%) 0.009s
[6.026s][info][gc          ] GC(5) Major Collection (Proactive) 228M(89%)->224M(88%) 0.014s
[6.138s][info][gc          ] GC(6) Minor Collection (High Usage)
[6.138s][info][gc,task     ] GC(6) Using 1 Workers for Young Generation
[6.138s][info][gc,phases   ] GC(6) y: Young Generation
[6.138s][info][gc,phases   ] GC(6) y: Pause Mark Start 0.024ms
[6.141s][info][gc,phases   ] GC(6) y: Concurrent Mark 3.257ms
[6.142s][info][gc,phases   ] GC(6) y: Pause Mark End 0.022ms
[6.142s][info][gc,phases   ] GC(6) y: Concurrent Mark Free 0.001ms
[6.142s][info][gc,phases   ] GC(6) y: Concurrent Reset Relocation Set 0.031ms
[6.142s][info][gc,reloc    ] GC(6) y: Using tenuring threshold: 1 (Computed)
[6.142s][info][gc,phases   ] GC(6) y: Concurrent Select Relocation Set 0.522ms
[6.142s][info][gc,phases   ] GC(6) y: Pause Relocate Start 0.005ms
[6.142s][info][gc,phases   ] GC(6) y: Concurrent Relocate 0.063ms
[6.142s][info][gc,alloc    ] GC(6) y:                         Mark Start        Mark End      Relocate Start    Relocate End   
[6.142s][info][gc,alloc    ] GC(6) y: Allocation Stalls:          0                0                0                0         
[6.142s][info][gc,load     ] GC(6) y: Load: 3.15 (39%) / 3.41 (43%) / 3.14 (39%)
[6.142s][info][gc,mmu      ] GC(6) y: MMU: 2ms/98.6%, 5ms/99.0%, 10ms/99.4%, 20ms/99.7%, 50ms/99.9%, 100ms/99.9%
[6.143s][info][gc,marking  ] GC(6) y: Mark: 1 stripe(s), 2 proactive flush(es), 1 terminate flush(es), 0 completion(s), 0 continuation(s) 
[6.143s][info][gc,nmethod  ] GC(6) y: NMethods: 306 registered, 9 unregistered
[6.143s][info][gc,metaspace] GC(6) y: Metaspace: 0M used, 0M committed, 1088M reserved
[6.143s][info][gc,reloc    ] GC(6) y:                        Candidates     Selected     In-Place         Size        Empty    Relocated 
[6.143s][info][gc,reloc    ] GC(6) y: Small Pages:                    2            0            0           4M           2M           0M 
[6.143s][info][gc,reloc    ] GC(6) y: Medium Pages:                   0            0            0           0M           0M           0M 
[6.143s][info][gc,reloc    ] GC(6) y: Large Pages:                   23            0            0          46M           0M           0M 
[6.143s][info][gc,reloc    ] GC(6) y: Forwarding Usage: 0M
[6.143s][info][gc,reloc    ] GC(6) y: Age Table:
[6.143s][info][gc,reloc    ] GC(6) y:                    Live             Garbage             Small              Medium             Large        
[6.143s][info][gc,reloc    ] GC(6) y: Eden               6M (2%)            2M (1%)           1 / 0              0 / 0              3 / 0        
[6.143s][info][gc,reloc    ] GC(6) y: Survivor 1        40M (16%)           1M (1%)           1 / 0              0 / 0             20 / 0        
[6.143s][info][gc,heap     ] GC(6) y: Min Capacity: 8M(3%)
[6.143s][info][gc,heap     ] GC(6) y: Max Capacity: 256M(100%)
[6.143s][info][gc,heap     ] GC(6) y: Soft Max Capacity: 256M(100%)
[6.143s][info][gc,heap     ] GC(6) y: Heap Statistics:
[6.143s][info][gc,heap     ] GC(6) y:                Mark Start          Mark End        Relocate Start      Relocate End           High               Low         
[6.143s][info][gc,heap     ] GC(6) y:  Capacity:      256M (100%)        256M (100%)        256M (100%)        256M (100%)        256M (100%)        256M (100%)   
[6.143s][info][gc,heap     ] GC(6) y:      Free:       24M (9%)           22M (9%)           24M (9%)           24M (9%)           24M (9%)           22M (9%)     
[6.143s][info][gc,heap     ] GC(6) y:      Used:      232M (91%)         234M (91%)         232M (91%)         232M (91%)         234M (91%)         232M (91%)    
[6.143s][info][gc,heap     ] GC(6) y: Young Generation Statistics:
[6.143s][info][gc,heap     ] GC(6) y:                Mark Start          Mark End        Relocate Start      Relocate End    
[6.143s][info][gc,heap     ] GC(6) y:      Used:       50M (20%)          52M (20%)           8M (3%)            8M (3%)     
[6.143s][info][gc,heap     ] GC(6) y:      Live:         -                46M (18%)           6M (2%)            6M (2%)     
[6.143s][info][gc,heap     ] GC(6) y:   Garbage:         -                 3M (2%)            0M (0%)            0M (0%)     
[6.143s][info][gc,heap     ] GC(6) y: Allocated:         -                 2M (1%)            2M (1%)            2M (1%)     
[6.143s][info][gc,heap     ] GC(6) y: Reclaimed:         -                  -                 3M (2%)            3M (2%)     
[6.143s][info][gc,heap     ] GC(6) y:  Promoted:         -                  -                40M (16%)          40M (16%)    
[6.143s][info][gc,heap     ] GC(6) y: Compacted:         -                  -                  -                 0M (0%)     
[6.143s][info][gc,phases   ] GC(6) y: Young Generation 232M(91%)->232M(91%) 0.005s
[6.143s][info][gc          ] GC(6) Minor Collection (High Usage) 232M(91%)->232M(91%) 0.005s
[6.306s][info][gc          ] GC(7) Major Collection (Allocation Rate)
[6.306s][info][gc,task     ] GC(7) Using 1 Workers for Young Generation
[6.306s][info][gc,task     ] GC(7) Using 1 Workers for Old Generation
[6.306s][info][gc,phases   ] GC(7) Y: Young Generation
[6.306s][info][gc,phases   ] GC(7) Y: Pause Mark Start (Major) 0.021ms
[6.308s][info][gc,phases   ] GC(7) Y: Concurrent Mark 1.855ms
[6.308s][info][gc,phases   ] GC(7) Y: Pause Mark End 0.012ms
[6.308s][info][gc,phases   ] GC(7) Y: Concurrent Mark Free 0.001ms
[6.308s][info][gc,phases   ] GC(7) Y: Concurrent Reset Relocation Set 0.017ms
[6.308s][info][gc,reloc    ] GC(7) Y: Using tenuring threshold: 1 (Computed)
[6.308s][info][gc,phases   ] GC(7) Y: Concurrent Select Relocation Set 0.157ms
[6.308s][info][gc,phases   ] GC(7) Y: Pause Relocate Start 0.003ms
[6.308s][info][gc,phases   ] GC(7) Y: Concurrent Relocate 0.030ms
[6.308s][info][gc,alloc    ] GC(7) Y:                         Mark Start        Mark End      Relocate Start    Relocate End   
[6.308s][info][gc,alloc    ] GC(7) Y: Allocation Stalls:          0                0                0                0         
[6.308s][info][gc,load     ] GC(7) Y: Load: 3.15 (39%) / 3.41 (43%) / 3.14 (39%)
[6.308s][info][gc,mmu      ] GC(7) Y: MMU: 2ms/98.6%, 5ms/99.0%, 10ms/99.4%, 20ms/99.7%, 50ms/99.9%, 100ms/99.9%
[6.308s][info][gc,marking  ] GC(7) Y: Mark: 1 stripe(s), 2 proactive flush(es), 1 terminate flush(es), 0 completion(s), 0 continuation(s) 
[6.308s][info][gc,nmethod  ] GC(7) Y: NMethods: 306 registered, 9 unregistered
[6.308s][info][gc,metaspace] GC(7) Y: Metaspace: 0M used, 0M committed, 1088M reserved
[6.308s][info][gc,reloc    ] GC(7) Y:                        Candidates     Selected     In-Place         Size        Empty    Relocated 
[6.308s][info][gc,reloc    ] GC(7) Y: Small Pages:                    1            0            0           2M           2M           0M 
[6.308s][info][gc,reloc    ] GC(7) Y: Medium Pages:                   0            0            0           0M           0M           0M 
[6.308s][info][gc,reloc    ] GC(7) Y: Large Pages:                    6            0            0          12M           0M           0M 
[6.308s][info][gc,reloc    ] GC(7) Y: Forwarding Usage: 0M
[6.308s][info][gc,reloc    ] GC(7) Y: Age Table:
[6.308s][info][gc,reloc    ] GC(7) Y:                    Live             Garbage             Small              Medium             Large        
[6.308s][info][gc,reloc    ] GC(7) Y: Eden               6M (2%)            2M (1%)           1 / 0              0 / 0              3 / 0        
[6.308s][info][gc,reloc    ] GC(7) Y: Survivor 1         6M (2%)            0M (0%)           0 / 0              0 / 0              3 / 0        
[6.308s][info][gc,heap     ] GC(7) Y: Min Capacity: 8M(3%)
[6.308s][info][gc,heap     ] GC(7) Y: Max Capacity: 256M(100%)
[6.309s][info][gc,heap     ] GC(7) Y: Soft Max Capacity: 256M(100%)
[6.309s][info][gc,heap     ] GC(7) Y: Heap Statistics:
[6.309s][info][gc,heap     ] GC(7) Y:                Mark Start          Mark End        Relocate Start      Relocate End           High               Low         
[6.309s][info][gc,heap     ] GC(7) Y:  Capacity:      256M (100%)        256M (100%)        256M (100%)        256M (100%)        256M (100%)        256M (100%)   
[6.309s][info][gc,heap     ] GC(7) Y:      Free:       18M (7%)           16M (6%)           18M (7%)           18M (7%)           18M (7%)           16M (6%)     
[6.309s][info][gc,heap     ] GC(7) Y:      Used:      238M (93%)         240M (94%)         238M (93%)         238M (93%)         240M (94%)         238M (93%)    
[6.309s][info][gc,heap     ] GC(7) Y: Young Generation Statistics:
[6.309s][info][gc,heap     ] GC(7) Y:                Mark Start          Mark End        Relocate Start      Relocate End    
[6.309s][info][gc,heap     ] GC(7) Y:      Used:       14M (5%)           16M (6%)            8M (3%)            8M (3%)     
[6.309s][info][gc,heap     ] GC(7) Y:      Live:         -                12M (5%)            6M (2%)            6M (2%)     
[6.309s][info][gc,heap     ] GC(7) Y:   Garbage:         -                 2M (1%)            0M (0%)            0M (0%)     
[6.309s][info][gc,heap     ] GC(7) Y: Allocated:         -                 2M (1%)            2M (1%)            2M (1%)     
[6.309s][info][gc,heap     ] GC(7) Y: Reclaimed:         -                  -                 2M (1%)            2M (1%)     
[6.309s][info][gc,heap     ] GC(7) Y:  Promoted:         -                  -                 6M (2%)            6M (2%)     
[6.309s][info][gc,heap     ] GC(7) Y: Compacted:         -                  -                  -                 0M (0%)     
[6.309s][info][gc,phases   ] GC(7) Y: Young Generation 238M(93%)->238M(93%) 0.002s
[6.309s][info][gc,phases   ] GC(7) O: Old Generation
[6.315s][info][gc,phases   ] GC(7) O: Concurrent Mark 6.522ms
[6.315s][info][gc,phases   ] GC(7) O: Pause Mark End 0.013ms
[6.315s][info][gc,phases   ] GC(7) O: Concurrent Mark Free 0.002ms
[6.316s][info][gc,phases   ] GC(7) O: Concurrent Process Non-Strong 1.081ms
[6.316s][info][gc,phases   ] GC(7) O: Concurrent Reset Relocation Set 0.001ms
[6.317s][info][gc,phases   ] GC(7) O: Concurrent Select Relocation Set 0.054ms
[6.317s][info][gc,task     ] GC(7) O: Using 2 Workers for Old Generation
[6.317s][info][gc,task     ] GC(7) O: Using 1 Workers for Old Generation
[6.317s][info][gc,phases   ] GC(7) O: Concurrent Remap Roots 0.634ms
[6.317s][info][gc,phases   ] GC(7) O: Pause Relocate Start 0.006ms
[6.320s][info][gc,phases   ] GC(7) O: Concurrent Relocate 2.432ms
[6.320s][info][gc,alloc    ] GC(7) O:                         Mark Start        Mark End      Relocate Start    Relocate End   
[6.320s][info][gc,alloc    ] GC(7) O: Allocation Stalls:          0                0                0                0         
[6.320s][info][gc,load     ] GC(7) O: Load: 3.15 (39%) / 3.41 (43%) / 3.14 (39%)
[6.320s][info][gc,mmu      ] GC(7) O: MMU: 2ms/98.6%, 5ms/99.0%, 10ms/99.4%, 20ms/99.7%, 50ms/99.9%, 100ms/99.9%
[6.320s][info][gc,marking  ] GC(7) O: Mark: 1 stripe(s), 2 proactive flush(es), 1 terminate flush(es), 0 completion(s), 0 continuation(s) 
[6.320s][info][gc,nmethod  ] GC(7) O: NMethods: 305 registered, 10 unregistered
[6.320s][info][gc,metaspace] GC(7) O: Metaspace: 0M used, 0M committed, 1088M reserved
[6.320s][info][gc,ref      ] GC(7) O:                       Encountered   Discovered     Enqueued 
[6.320s][info][gc,ref      ] GC(7) O: Soft References:               61            0            0 
[6.320s][info][gc,ref      ] GC(7) O: Weak References:               87           55            0 
[6.320s][info][gc,ref      ] GC(7) O: Final References:               0            0            0 
[6.320s][info][gc,ref      ] GC(7) O: Phantom References:             1            1            0 
[6.320s][info][gc,reloc    ] GC(7) O:                        Candidates     Selected     In-Place         Size        Empty    Relocated 
[6.320s][info][gc,reloc    ] GC(7) O: Small Pages:                    2            1            0           4M           0M           1M 
[6.320s][info][gc,reloc    ] GC(7) O: Medium Pages:                   0            0            0           0M           0M           0M 
[6.320s][info][gc,reloc    ] GC(7) O: Large Pages:                  110            0            0         220M           0M           0M 
[6.320s][info][gc,reloc    ] GC(7) O: Forwarding Usage: 0M
[6.320s][info][gc,heap     ] GC(7) O: Min Capacity: 8M(3%)
[6.320s][info][gc,heap     ] GC(7) O: Max Capacity: 256M(100%)
[6.320s][info][gc,heap     ] GC(7) O: Soft Max Capacity: 256M(100%)
[6.320s][info][gc,heap     ] GC(7) O: Heap Statistics:
[6.320s][info][gc,heap     ] GC(7) O:                Mark Start          Mark End        Relocate Start      Relocate End           High               Low         
[6.320s][info][gc,heap     ] GC(7) O:  Capacity:      256M (100%)        256M (100%)        256M (100%)        256M (100%)        256M (100%)        256M (100%)   
[6.320s][info][gc,heap     ] GC(7) O:      Free:       18M (7%)           18M (7%)           18M (7%)           20M (8%)           20M (8%)           16M (6%)     
[6.320s][info][gc,heap     ] GC(7) O:      Used:      238M (93%)         238M (93%)         238M (93%)         236M (92%)         240M (94%)         236M (92%)    
[6.320s][info][gc,heap     ] GC(7) O: Old Generation Statistics:
[6.320s][info][gc,heap     ] GC(7) O:                Mark Start          Mark End        Relocate Start      Relocate End    
[6.320s][info][gc,heap     ] GC(7) O:      Used:      224M (88%)         230M (90%)         230M (90%)         228M (89%)    
[6.320s][info][gc,heap     ] GC(7) O:      Live:         -               221M (86%)         221M (86%)         221M (86%)    
[6.320s][info][gc,heap     ] GC(7) O:   Garbage:         -                 2M (1%)            2M (1%)            0M (0%)     
[6.320s][info][gc,heap     ] GC(7) O: Allocated:         -                 6M (2%)            6M (2%)            6M (3%)     
[6.320s][info][gc,heap     ] GC(7) O: Reclaimed:         -                  -                 0M (0%)            2M (1%)     
[6.320s][info][gc,heap     ] GC(7) O: Compacted:         -                  -                  -                 1M (1%)     
[6.320s][info][gc,phases   ] GC(7) O: Old Generation 238M(93%)->236M(92%) 0.011s
[6.320s][info][gc          ] GC(7) Major Collection (Allocation Rate) 238M(93%)->236M(92%) 0.015s
[6.468s][info][gc          ] GC(8) Minor Collection (High Usage)
[6.468s][info][gc,task     ] GC(8) Using 1 Workers for Young Generation
[6.468s][info][gc,phases   ] GC(8) y: Young Generation
[6.469s][info][gc,phases   ] GC(8) y: Pause Mark Start 0.021ms
[6.469s][info][gc,task     ] Adjusting Workers for Young Generation: 1 -> 2
[6.472s][info][gc,phases   ] GC(8) y: Concurrent Mark 3.778ms
[6.472s][info][gc,phases   ] GC(8) y: Pause Mark End 0.021ms
[6.473s][info][gc,phases   ] GC(8) y: Concurrent Mark Free 0.001ms
[6.473s][info][gc,phases   ] GC(8) y: Concurrent Reset Relocation Set 0.008ms
[6.473s][info][gc,reloc    ] GC(8) y: Using tenuring threshold: 1 (Computed)
[6.473s][info][gc,phases   ] GC(8) y: Concurrent Select Relocation Set 0.151ms
[6.473s][info][gc,phases   ] GC(8) y: Pause Relocate Start 0.009ms
[6.473s][info][gc,phases   ] GC(8) y: Concurrent Relocate 0.059ms
[6.473s][info][gc,alloc    ] GC(8) y:                         Mark Start        Mark End      Relocate Start    Relocate End   
[6.473s][info][gc,alloc    ] GC(8) y: Allocation Stalls:          0                0                0                0         
[6.473s][info][gc,load     ] GC(8) y: Load: 3.15 (39%) / 3.41 (43%) / 3.14 (39%)
[6.473s][info][gc,mmu      ] GC(8) y: MMU: 2ms/98.5%, 5ms/99.0%, 10ms/99.4%, 20ms/99.7%, 50ms/99.9%, 100ms/99.9%
[6.473s][info][gc,marking  ] GC(8) y: Mark: 1 stripe(s), 2 proactive flush(es), 1 terminate flush(es), 0 completion(s), 0 continuation(s) 
[6.473s][info][gc,nmethod  ] GC(8) y: NMethods: 305 registered, 10 unregistered
[6.473s][info][gc,metaspace] GC(8) y: Metaspace: 0M used, 0M committed, 1088M reserved
[6.473s][info][gc,reloc    ] GC(8) y:                        Candidates     Selected     In-Place         Size        Empty    Relocated 
[6.473s][info][gc,reloc    ] GC(8) y: Small Pages:                    1            0            0           2M           2M           0M 
[6.473s][info][gc,reloc    ] GC(8) y: Medium Pages:                   0            0            0           0M           0M           0M 
[6.473s][info][gc,reloc    ] GC(8) y: Large Pages:                    6            0            0          12M           0M           0M 
[6.473s][info][gc,reloc    ] GC(8) y: Forwarding Usage: 0M
[6.473s][info][gc,reloc    ] GC(8) y: Age Table:
[6.473s][info][gc,reloc    ] GC(8) y:                    Live             Garbage             Small              Medium             Large        
[6.473s][info][gc,reloc    ] GC(8) y: Eden               6M (2%)            2M (1%)           1 / 0              0 / 0              3 / 0        
[6.473s][info][gc,reloc    ] GC(8) y: Survivor 1         6M (2%)            0M (0%)           0 / 0              0 / 0              3 / 0        
[6.473s][info][gc,heap     ] GC(8) y: Min Capacity: 8M(3%)
[6.473s][info][gc,heap     ] GC(8) y: Max Capacity: 256M(100%)
[6.473s][info][gc,heap     ] GC(8) y: Soft Max Capacity: 256M(100%)
[6.473s][info][gc,heap     ] GC(8) y: Heap Statistics:
[6.473s][info][gc,heap     ] GC(8) y:                Mark Start          Mark End        Relocate Start      Relocate End           High               Low         
[6.473s][info][gc,heap     ] GC(8) y:  Capacity:      256M (100%)        256M (100%)        256M (100%)        256M (100%)        256M (100%)        256M (100%)   
[6.473s][info][gc,heap     ] GC(8) y:      Free:       14M (5%)           12M (5%)           14M (5%)           14M (5%)           14M (5%)           12M (5%)     
[6.473s][info][gc,heap     ] GC(8) y:      Used:      242M (95%)         244M (95%)         242M (95%)         242M (95%)         244M (95%)         242M (95%)    
[6.473s][info][gc,heap     ] GC(8) y: Young Generation Statistics:
[6.473s][info][gc,heap     ] GC(8) y:                Mark Start          Mark End        Relocate Start      Relocate End    
[6.473s][info][gc,heap     ] GC(8) y:      Used:       14M (5%)           16M (6%)            8M (3%)            8M (3%)     
[6.473s][info][gc,heap     ] GC(8) y:      Live:         -                12M (5%)            6M (2%)            6M (2%)     
[6.473s][info][gc,heap     ] GC(8) y:   Garbage:         -                 2M (1%)            0M (0%)            0M (0%)     
[6.473s][info][gc,heap     ] GC(8) y: Allocated:         -                 2M (1%)            2M (1%)            2M (1%)     
[6.473s][info][gc,heap     ] GC(8) y: Reclaimed:         -                  -                 2M (1%)            2M (1%)     
[6.473s][info][gc,heap     ] GC(8) y:  Promoted:         -                  -                 6M (2%)            6M (2%)     
[6.473s][info][gc,heap     ] GC(8) y: Compacted:         -                  -                  -                 0M (0%)     
[6.473s][info][gc,phases   ] GC(8) y: Young Generation 242M(95%)->242M(95%) 0.005s
[6.473s][info][gc          ] GC(8) Minor Collection (High Usage) 242M(95%)->242M(95%) 0.005s
[6.631s][info][gc          ] GC(9) Major Collection (Allocation Rate)
[6.631s][info][gc,task     ] GC(9) Using 2 Workers for Young Generation
[6.632s][info][gc,task     ] GC(9) Using 1 Workers for Old Generation
[6.632s][info][gc,phases   ] GC(9) Y: Young Generation
[6.632s][info][gc,phases   ] GC(9) Y: Pause Mark Start (Major) 0.024ms
[6.634s][info][gc,phases   ] GC(9) Y: Concurrent Mark 1.825ms
[6.634s][info][gc,phases   ] GC(9) Y: Pause Mark End 0.018ms
[6.634s][info][gc,phases   ] GC(9) Y: Concurrent Mark Free 0.001ms
[6.634s][info][gc,phases   ] GC(9) Y: Concurrent Reset Relocation Set 0.005ms
[6.634s][info][gc,reloc    ] GC(9) Y: Using tenuring threshold: 1 (Computed)
[6.634s][info][gc,phases   ] GC(9) Y: Concurrent Select Relocation Set 0.193ms
[6.634s][info][gc,phases   ] GC(9) Y: Pause Relocate Start 0.006ms
[6.634s][info][gc,phases   ] GC(9) Y: Concurrent Relocate 0.065ms
[6.634s][info][gc,alloc    ] GC(9) Y:                         Mark Start        Mark End      Relocate Start    Relocate End   
[6.634s][info][gc,alloc    ] GC(9) Y: Allocation Stalls:          0                0                0                0         
[6.634s][info][gc,load     ] GC(9) Y: Load: 3.15 (39%) / 3.41 (43%) / 3.14 (39%)
[6.634s][info][gc,mmu      ] GC(9) Y: MMU: 2ms/98.5%, 5ms/99.0%, 10ms/99.4%, 20ms/99.7%, 50ms/99.9%, 100ms/99.9%
[6.634s][info][gc,marking  ] GC(9) Y: Mark: 2 stripe(s), 2 proactive flush(es), 1 terminate flush(es), 0 completion(s), 0 continuation(s) 
[6.634s][info][gc,nmethod  ] GC(9) Y: NMethods: 306 registered, 10 unregistered
[6.634s][info][gc,metaspace] GC(9) Y: Metaspace: 0M used, 0M committed, 1088M reserved
[6.634s][info][gc,reloc    ] GC(9) Y:                        Candidates     Selected     In-Place         Size        Empty    Relocated 
[6.634s][info][gc,reloc    ] GC(9) Y: Small Pages:                    1            0            0           2M           2M           0M 
[6.634s][info][gc,reloc    ] GC(9) Y: Medium Pages:                   0            0            0           0M           0M           0M 
[6.634s][info][gc,reloc    ] GC(9) Y: Large Pages:                    6            0            0          12M           0M           0M 
[6.634s][info][gc,reloc    ] GC(9) Y: Forwarding Usage: 0M
[6.635s][info][gc,reloc    ] GC(9) Y: Age Table:
[6.635s][info][gc,reloc    ] GC(9) Y:                    Live             Garbage             Small              Medium             Large        
[6.635s][info][gc,reloc    ] GC(9) Y: Eden               6M (2%)            2M (1%)           1 / 0              0 / 0              3 / 0        
[6.635s][info][gc,reloc    ] GC(9) Y: Survivor 1         6M (2%)            0M (0%)           0 / 0              0 / 0              3 / 0        
[6.635s][info][gc,heap     ] GC(9) Y: Min Capacity: 8M(3%)
[6.635s][info][gc,heap     ] GC(9) Y: Max Capacity: 256M(100%)
[6.635s][info][gc,heap     ] GC(9) Y: Soft Max Capacity: 256M(100%)
[6.635s][info][gc,heap     ] GC(9) Y: Heap Statistics:
[6.635s][info][gc,heap     ] GC(9) Y:                Mark Start          Mark End        Relocate Start      Relocate End           High               Low         
[6.635s][info][gc,heap     ] GC(9) Y:  Capacity:      256M (100%)        256M (100%)        256M (100%)        256M (100%)        256M (100%)        256M (100%)   
[6.635s][info][gc,heap     ] GC(9) Y:      Free:        8M (3%)            6M (2%)            8M (3%)            8M (3%)            8M (3%)            6M (2%)     
[6.635s][info][gc,heap     ] GC(9) Y:      Used:      248M (97%)         250M (98%)         248M (97%)         248M (97%)         250M (98%)         248M (97%)    
[6.635s][info][gc,heap     ] GC(9) Y: Young Generation Statistics:
[6.635s][info][gc,heap     ] GC(9) Y:                Mark Start          Mark End        Relocate Start      Relocate End    
[6.635s][info][gc,heap     ] GC(9) Y:      Used:       14M (5%)           16M (6%)            8M (3%)            8M (3%)     
[6.635s][info][gc,heap     ] GC(9) Y:      Live:         -                12M (5%)            6M (2%)            6M (2%)     
[6.635s][info][gc,heap     ] GC(9) Y:   Garbage:         -                 2M (1%)            0M (0%)            0M (0%)     
[6.635s][info][gc,heap     ] GC(9) Y: Allocated:         -                 2M (1%)            2M (1%)            2M (1%)     
[6.635s][info][gc,heap     ] GC(9) Y: Reclaimed:         -                  -                 2M (1%)            2M (1%)     
[6.635s][info][gc,heap     ] GC(9) Y:  Promoted:         -                  -                 6M (2%)            6M (2%)     
[6.635s][info][gc,heap     ] GC(9) Y: Compacted:         -                  -                  -                 0M (0%)     
[6.635s][info][gc,phases   ] GC(9) Y: Young Generation 248M(97%)->248M(97%) 0.003s
[6.635s][info][gc,phases   ] GC(9) O: Old Generation
[6.643s][info][gc,phases   ] GC(9) O: Concurrent Mark 8.011ms
[6.643s][info][gc,phases   ] GC(9) O: Pause Mark End 0.011ms
[6.643s][info][gc,phases   ] GC(9) O: Concurrent Mark Free 0.007ms
[6.644s][info][gc,phases   ] GC(9) O: Concurrent Process Non-Strong 1.035ms
[6.644s][info][gc,phases   ] GC(9) O: Concurrent Reset Relocation Set 0.001ms
[6.644s][info][gc,phases   ] GC(9) O: Concurrent Select Relocation Set 0.040ms
[6.644s][info][gc,task     ] GC(9) O: Using 2 Workers for Old Generation
[6.645s][info][gc,task     ] GC(9) O: Using 1 Workers for Old Generation
[6.645s][info][gc,phases   ] GC(9) O: Concurrent Remap Roots 0.727ms
[6.645s][info][gc,phases   ] GC(9) O: Pause Relocate Start 0.007ms
[6.645s][info][gc,phases   ] GC(9) O: Concurrent Relocate 0.019ms
[6.645s][info][gc,alloc    ] GC(9) O:                         Mark Start        Mark End      Relocate Start    Relocate End   
[6.645s][info][gc,alloc    ] GC(9) O: Allocation Stalls:          0                0                0                0         
[6.645s][info][gc,load     ] GC(9) O: Load: 3.15 (39%) / 3.41 (43%) / 3.14 (39%)
[6.645s][info][gc,mmu      ] GC(9) O: MMU: 2ms/98.5%, 5ms/99.0%, 10ms/99.4%, 20ms/99.7%, 50ms/99.9%, 100ms/99.9%
[6.645s][info][gc,marking  ] GC(9) O: Mark: 1 stripe(s), 2 proactive flush(es), 1 terminate flush(es), 0 completion(s), 0 continuation(s) 
[6.645s][info][gc,nmethod  ] GC(9) O: NMethods: 306 registered, 10 unregistered
[6.645s][info][gc,metaspace] GC(9) O: Metaspace: 0M used, 0M committed, 1088M reserved
[6.645s][info][gc,ref      ] GC(9) O:                       Encountered   Discovered     Enqueued 
[6.645s][info][gc,ref      ] GC(9) O: Soft References:               61            0            0 
[6.645s][info][gc,ref      ] GC(9) O: Weak References:               87           55            0 
[6.645s][info][gc,ref      ] GC(9) O: Final References:               0            0            0 
[6.645s][info][gc,ref      ] GC(9) O: Phantom References:             1            1            0 
[6.645s][info][gc,reloc    ] GC(9) O:                        Candidates     Selected     In-Place         Size        Empty    Relocated 
[6.645s][info][gc,reloc    ] GC(9) O: Small Pages:                    1            0            0           2M           0M           0M 
[6.645s][info][gc,reloc    ] GC(9) O: Medium Pages:                   0            0            0           0M           0M           0M 
[6.645s][info][gc,reloc    ] GC(9) O: Large Pages:                  116            0            0         232M           0M           0M 
[6.645s][info][gc,reloc    ] GC(9) O: Forwarding Usage: 0M
[6.645s][info][gc,heap     ] GC(9) O: Min Capacity: 8M(3%)
[6.645s][info][gc,heap     ] GC(9) O: Max Capacity: 256M(100%)
[6.645s][info][gc,heap     ] GC(9) O: Soft Max Capacity: 256M(100%)
[6.645s][info][gc,heap     ] GC(9) O: Heap Statistics:
[6.645s][info][gc,heap     ] GC(9) O:                Mark Start          Mark End        Relocate Start      Relocate End           High               Low         
[6.645s][info][gc,heap     ] GC(9) O:  Capacity:      256M (100%)        256M (100%)        256M (100%)        256M (100%)        256M (100%)        256M (100%)   
[6.645s][info][gc,heap     ] GC(9) O:      Free:        8M (3%)            8M (3%)            8M (3%)            8M (3%)            8M (3%)            6M (2%)     
[6.645s][info][gc,heap     ] GC(9) O:      Used:      248M (97%)         248M (97%)         248M (97%)         248M (97%)         250M (98%)         248M (97%)    
[6.645s][info][gc,heap     ] GC(9) O: Old Generation Statistics:
[6.645s][info][gc,heap     ] GC(9) O:                Mark Start          Mark End        Relocate Start      Relocate End    
[6.645s][info][gc,heap     ] GC(9) O:      Used:      234M (91%)         240M (94%)         240M (94%)         240M (94%)    
[6.645s][info][gc,heap     ] GC(9) O:      Live:         -               233M (91%)         233M (91%)         233M (91%)    
[6.645s][info][gc,heap     ] GC(9) O:   Garbage:         -                 0M (0%)            0M (0%)            0M (0%)     
[6.645s][info][gc,heap     ] GC(9) O: Allocated:         -                 6M (2%)            6M (2%)            6M (2%)     
[6.645s][info][gc,heap     ] GC(9) O: Reclaimed:         -                  -                 0M (0%)            0M (0%)     
[6.645s][info][gc,heap     ] GC(9) O: Compacted:         -                  -                  -                 0M (0%)     
[6.645s][info][gc,phases   ] GC(9) O: Old Generation 248M(97%)->248M(97%) 0.010s
[6.645s][info][gc          ] GC(9) Major Collection (Allocation Rate) 248M(97%)->248M(97%) 0.014s
[6.799s][info][gc          ] GC(10) Minor Collection (Allocation Rate)
[6.799s][info][gc,task     ] GC(10) Using 2 Workers for Young Generation
[6.799s][info][gc,phases   ] GC(10) y: Young Generation
[6.799s][info][gc,phases   ] GC(10) y: Pause Mark Start 0.022ms
[6.802s][info][gc,phases   ] GC(10) y: Concurrent Mark 2.800ms
[6.802s][info][gc,phases   ] GC(10) y: Pause Mark End 0.013ms
[6.802s][info][gc,phases   ] GC(10) y: Concurrent Mark Free 0.002ms
[6.802s][info][gc,phases   ] GC(10) y: Concurrent Reset Relocation Set 0.004ms
[6.802s][info][gc,reloc    ] GC(10) y: Using tenuring threshold: 1 (Computed)
[6.803s][info][gc,phases   ] GC(10) y: Concurrent Select Relocation Set 0.202ms
[6.803s][info][gc,phases   ] GC(10) y: Pause Relocate Start 0.005ms
[6.803s][info][gc,phases   ] GC(10) y: Concurrent Relocate 0.060ms
[6.803s][info][gc,alloc    ] GC(10) y:                         Mark Start        Mark End      Relocate Start    Relocate End   
[6.803s][info][gc,alloc    ] GC(10) y: Allocation Stalls:          0                0                0                0         
[6.803s][info][gc,load     ] GC(10) y: Load: 3.15 (39%) / 3.41 (43%) / 3.14 (39%)
[6.803s][info][gc,mmu      ] GC(10) y: MMU: 2ms/98.5%, 5ms/99.0%, 10ms/99.4%, 20ms/99.7%, 50ms/99.9%, 100ms/99.9%
[6.803s][info][gc,marking  ] GC(10) y: Mark: 2 stripe(s), 2 proactive flush(es), 1 terminate flush(es), 0 completion(s), 0 continuation(s) 
[6.803s][info][gc,nmethod  ] GC(10) y: NMethods: 306 registered, 10 unregistered
[6.803s][info][gc,metaspace] GC(10) y: Metaspace: 0M used, 0M committed, 1088M reserved
[6.803s][info][gc,reloc    ] GC(10) y:                        Candidates     Selected     In-Place         Size        Empty    Relocated 
[6.803s][info][gc,reloc    ] GC(10) y: Small Pages:                    1            0            0           2M           2M           0M 
[6.803s][info][gc,reloc    ] GC(10) y: Medium Pages:                   0            0            0           0M           0M           0M 
[6.803s][info][gc,reloc    ] GC(10) y: Large Pages:                    6            0            0          12M           0M           0M 
[6.803s][info][gc,reloc    ] GC(10) y: Forwarding Usage: 0M
[6.803s][info][gc,reloc    ] GC(10) y: Age Table:
[6.803s][info][gc,reloc    ] GC(10) y:                    Live             Garbage             Small              Medium             Large        
[6.803s][info][gc,reloc    ] GC(10) y: Eden               6M (2%)            2M (1%)           1 / 0              0 / 0              3 / 0        
[6.803s][info][gc,reloc    ] GC(10) y: Survivor 1         6M (2%)            0M (0%)           0 / 0              0 / 0              3 / 0        
[6.803s][info][gc,heap     ] GC(10) y: Min Capacity: 8M(3%)
[6.803s][info][gc,heap     ] GC(10) y: Max Capacity: 256M(100%)
[6.803s][info][gc,heap     ] GC(10) y: Soft Max Capacity: 256M(100%)
[6.803s][info][gc,heap     ] GC(10) y: Heap Statistics:
[6.803s][info][gc,heap     ] GC(10) y:                Mark Start          Mark End        Relocate Start      Relocate End           High               Low         
[6.803s][info][gc,heap     ] GC(10) y:  Capacity:      256M (100%)        256M (100%)        256M (100%)        256M (100%)        256M (100%)        256M (100%)   
[6.803s][info][gc,heap     ] GC(10) y:      Free:        2M (1%)            0M (0%)            2M (1%)            2M (1%)            2M (1%)            0M (0%)     
[6.803s][info][gc,heap     ] GC(10) y:      Used:      254M (99%)         256M (100%)        254M (99%)         254M (99%)         256M (100%)        254M (99%)    
[6.803s][info][gc,heap     ] GC(10) y: Young Generation Statistics:
[6.803s][info][gc,heap     ] GC(10) y:                Mark Start          Mark End        Relocate Start      Relocate End    
[6.803s][info][gc,heap     ] GC(10) y:      Used:       14M (5%)           16M (6%)            8M (3%)            8M (3%)     
[6.803s][info][gc,heap     ] GC(10) y:      Live:         -                12M (5%)            6M (2%)            6M (2%)     
[6.803s][info][gc,heap     ] GC(10) y:   Garbage:         -                 2M (1%)            0M (0%)            0M (0%)     
[6.803s][info][gc,heap     ] GC(10) y: Allocated:         -                 2M (1%)            2M (1%)            2M (1%)     
[6.803s][info][gc,heap     ] GC(10) y: Reclaimed:         -                  -                 2M (1%)            2M (1%)     
[6.803s][info][gc,heap     ] GC(10) y:  Promoted:         -                  -                 6M (2%)            6M (2%)     
[6.803s][info][gc,heap     ] GC(10) y: Compacted:         -                  -                  -                 0M (0%)     
[6.803s][info][gc,phases   ] GC(10) y: Young Generation 254M(99%)->254M(99%) 0.004s
[6.803s][info][gc          ] GC(10) Minor Collection (Allocation Rate) 254M(99%)->254M(99%) 0.004s
[6.911s][info][gc          ] GC(11) Minor Collection (Allocation Stall)
[6.911s][info][gc,task     ] GC(11) Using 2 Workers for Young Generation
[6.911s][info][gc,phases   ] GC(11) y: Young Generation
[6.912s][info][gc,phases   ] GC(11) y: Pause Mark Start 0.018ms
[6.914s][info][gc,phases   ] GC(11) y: Concurrent Mark 2.157ms
[6.914s][info][gc,phases   ] GC(11) y: Pause Mark End 0.013ms
[6.914s][info][gc,phases   ] GC(11) y: Concurrent Mark Free 0.001ms
[6.914s][info][gc,phases   ] GC(11) y: Concurrent Reset Relocation Set 0.003ms
[6.914s][info][gc,reloc    ] GC(11) y: Using tenuring threshold: 2 (Computed)
[6.914s][info][gc          ] Allocation Stall (main) 2.864ms
[6.914s][info][gc,phases   ] GC(11) y: Concurrent Select Relocation Set 0.196ms
[6.914s][info][gc,phases   ] GC(11) y: Pause Relocate Start 0.007ms
[6.914s][info][gc,phases   ] GC(11) y: Concurrent Relocate 0.064ms
[6.914s][info][gc,alloc    ] GC(11) y:                         Mark Start        Mark End      Relocate Start    Relocate End   
[6.914s][info][gc,alloc    ] GC(11) y: Allocation Stalls:          1                1                0                0         
[6.914s][info][gc,load     ] GC(11) y: Load: 3.15 (39%) / 3.41 (43%) / 3.14 (39%)
[6.914s][info][gc,mmu      ] GC(11) y: MMU: 2ms/98.5%, 5ms/99.0%, 10ms/99.4%, 20ms/99.7%, 50ms/99.9%, 100ms/99.9%
[6.914s][info][gc,marking  ] GC(11) y: Mark: 2 stripe(s), 1 proactive flush(es), 1 terminate flush(es), 0 completion(s), 0 continuation(s) 
[6.915s][info][gc,nmethod  ] GC(11) y: NMethods: 307 registered, 10 unregistered
[6.915s][info][gc,metaspace] GC(11) y: Metaspace: 0M used, 0M committed, 1088M reserved
[6.915s][info][gc,reloc    ] GC(11) y:                        Candidates     Selected     In-Place         Size        Empty    Relocated 
[6.915s][info][gc,reloc    ] GC(11) y: Small Pages:                    1            0            0           2M           2M           0M 
[6.915s][info][gc,reloc    ] GC(11) y: Medium Pages:                   0            0            0           0M           0M           0M 
[6.915s][info][gc,reloc    ] GC(11) y: Large Pages:                    4            0            0           8M           0M           0M 
[6.915s][info][gc,reloc    ] GC(11) y: Forwarding Usage: 0M
[6.915s][info][gc,reloc    ] GC(11) y: Age Table:
[6.915s][info][gc,reloc    ] GC(11) y:                    Live             Garbage             Small              Medium             Large        
[6.915s][info][gc,reloc    ] GC(11) y: Eden               2M (1%)            2M (1%)           1 / 0              0 / 0              1 / 0        
[6.915s][info][gc,reloc    ] GC(11) y: Survivor 1         6M (2%)            0M (0%)           0 / 0              0 / 0              3 / 0        
[6.915s][info][gc,heap     ] GC(11) y: Min Capacity: 8M(3%)
[6.915s][info][gc,heap     ] GC(11) y: Max Capacity: 256M(100%)
[6.915s][info][gc,heap     ] GC(11) y: Soft Max Capacity: 256M(100%)
[6.915s][info][gc,heap     ] GC(11) y: Heap Statistics:
[6.915s][info][gc,heap     ] GC(11) y:                Mark Start          Mark End        Relocate Start      Relocate End           High               Low         
[6.915s][info][gc,heap     ] GC(11) y:  Capacity:      256M (100%)        256M (100%)        256M (100%)        256M (100%)        256M (100%)        256M (100%)   
[6.915s][info][gc,heap     ] GC(11) y:      Free:        0M (0%)            0M (0%)            0M (0%)            0M (0%)            2M (1%)            0M (0%)     
[6.915s][info][gc,heap     ] GC(11) y:      Used:      256M (100%)        256M (100%)        256M (100%)        256M (100%)        256M (100%)        254M (99%)    
[6.915s][info][gc,heap     ] GC(11) y: Young Generation Statistics:
[6.915s][info][gc,heap     ] GC(11) y:                Mark Start          Mark End        Relocate Start      Relocate End    
[6.915s][info][gc,heap     ] GC(11) y:      Used:       10M (4%)           10M (4%)           10M (4%)           10M (4%)     
[6.915s][info][gc,heap     ] GC(11) y:      Live:         -                 8M (3%)            8M (3%)            8M (3%)     
[6.915s][info][gc,heap     ] GC(11) y:   Garbage:         -                 2M (1%)            0M (0%)            0M (0%)     
[6.915s][info][gc,heap     ] GC(11) y: Allocated:         -                 0M (0%)            2M (1%)            2M (1%)     
[6.915s][info][gc,heap     ] GC(11) y: Reclaimed:         -                  -                 2M (1%)            2M (1%)     
[6.915s][info][gc,heap     ] GC(11) y:  Promoted:         -                  -                 0M (0%)            0M (0%)     
[6.915s][info][gc,heap     ] GC(11) y: Compacted:         -                  -                  -                 0M (0%)     
[6.915s][info][gc,phases   ] GC(11) y: Young Generation 256M(100%)->256M(100%) 0.003s
[6.915s][info][gc          ] GC(11) Minor Collection (Allocation Stall) 256M(100%)->256M(100%) 0.004s
[6.915s][info][gc          ] GC(12) Minor Collection (Allocation Stall)
[6.915s][info][gc,task     ] GC(12) Using 2 Workers for Young Generation
[6.915s][info][gc,phases   ] GC(12) y: Young Generation
[6.915s][info][gc,phases   ] GC(12) y: Pause Mark Start 0.005ms
[6.916s][info][gc,phases   ] GC(12) y: Concurrent Mark 1.170ms
[6.916s][info][gc,phases   ] GC(12) y: Pause Mark End 0.014ms
[6.916s][info][gc,phases   ] GC(12) y: Concurrent Mark Free 0.001ms
[6.916s][info][gc,phases   ] GC(12) y: Concurrent Reset Relocation Set 0.000ms
[6.916s][info][gc,reloc    ] GC(12) y: Using tenuring threshold: 2 (Computed)
[6.917s][info][gc,phases   ] GC(12) y: Concurrent Select Relocation Set 0.147ms
[6.917s][info][gc,phases   ] GC(12) y: Pause Relocate Start 0.004ms
[6.917s][info][gc,phases   ] GC(12) y: Concurrent Relocate 0.049ms
[6.917s][info][gc,alloc    ] GC(12) y:                         Mark Start        Mark End      Relocate Start    Relocate End   
[6.917s][info][gc,alloc    ] GC(12) y: Allocation Stalls:          1                1                1                1         
[6.917s][info][gc,load     ] GC(12) y: Load: 3.15 (39%) / 3.41 (43%) / 3.14 (39%)
[6.917s][info][gc,mmu      ] GC(12) y: MMU: 2ms/98.5%, 5ms/98.8%, 10ms/99.4%, 20ms/99.7%, 50ms/99.9%, 100ms/99.9%
[6.917s][info][gc,marking  ] GC(12) y: Mark: 2 stripe(s), 1 proactive flush(es), 1 terminate flush(es), 0 completion(s), 0 continuation(s) 
[6.917s][info][gc,nmethod  ] GC(12) y: NMethods: 307 registered, 10 unregistered
[6.917s][info][gc,metaspace] GC(12) y: Metaspace: 0M used, 0M committed, 1088M reserved
[6.917s][info][gc,reloc    ] GC(12) y:                        Candidates     Selected     In-Place         Size        Empty    Relocated 
[6.917s][info][gc,reloc    ] GC(12) y: Small Pages:                    0            0            0           0M           0M           0M 
[6.917s][info][gc,reloc    ] GC(12) y: Medium Pages:                   0            0            0           0M           0M           0M 
[6.917s][info][gc,reloc    ] GC(12) y: Large Pages:                    5            0            0          10M           0M           0M 
[6.917s][info][gc,reloc    ] GC(12) y: Forwarding Usage: 0M
[6.917s][info][gc,reloc    ] GC(12) y: Age Table:
[6.917s][info][gc,reloc    ] GC(12) y:                    Live             Garbage             Small              Medium             Large        
[6.917s][info][gc,reloc    ] GC(12) y: Eden               2M (1%)            0M (0%)           0 / 0              0 / 0              1 / 0        
[6.917s][info][gc,reloc    ] GC(12) y: Survivor 1         2M (1%)            0M (0%)           0 / 0              0 / 0              1 / 0        
[6.917s][info][gc,reloc    ] GC(12) y: Survivor 2         6M (2%)            0M (0%)           0 / 0              0 / 0              3 / 0        
[6.917s][info][gc,heap     ] GC(12) y: Min Capacity: 8M(3%)
[6.917s][info][gc,heap     ] GC(12) y: Max Capacity: 256M(100%)
[6.917s][info][gc,heap     ] GC(12) y: Soft Max Capacity: 256M(100%)
[6.917s][info][gc,heap     ] GC(12) y: Heap Statistics:
[6.917s][info][gc,heap     ] GC(12) y:                Mark Start          Mark End        Relocate Start      Relocate End           High               Low         
[6.917s][info][gc,heap     ] GC(12) y:  Capacity:      256M (100%)        256M (100%)        256M (100%)        256M (100%)        256M (100%)        256M (100%)   
[6.917s][info][gc,heap     ] GC(12) y:      Free:        0M (0%)            0M (0%)            0M (0%)            0M (0%)            0M (0%)            0M (0%)     
[6.917s][info][gc,heap     ] GC(12) y:      Used:      256M (100%)        256M (100%)        256M (100%)        256M (100%)        256M (100%)        256M (100%)   
[6.917s][info][gc,heap     ] GC(12) y: Young Generation Statistics:
[6.917s][info][gc,heap     ] GC(12) y:                Mark Start          Mark End        Relocate Start      Relocate End    
[6.917s][info][gc,heap     ] GC(12) y:      Used:       10M (4%)           10M (4%)            4M (2%)            4M (2%)     
[6.917s][info][gc,heap     ] GC(12) y:      Live:         -                10M (4%)            4M (2%)            4M (2%)     
[6.917s][info][gc,heap     ] GC(12) y:   Garbage:         -                 0M (0%)            0M (0%)            0M (0%)     
[6.917s][info][gc,heap     ] GC(12) y: Allocated:         -                 0M (0%)            0M (0%)            0M (0%)     
[6.917s][info][gc,heap     ] GC(12) y: Reclaimed:         -                  -                 0M (0%)            0M (0%)     
[6.917s][info][gc,heap     ] GC(12) y:  Promoted:         -                  -                 6M (2%)            6M (2%)     
[6.917s][info][gc,heap     ] GC(12) y: Compacted:         -                  -                  -                 0M (0%)     
[6.917s][info][gc,phases   ] GC(12) y: Young Generation 256M(100%)->256M(100%) 0.002s
[6.917s][info][gc          ] GC(12) Minor Collection (Allocation Stall) 256M(100%)->256M(100%) 0.002s
[6.917s][info][gc          ] GC(13) Major Collection (Allocation Stall)
[6.917s][info][gc,task     ] GC(13) Using 2 Workers for Young Generation
[6.917s][info][gc,task     ] GC(13) Using 2 Workers for Old Generation
[6.917s][info][gc,phases   ] GC(13) Y: Young Generation (Promote All)
[6.917s][info][gc,phases   ] GC(13) Y: Pause Mark Start 0.009ms
[6.919s][info][gc,phases   ] GC(13) Y: Concurrent Mark 1.151ms
[6.919s][info][gc,phases   ] GC(13) Y: Pause Mark End 0.015ms
[6.919s][info][gc,phases   ] GC(13) Y: Concurrent Mark Free 0.000ms
[6.919s][info][gc,phases   ] GC(13) Y: Concurrent Reset Relocation Set 0.003ms
[6.919s][info][gc,reloc    ] GC(13) Y: Using tenuring threshold: 0 (Promote All)
[6.919s][info][gc,phases   ] GC(13) Y: Concurrent Select Relocation Set 0.154ms
[6.919s][info][gc,phases   ] GC(13) Y: Pause Relocate Start 0.007ms
[6.919s][info][gc,phases   ] GC(13) Y: Concurrent Relocate 0.073ms
[6.919s][info][gc,alloc    ] GC(13) Y:                         Mark Start        Mark End      Relocate Start    Relocate End   
[6.919s][info][gc,alloc    ] GC(13) Y: Allocation Stalls:          1                1                1                1         
[6.919s][info][gc,load     ] GC(13) Y: Load: 3.15 (39%) / 3.41 (43%) / 3.14 (39%)
[6.919s][info][gc,mmu      ] GC(13) Y: MMU: 2ms/98.5%, 5ms/98.6%, 10ms/99.1%, 20ms/99.5%, 50ms/99.8%, 100ms/99.9%
[6.919s][info][gc,marking  ] GC(13) Y: Mark: 2 stripe(s), 1 proactive flush(es), 1 terminate flush(es), 0 completion(s), 0 continuation(s) 
[6.919s][info][gc,nmethod  ] GC(13) Y: NMethods: 307 registered, 10 unregistered
[6.919s][info][gc,metaspace] GC(13) Y: Metaspace: 0M used, 0M committed, 1088M reserved
[6.919s][info][gc,reloc    ] GC(13) Y:                        Candidates     Selected     In-Place         Size        Empty    Relocated 
[6.919s][info][gc,reloc    ] GC(13) Y: Small Pages:                    0            0            0           0M           0M           0M 
[6.919s][info][gc,reloc    ] GC(13) Y: Medium Pages:                   0            0            0           0M           0M           0M 
[6.919s][info][gc,reloc    ] GC(13) Y: Large Pages:                    2            0            0           4M           0M           0M 
[6.919s][info][gc,reloc    ] GC(13) Y: Forwarding Usage: 0M
[6.919s][info][gc,reloc    ] GC(13) Y: Age Table:
[6.919s][info][gc,reloc    ] GC(13) Y:                    Live             Garbage             Small              Medium             Large        
[6.919s][info][gc,reloc    ] GC(13) Y: Eden                -                 0M (0%)           0 / 0              0 / 0              0 / 0        
[6.919s][info][gc,reloc    ] GC(13) Y: Survivor 1         2M (1%)            0M (0%)           0 / 0              0 / 0              1 / 0        
[6.919s][info][gc,reloc    ] GC(13) Y: Survivor 2         2M (1%)            0M (0%)           0 / 0              0 / 0              1 / 0        
[6.919s][info][gc,heap     ] GC(13) Y: Min Capacity: 8M(3%)
[6.919s][info][gc,heap     ] GC(13) Y: Max Capacity: 256M(100%)
[6.919s][info][gc,heap     ] GC(13) Y: Soft Max Capacity: 256M(100%)
[6.919s][info][gc,heap     ] GC(13) Y: Heap Statistics:
[6.919s][info][gc,heap     ] GC(13) Y:                Mark Start          Mark End        Relocate Start      Relocate End           High               Low         
[6.919s][info][gc,heap     ] GC(13) Y:  Capacity:      256M (100%)        256M (100%)        256M (100%)        256M (100%)        256M (100%)        256M (100%)   
[6.919s][info][gc,heap     ] GC(13) Y:      Free:        0M (0%)            0M (0%)            0M (0%)            0M (0%)            0M (0%)            0M (0%)     
[6.919s][info][gc,heap     ] GC(13) Y:      Used:      256M (100%)        256M (100%)        256M (100%)        256M (100%)        256M (100%)        256M (100%)   
[6.919s][info][gc,heap     ] GC(13) Y: Young Generation Statistics:
[6.919s][info][gc,heap     ] GC(13) Y:                Mark Start          Mark End        Relocate Start      Relocate End    
[6.919s][info][gc,heap     ] GC(13) Y:      Used:        4M (2%)            4M (2%)            0M (0%)            0M (0%)     
[6.919s][info][gc,heap     ] GC(13) Y:      Live:         -                 4M (2%)            0M (0%)            0M (0%)     
[6.919s][info][gc,heap     ] GC(13) Y:   Garbage:         -                 0M (0%)            0M (0%)            0M (0%)     
[6.919s][info][gc,heap     ] GC(13) Y: Allocated:         -                 0M (0%)            0M (0%)            0M (0%)     
[6.919s][info][gc,heap     ] GC(13) Y: Reclaimed:         -                  -                 0M (0%)            0M (0%)     
[6.919s][info][gc,heap     ] GC(13) Y:  Promoted:         -                  -                 4M (2%)            4M (2%)     
[6.919s][info][gc,heap     ] GC(13) Y: Compacted:         -                  -                  -                 0M (0%)     
[6.919s][info][gc,phases   ] GC(13) Y: Young Generation (Promote All) 256M(100%)->256M(100%) 0.002s
[6.919s][info][gc,phases   ] GC(13) Y: Young Generation (Collect Roots)
[6.920s][info][gc,phases   ] GC(13) Y: Pause Mark Start (Major) 0.007ms
[6.921s][info][gc,phases   ] GC(13) Y: Concurrent Mark 1.116ms
[6.921s][info][gc,phases   ] GC(13) Y: Pause Mark End 0.006ms
[6.921s][info][gc,phases   ] GC(13) Y: Concurrent Mark Free 0.000ms
[6.921s][info][gc,phases   ] GC(13) Y: Concurrent Reset Relocation Set 0.004ms
[6.921s][info][gc,reloc    ] GC(13) Y: Using tenuring threshold: 0 (Computed)
[6.921s][info][gc,phases   ] GC(13) Y: Concurrent Select Relocation Set 0.102ms
[6.921s][info][gc,phases   ] GC(13) Y: Pause Relocate Start 0.005ms
[6.921s][info][gc,phases   ] GC(13) Y: Concurrent Relocate 0.062ms
[6.921s][info][gc,alloc    ] GC(13) Y:                         Mark Start        Mark End      Relocate Start    Relocate End   
[6.921s][info][gc,alloc    ] GC(13) Y: Allocation Stalls:          1                1                1                1         
[6.921s][info][gc,load     ] GC(13) Y: Load: 3.15 (39%) / 3.41 (43%) / 3.14 (39%)
[6.921s][info][gc,mmu      ] GC(13) Y: MMU: 2ms/98.5%, 5ms/98.6%, 10ms/98.9%, 20ms/99.4%, 50ms/99.8%, 100ms/99.9%
[6.921s][info][gc,marking  ] GC(13) Y: Mark: 2 stripe(s), 1 proactive flush(es), 1 terminate flush(es), 0 completion(s), 0 continuation(s) 
[6.921s][info][gc,nmethod  ] GC(13) Y: NMethods: 307 registered, 10 unregistered
[6.921s][info][gc,metaspace] GC(13) Y: Metaspace: 0M used, 0M committed, 1088M reserved
[6.921s][info][gc,heap     ] GC(13) Y: Min Capacity: 8M(3%)
[6.921s][info][gc,heap     ] GC(13) Y: Max Capacity: 256M(100%)
[6.921s][info][gc,heap     ] GC(13) Y: Soft Max Capacity: 256M(100%)
[6.921s][info][gc,heap     ] GC(13) Y: Heap Statistics:
[6.921s][info][gc,heap     ] GC(13) Y:                Mark Start          Mark End        Relocate Start      Relocate End           High               Low         
[6.921s][info][gc,heap     ] GC(13) Y:  Capacity:      256M (100%)        256M (100%)        256M (100%)        256M (100%)        256M (100%)        256M (100%)   
[6.921s][info][gc,heap     ] GC(13) Y:      Free:        0M (0%)            0M (0%)            0M (0%)            0M (0%)            0M (0%)            0M (0%)     
[6.921s][info][gc,heap     ] GC(13) Y:      Used:      256M (100%)        256M (100%)        256M (100%)        256M (100%)        256M (100%)        256M (100%)   
[6.921s][info][gc,heap     ] GC(13) Y: Young Generation Statistics:
[6.921s][info][gc,heap     ] GC(13) Y:                Mark Start          Mark End        Relocate Start      Relocate End    
[6.921s][info][gc,heap     ] GC(13) Y:      Used:        0M (0%)            0M (0%)            0M (0%)            0M (0%)     
[6.921s][info][gc,heap     ] GC(13) Y:      Live:         -                 0M (0%)            0M (0%)            0M (0%)     
[6.921s][info][gc,heap     ] GC(13) Y:   Garbage:         -                 0M (0%)            0M (0%)            0M (0%)     
[6.921s][info][gc,heap     ] GC(13) Y: Allocated:         -                 0M (0%)            0M (0%)            0M (0%)     
[6.921s][info][gc,heap     ] GC(13) Y: Reclaimed:         -                  -                 0M (0%)            0M (0%)     
[6.921s][info][gc,heap     ] GC(13) Y:  Promoted:         -                  -                 0M (0%)            0M (0%)     
[6.921s][info][gc,heap     ] GC(13) Y: Compacted:         -                  -                  -                 0M (0%)     
[6.921s][info][gc,phases   ] GC(13) Y: Young Generation (Collect Roots) 256M(100%)->256M(100%) 0.002s
[6.921s][info][gc,phases   ] GC(13) O: Old Generation
[6.923s][info][gc,phases   ] GC(13) O: Concurrent Mark 2.008ms
[6.923s][info][gc,phases   ] GC(13) O: Pause Mark End 0.006ms
[6.923s][info][gc,phases   ] GC(13) O: Concurrent Mark Free 0.002ms
[6.923s][info][gc,ref      ] GC(13) O: Clearing All SoftReferences
[6.925s][info][gc,phases   ] GC(13) O: Concurrent Process Non-Strong 1.259ms
[6.925s][info][gc,phases   ] GC(13) O: Concurrent Reset Relocation Set 0.000ms
[6.925s][info][gc,phases   ] GC(13) O: Concurrent Select Relocation Set 0.034ms
[6.925s][info][gc,task     ] GC(13) O: Using 2 Workers for Old Generation
[6.925s][info][gc,task     ] GC(13) O: Using 2 Workers for Old Generation
[6.925s][info][gc,phases   ] GC(13) O: Concurrent Remap Roots 0.516ms
[6.925s][info][gc,phases   ] GC(13) O: Pause Relocate Start 0.005ms
[6.925s][info][gc,phases   ] GC(13) O: Concurrent Relocate 0.030ms
[6.925s][info][gc,alloc    ] GC(13) O:                         Mark Start        Mark End      Relocate Start    Relocate End   
[6.925s][info][gc,alloc    ] GC(13) O: Allocation Stalls:          1                1                1                1         
[6.925s][info][gc,load     ] GC(13) O: Load: 3.15 (39%) / 3.41 (43%) / 3.14 (39%)
[6.925s][info][gc,mmu      ] GC(13) O: MMU: 2ms/98.5%, 5ms/98.6%, 10ms/98.9%, 20ms/99.4%, 50ms/99.8%, 100ms/99.9%
[6.925s][info][gc,marking  ] GC(13) O: Mark: 2 stripe(s), 1 proactive flush(es), 1 terminate flush(es), 0 completion(s), 0 continuation(s) 
[6.925s][info][gc,nmethod  ] GC(13) O: NMethods: 307 registered, 10 unregistered
[6.925s][info][gc,metaspace] GC(13) O: Metaspace: 0M used, 0M committed, 1088M reserved
[6.925s][info][gc,ref      ] GC(13) O:                       Encountered   Discovered     Enqueued 
[6.925s][info][gc,ref      ] GC(13) O: Soft References:               59           31           17 
[6.926s][info][gc,ref      ] GC(13) O: Weak References:               87           46            3 
[6.926s][info][gc,ref      ] GC(13) O: Final References:               0            0            0 
[6.926s][info][gc,ref      ] GC(13) O: Phantom References:             1            0            0 
[6.926s][info][gc,reloc    ] GC(13) O:                        Candidates     Selected     In-Place         Size        Empty    Relocated 
[6.926s][info][gc,reloc    ] GC(13) O: Small Pages:                    1            0            0           2M           0M           0M 
[6.926s][info][gc,reloc    ] GC(13) O: Medium Pages:                   0            0            0           0M           0M           0M 
[6.926s][info][gc,reloc    ] GC(13) O: Large Pages:                  127            0            0         254M           0M           0M 
[6.926s][info][gc,reloc    ] GC(13) O: Forwarding Usage: 0M
[6.926s][info][gc,heap     ] GC(13) O: Min Capacity: 8M(3%)
[6.926s][info][gc,heap     ] GC(13) O: Max Capacity: 256M(100%)
[6.926s][info][gc,heap     ] GC(13) O: Soft Max Capacity: 256M(100%)
[6.926s][info][gc,heap     ] GC(13) O: Heap Statistics:
[6.926s][info][gc,heap     ] GC(13) O:                Mark Start          Mark End        Relocate Start      Relocate End           High               Low         
[6.926s][info][gc,heap     ] GC(13) O:  Capacity:      256M (100%)        256M (100%)        256M (100%)        256M (100%)        256M (100%)        256M (100%)   
[6.926s][info][gc,heap     ] GC(13) O:      Free:        0M (0%)            0M (0%)            0M (0%)            0M (0%)            0M (0%)            0M (0%)     
[6.926s][info][gc,heap     ] GC(13) O:      Used:      256M (100%)        256M (100%)        256M (100%)        256M (100%)        256M (100%)        256M (100%)   
[6.926s][info][gc,heap     ] GC(13) O: Old Generation Statistics:
[6.926s][info][gc,heap     ] GC(13) O:                Mark Start          Mark End        Relocate Start      Relocate End    
[6.926s][info][gc,heap     ] GC(13) O:      Used:      256M (100%)        256M (100%)        256M (100%)        256M (100%)   
[6.926s][info][gc,heap     ] GC(13) O:      Live:         -               255M (100%)        255M (100%)        255M (100%)   
[6.926s][info][gc,heap     ] GC(13) O:   Garbage:         -                 0M (0%)            0M (0%)            0M (0%)     
[6.926s][info][gc,heap     ] GC(13) O: Allocated:         -                 0M (0%)            0M (0%)            0M (0%)     
[6.926s][info][gc,heap     ] GC(13) O: Reclaimed:         -                  -                 0M (0%)            0M (0%)     
[6.926s][info][gc,heap     ] GC(13) O: Compacted:         -                  -                  -                 0M (0%)     
[6.926s][info][gc,phases   ] GC(13) O: Old Generation 256M(100%)->256M(100%) 0.004s
[6.926s][info][gc          ] GC(13) Major Collection (Allocation Stall) 256M(100%)->256M(100%) 0.008s
[6.926s][info][gc          ] Allocation Stall (main) 11.275ms
[6.926s][info][gc          ] GC(14) Minor Collection (Allocation Stall)
[6.926s][info][gc,task     ] GC(14) Using 2 Workers for Young Generation
[6.926s][info][gc,phases   ] GC(14) y: Young Generation
[6.926s][info][gc,phases   ] GC(14) y: Pause Mark Start 0.007ms
[6.927s][info][gc,phases   ] GC(14) y: Concurrent Mark 0.817ms
[6.927s][info][gc,phases   ] GC(14) y: Pause Mark End 0.005ms
[6.927s][info][gc,phases   ] GC(14) y: Concurrent Mark Free 0.000ms
[6.927s][info][gc,phases   ] GC(14) y: Concurrent Reset Relocation Set 0.000ms
[6.927s][info][gc,reloc    ] GC(14) y: Using tenuring threshold: 0 (Computed)
[6.927s][info][gc,phases   ] GC(14) y: Concurrent Select Relocation Set 0.128ms
[6.927s][info][gc,phases   ] GC(14) y: Pause Relocate Start 0.003ms
[6.927s][info][gc,phases   ] GC(14) y: Concurrent Relocate 0.051ms
[6.927s][info][gc,alloc    ] GC(14) y:                         Mark Start        Mark End      Relocate Start    Relocate End   
[6.927s][info][gc,alloc    ] GC(14) y: Allocation Stalls:          1                1                1                1         
[6.927s][info][gc,load     ] GC(14) y: Load: 3.15 (39%) / 3.41 (43%) / 3.14 (39%)
[6.927s][info][gc,mmu      ] GC(14) y: MMU: 2ms/98.5%, 5ms/98.6%, 10ms/98.9%, 20ms/99.3%, 50ms/99.7%, 100ms/99.9%
[6.927s][info][gc,marking  ] GC(14) y: Mark: 2 stripe(s), 1 proactive flush(es), 1 terminate flush(es), 0 completion(s), 0 continuation(s) 
[6.927s][info][gc,nmethod  ] GC(14) y: NMethods: 307 registered, 10 unregistered
[6.927s][info][gc,metaspace] GC(14) y: Metaspace: 0M used, 0M committed, 1088M reserved
[6.927s][info][gc,heap     ] GC(14) y: Min Capacity: 8M(3%)
[6.927s][info][gc,heap     ] GC(14) y: Max Capacity: 256M(100%)
[6.927s][info][gc,heap     ] GC(14) y: Soft Max Capacity: 256M(100%)
[6.927s][info][gc,heap     ] GC(14) y: Heap Statistics:
[6.927s][info][gc,heap     ] GC(14) y:                Mark Start          Mark End        Relocate Start      Relocate End           High               Low         
[6.927s][info][gc,heap     ] GC(14) y:  Capacity:      256M (100%)        256M (100%)        256M (100%)        256M (100%)        256M (100%)        256M (100%)   
[6.927s][info][gc,heap     ] GC(14) y:      Free:        0M (0%)            0M (0%)            0M (0%)            0M (0%)            0M (0%)            0M (0%)     
[6.927s][info][gc,heap     ] GC(14) y:      Used:      256M (100%)        256M (100%)        256M (100%)        256M (100%)        256M (100%)        256M (100%)   
[6.927s][info][gc,heap     ] GC(14) y: Young Generation Statistics:
[6.927s][info][gc,heap     ] GC(14) y:                Mark Start          Mark End        Relocate Start      Relocate End    
[6.927s][info][gc,heap     ] GC(14) y:      Used:        0M (0%)            0M (0%)            0M (0%)            0M (0%)     
[6.927s][info][gc,heap     ] GC(14) y:      Live:         -                 0M (0%)            0M (0%)            0M (0%)     
[6.927s][info][gc,heap     ] GC(14) y:   Garbage:         -                 0M (0%)            0M (0%)            0M (0%)     
[6.927s][info][gc,heap     ] GC(14) y: Allocated:         -                 0M (0%)            0M (0%)            0M (0%)     
[6.927s][info][gc,heap     ] GC(14) y: Reclaimed:         -                  -                 0M (0%)            0M (0%)     
[6.927s][info][gc,heap     ] GC(14) y:  Promoted:         -                  -                 0M (0%)            0M (0%)     
[6.927s][info][gc,heap     ] GC(14) y: Compacted:         -                  -                  -                 0M (0%)     
[6.927s][info][gc,phases   ] GC(14) y: Young Generation 256M(100%)->256M(100%) 0.001s
[6.927s][info][gc          ] GC(14) Minor Collection (Allocation Stall) 256M(100%)->256M(100%) 0.002s
[6.927s][info][gc          ] GC(15) Major Collection (Allocation Stall)
[6.927s][info][gc,task     ] GC(15) Using 2 Workers for Young Generation
[6.927s][info][gc,task     ] GC(15) Using 2 Workers for Old Generation
[6.927s][info][gc,phases   ] GC(15) Y: Young Generation (Promote All)
[6.927s][info][gc,phases   ] GC(15) Y: Pause Mark Start 0.003ms
[6.928s][info][gc,phases   ] GC(15) Y: Concurrent Mark 0.755ms
[6.928s][info][gc,phases   ] GC(15) Y: Pause Mark End 0.005ms
[6.928s][info][gc,phases   ] GC(15) Y: Concurrent Mark Free 0.000ms
[6.928s][info][gc,phases   ] GC(15) Y: Concurrent Reset Relocation Set 0.000ms
[6.928s][info][gc,reloc    ] GC(15) Y: Using tenuring threshold: 0 (Promote All)
[6.928s][info][gc,phases   ] GC(15) Y: Concurrent Select Relocation Set 0.079ms
[6.928s][info][gc,phases   ] GC(15) Y: Pause Relocate Start 0.003ms
[6.928s][info][gc,phases   ] GC(15) Y: Concurrent Relocate 0.052ms
[6.928s][info][gc,alloc    ] GC(15) Y:                         Mark Start        Mark End      Relocate Start    Relocate End   
[6.928s][info][gc,alloc    ] GC(15) Y: Allocation Stalls:          1                1                1                1         
[6.929s][info][gc,load     ] GC(15) Y: Load: 3.15 (39%) / 3.41 (43%) / 3.14 (39%)
[6.929s][info][gc,mmu      ] GC(15) Y: MMU: 2ms/98.5%, 5ms/98.6%, 10ms/98.9%, 20ms/99.3%, 50ms/99.7%, 100ms/99.9%
[6.929s][info][gc,marking  ] GC(15) Y: Mark: 2 stripe(s), 1 proactive flush(es), 1 terminate flush(es), 0 completion(s), 0 continuation(s) 
[6.929s][info][gc,nmethod  ] GC(15) Y: NMethods: 307 registered, 10 unregistered
[6.929s][info][gc,metaspace] GC(15) Y: Metaspace: 0M used, 0M committed, 1088M reserved
[6.929s][info][gc,heap     ] GC(15) Y: Min Capacity: 8M(3%)
[6.929s][info][gc,heap     ] GC(15) Y: Max Capacity: 256M(100%)
[6.929s][info][gc,heap     ] GC(15) Y: Soft Max Capacity: 256M(100%)
[6.929s][info][gc,heap     ] GC(15) Y: Heap Statistics:
[6.929s][info][gc,heap     ] GC(15) Y:                Mark Start          Mark End        Relocate Start      Relocate End           High               Low         
[6.929s][info][gc,heap     ] GC(15) Y:  Capacity:      256M (100%)        256M (100%)        256M (100%)        256M (100%)        256M (100%)        256M (100%)   
[6.929s][info][gc,heap     ] GC(15) Y:      Free:        0M (0%)            0M (0%)            0M (0%)            0M (0%)            0M (0%)            0M (0%)     
[6.929s][info][gc,heap     ] GC(15) Y:      Used:      256M (100%)        256M (100%)        256M (100%)        256M (100%)        256M (100%)        256M (100%)   
[6.929s][info][gc,heap     ] GC(15) Y: Young Generation Statistics:
[6.929s][info][gc,heap     ] GC(15) Y:                Mark Start          Mark End        Relocate Start      Relocate End    
[6.929s][info][gc,heap     ] GC(15) Y:      Used:        0M (0%)            0M (0%)            0M (0%)            0M (0%)     
[6.929s][info][gc,heap     ] GC(15) Y:      Live:         -                 0M (0%)            0M (0%)            0M (0%)     
[6.929s][info][gc,heap     ] GC(15) Y:   Garbage:         -                 0M (0%)            0M (0%)            0M (0%)     
[6.929s][info][gc,heap     ] GC(15) Y: Allocated:         -                 0M (0%)            0M (0%)            0M (0%)     
[6.929s][info][gc,heap     ] GC(15) Y: Reclaimed:         -                  -                 0M (0%)            0M (0%)     
[6.929s][info][gc,heap     ] GC(15) Y:  Promoted:         -                  -                 0M (0%)            0M (0%)     
[6.929s][info][gc,heap     ] GC(15) Y: Compacted:         -                  -                  -                 0M (0%)     
[6.929s][info][gc,phases   ] GC(15) Y: Young Generation (Promote All) 256M(100%)->256M(100%) 0.001s
[6.929s][info][gc,phases   ] GC(15) Y: Young Generation (Collect Roots)
[6.929s][info][gc,phases   ] GC(15) Y: Pause Mark Start (Major) 0.005ms
[6.929s][info][gc,phases   ] GC(15) Y: Concurrent Mark 0.693ms
[6.929s][info][gc,phases   ] GC(15) Y: Pause Mark End 0.004ms
[6.930s][info][gc,phases   ] GC(15) Y: Concurrent Mark Free 0.000ms
[6.930s][info][gc,phases   ] GC(15) Y: Concurrent Reset Relocation Set 0.000ms
[6.930s][info][gc,reloc    ] GC(15) Y: Using tenuring threshold: 0 (Computed)
[6.930s][info][gc,phases   ] GC(15) Y: Concurrent Select Relocation Set 0.075ms
[6.930s][info][gc,phases   ] GC(15) Y: Pause Relocate Start 0.004ms
[6.930s][info][gc,phases   ] GC(15) Y: Concurrent Relocate 0.043ms
[6.930s][info][gc,alloc    ] GC(15) Y:                         Mark Start        Mark End      Relocate Start    Relocate End   
[6.930s][info][gc,alloc    ] GC(15) Y: Allocation Stalls:          1                1                1                1         
[6.930s][info][gc,load     ] GC(15) Y: Load: 3.15 (39%) / 3.41 (43%) / 3.14 (39%)
[6.930s][info][gc,mmu      ] GC(15) Y: MMU: 2ms/98.5%, 5ms/98.6%, 10ms/98.9%, 20ms/99.2%, 50ms/99.7%, 100ms/99.8%
[6.930s][info][gc,marking  ] GC(15) Y: Mark: 2 stripe(s), 1 proactive flush(es), 1 terminate flush(es), 0 completion(s), 0 continuation(s) 
[6.930s][info][gc,nmethod  ] GC(15) Y: NMethods: 307 registered, 10 unregistered
[6.930s][info][gc,metaspace] GC(15) Y: Metaspace: 0M used, 0M committed, 1088M reserved
[6.930s][info][gc,heap     ] GC(15) Y: Min Capacity: 8M(3%)
[6.930s][info][gc,heap     ] GC(15) Y: Max Capacity: 256M(100%)
[6.930s][info][gc,heap     ] GC(15) Y: Soft Max Capacity: 256M(100%)
[6.930s][info][gc,heap     ] GC(15) Y: Heap Statistics:
[6.930s][info][gc,heap     ] GC(15) Y:                Mark Start          Mark End        Relocate Start      Relocate End           High               Low         
[6.930s][info][gc,heap     ] GC(15) Y:  Capacity:      256M (100%)        256M (100%)        256M (100%)        256M (100%)        256M (100%)        256M (100%)   
[6.930s][info][gc,heap     ] GC(15) Y:      Free:        0M (0%)            0M (0%)            0M (0%)            0M (0%)            0M (0%)            0M (0%)     
[6.930s][info][gc,heap     ] GC(15) Y:      Used:      256M (100%)        256M (100%)        256M (100%)        256M (100%)        256M (100%)        256M (100%)   
[6.930s][info][gc,heap     ] GC(15) Y: Young Generation Statistics:
[6.930s][info][gc,heap     ] GC(15) Y:                Mark Start          Mark End        Relocate Start      Relocate End    
[6.930s][info][gc,heap     ] GC(15) Y:      Used:        0M (0%)            0M (0%)            0M (0%)            0M (0%)     
[6.930s][info][gc,heap     ] GC(15) Y:      Live:         -                 0M (0%)            0M (0%)            0M (0%)     
[6.930s][info][gc,heap     ] GC(15) Y:   Garbage:         -                 0M (0%)            0M (0%)            0M (0%)     
[6.930s][info][gc,heap     ] GC(15) Y: Allocated:         -                 0M (0%)            0M (0%)            0M (0%)     
[6.930s][info][gc,heap     ] GC(15) Y: Reclaimed:         -                  -                 0M (0%)            0M (0%)     
[6.930s][info][gc,heap     ] GC(15) Y:  Promoted:         -                  -                 0M (0%)            0M (0%)     
[6.930s][info][gc,heap     ] GC(15) Y: Compacted:         -                  -                  -                 0M (0%)     
[6.930s][info][gc,phases   ] GC(15) Y: Young Generation (Collect Roots) 256M(100%)->256M(100%) 0.001s
[6.930s][info][gc,phases   ] GC(15) O: Old Generation
[6.932s][info][gc,phases   ] GC(15) O: Concurrent Mark 1.851ms
[6.932s][info][gc,phases   ] GC(15) O: Pause Mark End 0.004ms
[6.932s][info][gc,phases   ] GC(15) O: Concurrent Mark Free 0.002ms
[6.932s][info][gc,ref      ] GC(15) O: Clearing All SoftReferences
[6.932s][info][gc,phases   ] GC(15) O: Concurrent Process Non-Strong 0.427ms
[6.932s][info][gc,phases   ] GC(15) O: Concurrent Reset Relocation Set 0.000ms
[6.932s][info][gc,phases   ] GC(15) O: Concurrent Select Relocation Set 0.035ms
[6.932s][info][gc,task     ] GC(15) O: Using 2 Workers for Old Generation
[6.933s][info][gc,task     ] GC(15) O: Using 2 Workers for Old Generation
[6.933s][info][gc,phases   ] GC(15) O: Concurrent Remap Roots 0.418ms
[6.933s][info][gc,phases   ] GC(15) O: Pause Relocate Start 0.003ms
[6.933s][info][gc,phases   ] GC(15) O: Concurrent Relocate 0.024ms
[6.933s][info][gc,alloc    ] GC(15) O:                         Mark Start        Mark End      Relocate Start    Relocate End   
[6.933s][info][gc,alloc    ] GC(15) O: Allocation Stalls:          1                1                1                1         
[6.933s][info][gc,load     ] GC(15) O: Load: 3.15 (39%) / 3.41 (43%) / 3.14 (39%)
[6.933s][info][gc,mmu      ] GC(15) O: MMU: 2ms/98.5%, 5ms/98.6%, 10ms/98.9%, 20ms/99.2%, 50ms/99.7%, 100ms/99.8%
[6.933s][info][gc,marking  ] GC(15) O: Mark: 2 stripe(s), 1 proactive flush(es), 1 terminate flush(es), 0 completion(s), 0 continuation(s) 
[6.933s][info][gc,nmethod  ] GC(15) O: NMethods: 307 registered, 10 unregistered
[6.933s][info][gc,metaspace] GC(15) O: Metaspace: 0M used, 0M committed, 1088M reserved
[6.933s][info][gc,ref      ] GC(15) O:                       Encountered   Discovered     Enqueued 
[6.933s][info][gc,ref      ] GC(15) O: Soft References:               42           14            0 
[6.933s][info][gc,ref      ] GC(15) O: Weak References:               84           45            0 
[6.933s][info][gc,ref      ] GC(15) O: Final References:               0            0            0 
[6.933s][info][gc,ref      ] GC(15) O: Phantom References:             1            0            0 
[6.933s][info][gc,reloc    ] GC(15) O:                        Candidates     Selected     In-Place         Size        Empty    Relocated 
[6.933s][info][gc,reloc    ] GC(15) O: Small Pages:                    1            0            0           2M           0M           0M 
[6.933s][info][gc,reloc    ] GC(15) O: Medium Pages:                   0            0            0           0M           0M           0M 
[6.933s][info][gc,reloc    ] GC(15) O: Large Pages:                  127            0            0         254M           0M           0M 
[6.933s][info][gc,reloc    ] GC(15) O: Forwarding Usage: 0M
[6.933s][info][gc,heap     ] GC(15) O: Min Capacity: 8M(3%)
[6.933s][info][gc,heap     ] GC(15) O: Max Capacity: 256M(100%)
[6.933s][info][gc,heap     ] GC(15) O: Soft Max Capacity: 256M(100%)
[6.933s][info][gc,heap     ] GC(15) O: Heap Statistics:
[6.933s][info][gc,heap     ] GC(15) O:                Mark Start          Mark End        Relocate Start      Relocate End           High               Low         
[6.933s][info][gc,heap     ] GC(15) O:  Capacity:      256M (100%)        256M (100%)        256M (100%)        256M (100%)        256M (100%)        256M (100%)   
[6.933s][info][gc,heap     ] GC(15) O:      Free:        0M (0%)            0M (0%)            0M (0%)            0M (0%)            0M (0%)            0M (0%)     
[6.933s][info][gc,heap     ] GC(15) O:      Used:      256M (100%)        256M (100%)        256M (100%)        256M (100%)        256M (100%)        256M (100%)   
[6.933s][info][gc,heap     ] GC(15) O: Old Generation Statistics:
[6.933s][info][gc,heap     ] GC(15) O:                Mark Start          Mark End        Relocate Start      Relocate End    
[6.933s][info][gc,heap     ] GC(15) O:      Used:      256M (100%)        256M (100%)        256M (100%)        256M (100%)   
[6.933s][info][gc,heap     ] GC(15) O:      Live:         -               255M (100%)        255M (100%)        255M (100%)   
[6.933s][info][gc,heap     ] GC(15) O:   Garbage:         -                 0M (0%)            0M (0%)            0M (0%)     
[6.933s][info][gc,heap     ] GC(15) O: Allocated:         -                 0M (0%)            0M (0%)            0M (0%)     
[6.933s][info][gc,heap     ] GC(15) O: Reclaimed:         -                  -                 0M (0%)            0M (0%)     
[6.933s][info][gc,heap     ] GC(15) O: Compacted:         -                  -                  -                 0M (0%)     
[6.933s][info][gc,phases   ] GC(15) O: Old Generation 256M(100%)->256M(100%) 0.003s
[6.933s][info][gc          ] GC(15) Major Collection (Allocation Stall) 256M(100%)->256M(100%) 0.006s
[6.933s][info][gc          ] Allocation Stall (main) 7.378ms
[6.933s][info][gc          ] Out Of Memory (main)
[6.933s][info][gc          ] GC(16) Minor Collection (Allocation Stall)
[6.933s][info][gc,task     ] GC(16) Using 2 Workers for Young Generation
[6.933s][info][gc,phases   ] GC(16) y: Young Generation
[6.933s][info][gc,phases   ] GC(16) y: Pause Mark Start 0.003ms
[6.934s][info][gc,phases   ] GC(16) y: Concurrent Mark 0.651ms
[6.934s][info][gc,phases   ] GC(16) y: Pause Mark End 0.004ms
[6.934s][info][gc,phases   ] GC(16) y: Concurrent Mark Free 0.000ms
[6.934s][info][gc,phases   ] GC(16) y: Concurrent Reset Relocation Set 0.000ms
[6.934s][info][gc,reloc    ] GC(16) y: Using tenuring threshold: 0 (Computed)
[6.934s][info][gc,phases   ] GC(16) y: Concurrent Select Relocation Set 0.062ms
[6.934s][info][gc,phases   ] GC(16) y: Pause Relocate Start 0.003ms
[6.934s][info][gc,phases   ] GC(16) y: Concurrent Relocate 0.039ms
[6.934s][info][gc,alloc    ] GC(16) y:                         Mark Start        Mark End      Relocate Start    Relocate End   
[6.934s][info][gc,alloc    ] GC(16) y: Allocation Stalls:          1                1                1                1         
[6.934s][info][gc,load     ] GC(16) y: Load: 3.15 (39%) / 3.41 (43%) / 3.14 (39%)
[6.934s][info][gc,mmu      ] GC(16) y: MMU: 2ms/98.5%, 5ms/98.6%, 10ms/98.9%, 20ms/99.2%, 50ms/99.6%, 100ms/99.8%
[6.934s][info][gc,marking  ] GC(16) y: Mark: 2 stripe(s), 1 proactive flush(es), 1 terminate flush(es), 0 completion(s), 0 continuation(s) 
[6.934s][info][gc,nmethod  ] GC(16) y: NMethods: 307 registered, 10 unregistered
[6.934s][info][gc,metaspace] GC(16) y: Metaspace: 0M used, 0M committed, 1088M reserved
[6.934s][info][gc,heap     ] GC(16) y: Min Capacity: 8M(3%)
[6.934s][info][gc,heap     ] GC(16) y: Max Capacity: 256M(100%)
[6.934s][info][gc,heap     ] GC(16) y: Soft Max Capacity: 256M(100%)
[6.934s][info][gc,heap     ] GC(16) y: Heap Statistics:
[6.934s][info][gc,heap     ] GC(16) y:                Mark Start          Mark End        Relocate Start      Relocate End           High               Low         
[6.934s][info][gc,heap     ] GC(16) y:  Capacity:      256M (100%)        256M (100%)        256M (100%)        256M (100%)        256M (100%)        256M (100%)   
[6.934s][info][gc,heap     ] GC(16) y:      Free:        0M (0%)            0M (0%)            0M (0%)            0M (0%)            0M (0%)            0M (0%)     
[6.934s][info][gc,heap     ] GC(16) y:      Used:      256M (100%)        256M (100%)        256M (100%)        256M (100%)        256M (100%)        256M (100%)   
[6.934s][info][gc,heap     ] GC(16) y: Young Generation Statistics:
[6.934s][info][gc,heap     ] GC(16) y:                Mark Start          Mark End        Relocate Start      Relocate End    
[6.934s][info][gc,heap     ] GC(16) y:      Used:        0M (0%)            0M (0%)            0M (0%)            0M (0%)     
[6.934s][info][gc,heap     ] GC(16) y:      Live:         -                 0M (0%)            0M (0%)            0M (0%)     
[6.934s][info][gc,heap     ] GC(16) y:   Garbage:         -                 0M (0%)            0M (0%)            0M (0%)     
[6.934s][info][gc,heap     ] GC(16) y: Allocated:         -                 0M (0%)            0M (0%)            0M (0%)     
[6.934s][info][gc,heap     ] GC(16) y: Reclaimed:         -                  -                 0M (0%)            0M (0%)     
[6.934s][info][gc,heap     ] GC(16) y:  Promoted:         -                  -                 0M (0%)            0M (0%)     
[6.934s][info][gc,heap     ] GC(16) y: Compacted:         -                  -                  -                 0M (0%)     
[6.934s][info][gc,phases   ] GC(16) y: Young Generation 256M(100%)->256M(100%) 0.001s
[6.934s][info][gc          ] GC(16) Minor Collection (Allocation Stall) 256M(100%)->256M(100%) 0.001s
[6.934s][info][gc          ] GC(17) Major Collection (Allocation Stall)
[6.934s][info][gc,task     ] GC(17) Using 2 Workers for Young Generation
[6.934s][info][gc,task     ] GC(17) Using 2 Workers for Old Generation
[6.934s][info][gc,phases   ] GC(17) Y: Young Generation (Promote All)
[6.934s][info][gc,phases   ] GC(17) Y: Pause Mark Start 0.003ms
[6.935s][info][gc,phases   ] GC(17) Y: Concurrent Mark 0.619ms
[6.935s][info][gc,phases   ] GC(17) Y: Pause Mark End 0.003ms
[6.935s][info][gc,phases   ] GC(17) Y: Concurrent Mark Free 0.000ms
[6.935s][info][gc,phases   ] GC(17) Y: Concurrent Reset Relocation Set 0.000ms
[6.935s][info][gc,reloc    ] GC(17) Y: Using tenuring threshold: 0 (Promote All)
[6.935s][info][gc,phases   ] GC(17) Y: Concurrent Select Relocation Set 0.065ms
[6.935s][info][gc,phases   ] GC(17) Y: Pause Relocate Start 0.002ms
[6.935s][info][gc,phases   ] GC(17) Y: Concurrent Relocate 0.038ms
[6.935s][info][gc,alloc    ] GC(17) Y:                         Mark Start        Mark End      Relocate Start    Relocate End   
[6.935s][info][gc,alloc    ] GC(17) Y: Allocation Stalls:          1                1                1                1         
[6.935s][info][gc,load     ] GC(17) Y: Load: 3.15 (39%) / 3.41 (43%) / 3.14 (39%)
[6.935s][info][gc,mmu      ] GC(17) Y: MMU: 2ms/98.5%, 5ms/98.6%, 10ms/98.9%, 20ms/99.2%, 50ms/99.6%, 100ms/99.8%
[6.935s][info][gc,marking  ] GC(17) Y: Mark: 2 stripe(s), 1 proactive flush(es), 1 terminate flush(es), 0 completion(s), 0 continuation(s) 
[6.935s][info][gc,nmethod  ] GC(17) Y: NMethods: 307 registered, 10 unregistered
[6.935s][info][gc,metaspace] GC(17) Y: Metaspace: 0M used, 0M committed, 1088M reserved
[6.935s][info][gc,heap     ] GC(17) Y: Min Capacity: 8M(3%)
[6.935s][info][gc,heap     ] GC(17) Y: Max Capacity: 256M(100%)
[6.935s][info][gc,heap     ] GC(17) Y: Soft Max Capacity: 256M(100%)
[6.935s][info][gc,heap     ] GC(17) Y: Heap Statistics:
[6.935s][info][gc,heap     ] GC(17) Y:                Mark Start          Mark End        Relocate Start      Relocate End           High               Low         
[6.935s][info][gc,heap     ] GC(17) Y:  Capacity:      256M (100%)        256M (100%)        256M (100%)        256M (100%)        256M (100%)        256M (100%)   
[6.935s][info][gc,heap     ] GC(17) Y:      Free:        0M (0%)            0M (0%)            0M (0%)            0M (0%)            0M (0%)            0M (0%)     
[6.935s][info][gc,heap     ] GC(17) Y:      Used:      256M (100%)        256M (100%)        256M (100%)        256M (100%)        256M (100%)        256M (100%)   
[6.935s][info][gc,heap     ] GC(17) Y: Young Generation Statistics:
[6.935s][info][gc,heap     ] GC(17) Y:                Mark Start          Mark End        Relocate Start      Relocate End    
[6.935s][info][gc,heap     ] GC(17) Y:      Used:        0M (0%)            0M (0%)            0M (0%)            0M (0%)     
[6.936s][info][gc,heap     ] GC(17) Y:      Live:         -                 0M (0%)            0M (0%)            0M (0%)     
[6.936s][info][gc,heap     ] GC(17) Y:   Garbage:         -                 0M (0%)            0M (0%)            0M (0%)     
[6.936s][info][gc,heap     ] GC(17) Y: Allocated:         -                 0M (0%)            0M (0%)            0M (0%)     
[6.936s][info][gc,heap     ] GC(17) Y: Reclaimed:         -                  -                 0M (0%)            0M (0%)     
[6.936s][info][gc,heap     ] GC(17) Y:  Promoted:         -                  -                 0M (0%)            0M (0%)     
[6.936s][info][gc,heap     ] GC(17) Y: Compacted:         -                  -                  -                 0M (0%)     
[6.936s][info][gc,phases   ] GC(17) Y: Young Generation (Promote All) 256M(100%)->256M(100%) 0.001s
[6.936s][info][gc,phases   ] GC(17) Y: Young Generation (Collect Roots)
[6.936s][info][gc,phases   ] GC(17) Y: Pause Mark Start (Major) 0.003ms
[6.936s][info][gc,phases   ] GC(17) Y: Concurrent Mark 0.564ms
[6.936s][info][gc,phases   ] GC(17) Y: Pause Mark End 0.003ms
[6.936s][info][gc,phases   ] GC(17) Y: Concurrent Mark Free 0.000ms
[6.936s][info][gc,phases   ] GC(17) Y: Concurrent Reset Relocation Set 0.000ms
[6.936s][info][gc,reloc    ] GC(17) Y: Using tenuring threshold: 0 (Computed)
[6.936s][info][gc,phases   ] GC(17) Y: Concurrent Select Relocation Set 0.062ms
[6.936s][info][gc,phases   ] GC(17) Y: Pause Relocate Start 0.003ms
[6.936s][info][gc,phases   ] GC(17) Y: Concurrent Relocate 0.041ms
[6.936s][info][gc,alloc    ] GC(17) Y:                         Mark Start        Mark End      Relocate Start    Relocate End   
[6.936s][info][gc,alloc    ] GC(17) Y: Allocation Stalls:          1                1                1                1         
[6.936s][info][gc,load     ] GC(17) Y: Load: 3.15 (39%) / 3.41 (43%) / 3.14 (39%)
[6.936s][info][gc,mmu      ] GC(17) Y: MMU: 2ms/98.5%, 5ms/98.6%, 10ms/98.9%, 20ms/99.2%, 50ms/99.6%, 100ms/99.8%
[6.936s][info][gc,marking  ] GC(17) Y: Mark: 2 stripe(s), 1 proactive flush(es), 1 terminate flush(es), 0 completion(s), 0 continuation(s) 
[6.936s][info][gc,nmethod  ] GC(17) Y: NMethods: 307 registered, 10 unregistered
[6.936s][info][gc,metaspace] GC(17) Y: Metaspace: 0M used, 0M committed, 1088M reserved
[6.936s][info][gc,heap     ] GC(17) Y: Min Capacity: 8M(3%)
[6.936s][info][gc,heap     ] GC(17) Y: Max Capacity: 256M(100%)
[6.936s][info][gc,heap     ] GC(17) Y: Soft Max Capacity: 256M(100%)
[6.936s][info][gc,heap     ] GC(17) Y: Heap Statistics:
[6.936s][info][gc,heap     ] GC(17) Y:                Mark Start          Mark End        Relocate Start      Relocate End           High               Low         
[6.936s][info][gc,heap     ] GC(17) Y:  Capacity:      256M (100%)        256M (100%)        256M (100%)        256M (100%)        256M (100%)        256M (100%)   
[6.936s][info][gc,heap     ] GC(17) Y:      Free:        0M (0%)            0M (0%)            0M (0%)            0M (0%)            0M (0%)            0M (0%)     
[6.936s][info][gc,heap     ] GC(17) Y:      Used:      256M (100%)        256M (100%)        256M (100%)        256M (100%)        256M (100%)        256M (100%)   
[6.937s][info][gc,heap     ] GC(17) Y: Young Generation Statistics:
[6.937s][info][gc,heap     ] GC(17) Y:                Mark Start          Mark End        Relocate Start      Relocate End    
[6.937s][info][gc,heap     ] GC(17) Y:      Used:        0M (0%)            0M (0%)            0M (0%)            0M (0%)     
[6.937s][info][gc,heap     ] GC(17) Y:      Live:         -                 0M (0%)            0M (0%)            0M (0%)     
[6.937s][info][gc,heap     ] GC(17) Y:   Garbage:         -                 0M (0%)            0M (0%)            0M (0%)     
[6.937s][info][gc,heap     ] GC(17) Y: Allocated:         -                 0M (0%)            0M (0%)            0M (0%)     
[6.937s][info][gc,heap     ] GC(17) Y: Reclaimed:         -                  -                 0M (0%)            0M (0%)     
[6.937s][info][gc,heap     ] GC(17) Y:  Promoted:         -                  -                 0M (0%)            0M (0%)     
[6.937s][info][gc,heap     ] GC(17) Y: Compacted:         -                  -                  -                 0M (0%)     
[6.937s][info][gc,phases   ] GC(17) Y: Young Generation (Collect Roots) 256M(100%)->256M(100%) 0.001s
[6.937s][info][gc,phases   ] GC(17) O: Old Generation
[6.938s][info][gc,phases   ] GC(17) O: Concurrent Mark 1.511ms
[6.938s][info][gc,phases   ] GC(17) O: Pause Mark End 0.004ms
[6.938s][info][gc,phases   ] GC(17) O: Concurrent Mark Free 0.001ms
[6.938s][info][gc,ref      ] GC(17) O: Clearing All SoftReferences
[6.939s][info][gc,phases   ] GC(17) O: Concurrent Process Non-Strong 0.410ms
[6.939s][info][gc,phases   ] GC(17) O: Concurrent Reset Relocation Set 0.000ms
[6.939s][info][gc,phases   ] GC(17) O: Concurrent Select Relocation Set 0.023ms
[6.939s][info][gc,task     ] GC(17) O: Using 2 Workers for Old Generation
[6.939s][info][gc,task     ] GC(17) O: Using 2 Workers for Old Generation
[6.939s][info][gc,phases   ] GC(17) O: Concurrent Remap Roots 0.413ms
[6.939s][info][gc,phases   ] GC(17) O: Pause Relocate Start 0.003ms
[6.939s][info][gc,phases   ] GC(17) O: Concurrent Relocate 0.024ms
[6.939s][info][gc,alloc    ] GC(17) O:                         Mark Start        Mark End      Relocate Start    Relocate End   
[6.939s][info][gc,alloc    ] GC(17) O: Allocation Stalls:          1                1                1                1         
[6.939s][info][gc,load     ] GC(17) O: Load: 3.15 (39%) / 3.41 (43%) / 3.14 (39%)
[6.939s][info][gc,mmu      ] GC(17) O: MMU: 2ms/98.5%, 5ms/98.6%, 10ms/98.9%, 20ms/99.2%, 50ms/99.6%, 100ms/99.8%
[6.939s][info][gc,marking  ] GC(17) O: Mark: 2 stripe(s), 1 proactive flush(es), 1 terminate flush(es), 0 completion(s), 0 continuation(s) 
[6.939s][info][gc,nmethod  ] GC(17) O: NMethods: 307 registered, 10 unregistered
[6.939s][info][gc,metaspace] GC(17) O: Metaspace: 0M used, 0M committed, 1088M reserved
[6.939s][info][gc,ref      ] GC(17) O:                       Encountered   Discovered     Enqueued 
[6.939s][info][gc,ref      ] GC(17) O: Soft References:               42           10            0 
[6.939s][info][gc,ref      ] GC(17) O: Weak References:               84           40            0 
[6.939s][info][gc,ref      ] GC(17) O: Final References:               0            0            0 
[6.939s][info][gc,ref      ] GC(17) O: Phantom References:             1            0            0 
[6.939s][info][gc,reloc    ] GC(17) O:                        Candidates     Selected     In-Place         Size        Empty    Relocated 
[6.939s][info][gc,reloc    ] GC(17) O: Small Pages:                    1            0            0           2M           0M           0M 
[6.939s][info][gc,reloc    ] GC(17) O: Medium Pages:                   0            0            0           0M           0M           0M 
[6.939s][info][gc,reloc    ] GC(17) O: Large Pages:                  127            0            0         254M           0M           0M 
[6.939s][info][gc,reloc    ] GC(17) O: Forwarding Usage: 0M
[6.939s][info][gc,heap     ] GC(17) O: Min Capacity: 8M(3%)
[6.939s][info][gc,heap     ] GC(17) O: Max Capacity: 256M(100%)
[6.939s][info][gc,heap     ] GC(17) O: Soft Max Capacity: 256M(100%)
[6.939s][info][gc,heap     ] GC(17) O: Heap Statistics:
[6.939s][info][gc,heap     ] GC(17) O:                Mark Start          Mark End        Relocate Start      Relocate End           High               Low         
[6.939s][info][gc,heap     ] GC(17) O:  Capacity:      256M (100%)        256M (100%)        256M (100%)        256M (100%)        256M (100%)        256M (100%)   
[6.939s][info][gc,heap     ] GC(17) O:      Free:        0M (0%)            0M (0%)            0M (0%)            0M (0%)            0M (0%)            0M (0%)     
[6.939s][info][gc,heap     ] GC(17) O:      Used:      256M (100%)        256M (100%)        256M (100%)        256M (100%)        256M (100%)        256M (100%)   
[6.939s][info][gc,heap     ] GC(17) O: Old Generation Statistics:
[6.939s][info][gc,heap     ] GC(17) O:                Mark Start          Mark End        Relocate Start      Relocate End    
[6.939s][info][gc,heap     ] GC(17) O:      Used:      256M (100%)        256M (100%)        256M (100%)        256M (100%)   
[6.939s][info][gc,heap     ] GC(17) O:      Live:         -               255M (100%)        255M (100%)        255M (100%)   
[6.939s][info][gc,heap     ] GC(17) O:   Garbage:         -                 0M (0%)            0M (0%)            0M (0%)     
[6.939s][info][gc,heap     ] GC(17) O: Allocated:         -                 0M (0%)            0M (0%)            0M (0%)     
[6.939s][info][gc,heap     ] GC(17) O: Reclaimed:         -                  -                 0M (0%)            0M (0%)     
[6.939s][info][gc,heap     ] GC(17) O: Compacted:         -                  -                  -                 0M (0%)     
[6.939s][info][gc,phases   ] GC(17) O: Old Generation 256M(100%)->256M(100%) 0.003s
[6.939s][info][gc          ] GC(17) Major Collection (Allocation Stall) 256M(100%)->256M(100%) 0.005s
[6.939s][info][gc          ] Allocation Stall (main) 6.101ms
[6.939s][info][gc          ] GC(18) Minor Collection (Allocation Stall)
[6.939s][info][gc,task     ] GC(18) Using 2 Workers for Young Generation
[6.939s][info][gc,phases   ] GC(18) y: Young Generation
[6.939s][info][gc,phases   ] GC(18) y: Pause Mark Start 0.003ms
[6.940s][info][gc,phases   ] GC(18) y: Concurrent Mark 0.629ms
[6.940s][info][gc,phases   ] GC(18) y: Pause Mark End 0.003ms
[6.940s][info][gc,phases   ] GC(18) y: Concurrent Mark Free 0.000ms
[6.940s][info][gc,phases   ] GC(18) y: Concurrent Reset Relocation Set 0.000ms
[6.940s][info][gc,reloc    ] GC(18) y: Using tenuring threshold: 0 (Computed)
[6.940s][info][gc,phases   ] GC(18) y: Concurrent Select Relocation Set 0.066ms
[6.940s][info][gc,phases   ] GC(18) y: Pause Relocate Start 0.003ms
[6.940s][info][gc,phases   ] GC(18) y: Concurrent Relocate 0.036ms
[6.940s][info][gc,alloc    ] GC(18) y:                         Mark Start        Mark End      Relocate Start    Relocate End   
[6.940s][info][gc,alloc    ] GC(18) y: Allocation Stalls:          1                1                1                1         
[6.940s][info][gc,load     ] GC(18) y: Load: 3.15 (39%) / 3.41 (43%) / 3.14 (39%)
[6.940s][info][gc,mmu      ] GC(18) y: MMU: 2ms/98.5%, 5ms/98.6%, 10ms/98.9%, 20ms/99.2%, 50ms/99.6%, 100ms/99.8%
[6.940s][info][gc,marking  ] GC(18) y: Mark: 2 stripe(s), 1 proactive flush(es), 1 terminate flush(es), 0 completion(s), 0 continuation(s) 
[6.940s][info][gc,nmethod  ] GC(18) y: NMethods: 307 registered, 10 unregistered
[6.940s][info][gc,metaspace] GC(18) y: Metaspace: 0M used, 0M committed, 1088M reserved
[6.940s][info][gc,heap     ] GC(18) y: Min Capacity: 8M(3%)
[6.940s][info][gc,heap     ] GC(18) y: Max Capacity: 256M(100%)
[6.940s][info][gc,heap     ] GC(18) y: Soft Max Capacity: 256M(100%)
[6.940s][info][gc,heap     ] GC(18) y: Heap Statistics:
[6.940s][info][gc,heap     ] GC(18) y:                Mark Start          Mark End        Relocate Start      Relocate End           High               Low         
[6.940s][info][gc,heap     ] GC(18) y:  Capacity:      256M (100%)        256M (100%)        256M (100%)        256M (100%)        256M (100%)        256M (100%)   
[6.940s][info][gc,heap     ] GC(18) y:      Free:        0M (0%)            0M (0%)            0M (0%)            0M (0%)            0M (0%)            0M (0%)     
[6.940s][info][gc,heap     ] GC(18) y:      Used:      256M (100%)        256M (100%)        256M (100%)        256M (100%)        256M (100%)        256M (100%)   
[6.940s][info][gc,heap     ] GC(18) y: Young Generation Statistics:
[6.940s][info][gc,heap     ] GC(18) y:                Mark Start          Mark End        Relocate Start      Relocate End    
[6.940s][info][gc,heap     ] GC(18) y:      Used:        0M (0%)            0M (0%)            0M (0%)            0M (0%)     
[6.940s][info][gc,heap     ] GC(18) y:      Live:         -                 0M (0%)            0M (0%)            0M (0%)     
[6.940s][info][gc,heap     ] GC(18) y:   Garbage:         -                 0M (0%)            0M (0%)            0M (0%)     
[6.940s][info][gc,heap     ] GC(18) y: Allocated:         -                 0M (0%)            0M (0%)            0M (0%)     
[6.940s][info][gc,heap     ] GC(18) y: Reclaimed:         -                  -                 0M (0%)            0M (0%)     
[6.941s][info][gc,heap     ] GC(18) y:  Promoted:         -                  -                 0M (0%)            0M (0%)     
[6.941s][info][gc,heap     ] GC(18) y: Compacted:         -                  -                  -                 0M (0%)     
[6.941s][info][gc,phases   ] GC(18) y: Young Generation 256M(100%)->256M(100%) 0.001s
[6.941s][info][gc          ] GC(18) Minor Collection (Allocation Stall) 256M(100%)->256M(100%) 0.001s
[6.941s][info][gc          ] GC(19) Major Collection (Allocation Stall)
[6.941s][info][gc,task     ] GC(19) Using 2 Workers for Young Generation
[6.941s][info][gc,task     ] GC(19) Using 2 Workers for Old Generation
[6.941s][info][gc,phases   ] GC(19) Y: Young Generation (Promote All)
[6.941s][info][gc,phases   ] GC(19) Y: Pause Mark Start 0.003ms
[6.941s][info][gc,phases   ] GC(19) Y: Concurrent Mark 0.610ms
[6.941s][info][gc,phases   ] GC(19) Y: Pause Mark End 0.003ms
[6.941s][info][gc,phases   ] GC(19) Y: Concurrent Mark Free 0.000ms
[6.941s][info][gc,phases   ] GC(19) Y: Concurrent Reset Relocation Set 0.000ms
[6.941s][info][gc,reloc    ] GC(19) Y: Using tenuring threshold: 0 (Promote All)
[6.941s][info][gc,phases   ] GC(19) Y: Concurrent Select Relocation Set 0.063ms
[6.941s][info][gc,phases   ] GC(19) Y: Pause Relocate Start 0.002ms
[6.941s][info][gc,phases   ] GC(19) Y: Concurrent Relocate 0.036ms
[6.941s][info][gc,alloc    ] GC(19) Y:                         Mark Start        Mark End      Relocate Start    Relocate End   
[6.941s][info][gc,alloc    ] GC(19) Y: Allocation Stalls:          1                1                1                1         
[6.941s][info][gc,load     ] GC(19) Y: Load: 3.15 (39%) / 3.41 (43%) / 3.14 (39%)
[6.941s][info][gc,mmu      ] GC(19) Y: MMU: 2ms/98.5%, 5ms/98.6%, 10ms/98.9%, 20ms/99.2%, 50ms/99.6%, 100ms/99.8%
[6.941s][info][gc,marking  ] GC(19) Y: Mark: 2 stripe(s), 1 proactive flush(es), 1 terminate flush(es), 0 completion(s), 0 continuation(s) 
[6.941s][info][gc,nmethod  ] GC(19) Y: NMethods: 307 registered, 10 unregistered
[6.941s][info][gc,metaspace] GC(19) Y: Metaspace: 0M used, 0M committed, 1088M reserved
[6.941s][info][gc,heap     ] GC(19) Y: Min Capacity: 8M(3%)
[6.941s][info][gc,heap     ] GC(19) Y: Max Capacity: 256M(100%)
[6.942s][info][gc,heap     ] GC(19) Y: Soft Max Capacity: 256M(100%)
[6.942s][info][gc,heap     ] GC(19) Y: Heap Statistics:
[6.942s][info][gc,heap     ] GC(19) Y:                Mark Start          Mark End        Relocate Start      Relocate End           High               Low         
[6.942s][info][gc,heap     ] GC(19) Y:  Capacity:      256M (100%)        256M (100%)        256M (100%)        256M (100%)        256M (100%)        256M (100%)   
[6.942s][info][gc,heap     ] GC(19) Y:      Free:        0M (0%)            0M (0%)            0M (0%)            0M (0%)            0M (0%)            0M (0%)     
[6.942s][info][gc,heap     ] GC(19) Y:      Used:      256M (100%)        256M (100%)        256M (100%)        256M (100%)        256M (100%)        256M (100%)   
[6.942s][info][gc,heap     ] GC(19) Y: Young Generation Statistics:
[6.942s][info][gc,heap     ] GC(19) Y:                Mark Start          Mark End        Relocate Start      Relocate End    
[6.942s][info][gc,heap     ] GC(19) Y:      Used:        0M (0%)            0M (0%)            0M (0%)            0M (0%)     
[6.942s][info][gc,heap     ] GC(19) Y:      Live:         -                 0M (0%)            0M (0%)            0M (0%)     
[6.942s][info][gc,heap     ] GC(19) Y:   Garbage:         -                 0M (0%)            0M (0%)            0M (0%)     
[6.942s][info][gc,heap     ] GC(19) Y: Allocated:         -                 0M (0%)            0M (0%)            0M (0%)     
[6.942s][info][gc,heap     ] GC(19) Y: Reclaimed:         -                  -                 0M (0%)            0M (0%)     
[6.942s][info][gc,heap     ] GC(19) Y:  Promoted:         -                  -                 0M (0%)            0M (0%)     
[6.942s][info][gc,heap     ] GC(19) Y: Compacted:         -                  -                  -                 0M (0%)     
[6.942s][info][gc,phases   ] GC(19) Y: Young Generation (Promote All) 256M(100%)->256M(100%) 0.001s
[6.942s][info][gc,phases   ] GC(19) Y: Young Generation (Collect Roots)
[6.942s][info][gc,phases   ] GC(19) Y: Pause Mark Start (Major) 0.004ms
[6.942s][info][gc,phases   ] GC(19) Y: Concurrent Mark 0.557ms
[6.942s][info][gc,phases   ] GC(19) Y: Pause Mark End 0.003ms
[6.942s][info][gc,phases   ] GC(19) Y: Concurrent Mark Free 0.000ms
[6.942s][info][gc,phases   ] GC(19) Y: Concurrent Reset Relocation Set 0.000ms
[6.942s][info][gc,reloc    ] GC(19) Y: Using tenuring threshold: 0 (Computed)
[6.942s][info][gc,phases   ] GC(19) Y: Concurrent Select Relocation Set 0.060ms
[6.942s][info][gc,phases   ] GC(19) Y: Pause Relocate Start 0.002ms
[6.942s][info][gc,phases   ] GC(19) Y: Concurrent Relocate 0.042ms
[6.942s][info][gc,alloc    ] GC(19) Y:                         Mark Start        Mark End      Relocate Start    Relocate End   
[6.942s][info][gc,alloc    ] GC(19) Y: Allocation Stalls:          1                1                1                1         
[6.942s][info][gc,load     ] GC(19) Y: Load: 3.15 (39%) / 3.41 (43%) / 3.14 (39%)
[6.942s][info][gc,mmu      ] GC(19) Y: MMU: 2ms/98.5%, 5ms/98.6%, 10ms/98.9%, 20ms/99.2%, 50ms/99.5%, 100ms/99.8%
[6.942s][info][gc,marking  ] GC(19) Y: Mark: 2 stripe(s), 1 proactive flush(es), 1 terminate flush(es), 0 completion(s), 0 continuation(s) 
[6.942s][info][gc,nmethod  ] GC(19) Y: NMethods: 307 registered, 10 unregistered
[6.942s][info][gc,metaspace] GC(19) Y: Metaspace: 0M used, 0M committed, 1088M reserved
[6.942s][info][gc,heap     ] GC(19) Y: Min Capacity: 8M(3%)
[6.942s][info][gc,heap     ] GC(19) Y: Max Capacity: 256M(100%)
[6.943s][info][gc,heap     ] GC(19) Y: Soft Max Capacity: 256M(100%)
[6.943s][info][gc,heap     ] GC(19) Y: Heap Statistics:
[6.943s][info][gc,heap     ] GC(19) Y:                Mark Start          Mark End        Relocate Start      Relocate End           High               Low         
[6.943s][info][gc,heap     ] GC(19) Y:  Capacity:      256M (100%)        256M (100%)        256M (100%)        256M (100%)        256M (100%)        256M (100%)   
[6.943s][info][gc,heap     ] GC(19) Y:      Free:        0M (0%)            0M (0%)            0M (0%)            0M (0%)            0M (0%)            0M (0%)     
[6.943s][info][gc,heap     ] GC(19) Y:      Used:      256M (100%)        256M (100%)        256M (100%)        256M (100%)        256M (100%)        256M (100%)   
[6.943s][info][gc,heap     ] GC(19) Y: Young Generation Statistics:
[6.943s][info][gc,heap     ] GC(19) Y:                Mark Start          Mark End        Relocate Start      Relocate End    
[6.943s][info][gc,heap     ] GC(19) Y:      Used:        0M (0%)            0M (0%)            0M (0%)            0M (0%)     
[6.943s][info][gc,heap     ] GC(19) Y:      Live:         -                 0M (0%)            0M (0%)            0M (0%)     
[6.943s][info][gc,heap     ] GC(19) Y:   Garbage:         -                 0M (0%)            0M (0%)            0M (0%)     
[6.943s][info][gc,heap     ] GC(19) Y: Allocated:         -                 0M (0%)            0M (0%)            0M (0%)     
[6.943s][info][gc,heap     ] GC(19) Y: Reclaimed:         -                  -                 0M (0%)            0M (0%)     
[6.943s][info][gc,heap     ] GC(19) Y:  Promoted:         -                  -                 0M (0%)            0M (0%)     
[6.943s][info][gc,heap     ] GC(19) Y: Compacted:         -                  -                  -                 0M (0%)     
[6.943s][info][gc,phases   ] GC(19) Y: Young Generation (Collect Roots) 256M(100%)->256M(100%) 0.001s
[6.943s][info][gc,phases   ] GC(19) O: Old Generation
[6.944s][info][gc,phases   ] GC(19) O: Concurrent Mark 1.387ms
[6.944s][info][gc,phases   ] GC(19) O: Pause Mark End 0.003ms
[6.944s][info][gc,phases   ] GC(19) O: Concurrent Mark Free 0.002ms
[6.944s][info][gc,ref      ] GC(19) O: Clearing All SoftReferences
[6.944s][info][gc,phases   ] GC(19) O: Concurrent Process Non-Strong 0.341ms
[6.944s][info][gc,phases   ] GC(19) O: Concurrent Reset Relocation Set 0.000ms
[6.944s][info][gc,phases   ] GC(19) O: Concurrent Select Relocation Set 0.018ms
[6.944s][info][gc,task     ] GC(19) O: Using 2 Workers for Old Generation
[6.945s][info][gc,task     ] GC(19) O: Using 2 Workers for Old Generation
[6.945s][info][gc,phases   ] GC(19) O: Concurrent Remap Roots 0.357ms
[6.945s][info][gc,phases   ] GC(19) O: Pause Relocate Start 0.002ms
[6.945s][info][gc,phases   ] GC(19) O: Concurrent Relocate 0.021ms
[6.945s][info][gc,alloc    ] GC(19) O:                         Mark Start        Mark End      Relocate Start    Relocate End   
[6.945s][info][gc,alloc    ] GC(19) O: Allocation Stalls:          1                1                1                1         
[6.945s][info][gc,load     ] GC(19) O: Load: 3.15 (39%) / 3.41 (43%) / 3.14 (39%)
[6.945s][info][gc,mmu      ] GC(19) O: MMU: 2ms/98.5%, 5ms/98.6%, 10ms/98.9%, 20ms/99.2%, 50ms/99.5%, 100ms/99.8%
[6.945s][info][gc,marking  ] GC(19) O: Mark: 2 stripe(s), 2 proactive flush(es), 1 terminate flush(es), 0 completion(s), 0 continuation(s) 
[6.945s][info][gc,nmethod  ] GC(19) O: NMethods: 307 registered, 10 unregistered
[6.945s][info][gc,metaspace] GC(19) O: Metaspace: 0M used, 0M committed, 1088M reserved
[6.945s][info][gc,ref      ] GC(19) O:                       Encountered   Discovered     Enqueued 
[6.945s][info][gc,ref      ] GC(19) O: Soft References:               42           11            0 
[6.945s][info][gc,ref      ] GC(19) O: Weak References:               84           55            0 
[6.945s][info][gc,ref      ] GC(19) O: Final References:               0            0            0 
[6.945s][info][gc,ref      ] GC(19) O: Phantom References:             1            0            0 
[6.945s][info][gc,reloc    ] GC(19) O:                        Candidates     Selected     In-Place         Size        Empty    Relocated 
[6.945s][info][gc,reloc    ] GC(19) O: Small Pages:                    1            0            0           2M           0M           0M 
[6.945s][info][gc,reloc    ] GC(19) O: Medium Pages:                   0            0            0           0M           0M           0M 
[6.945s][info][gc,reloc    ] GC(19) O: Large Pages:                  127            0            0         254M           0M           0M 
[6.945s][info][gc,reloc    ] GC(19) O: Forwarding Usage: 0M
[6.945s][info][gc,heap     ] GC(19) O: Min Capacity: 8M(3%)
[6.945s][info][gc,heap     ] GC(19) O: Max Capacity: 256M(100%)
[6.945s][info][gc,heap     ] GC(19) O: Soft Max Capacity: 256M(100%)
[6.945s][info][gc,heap     ] GC(19) O: Heap Statistics:
[6.945s][info][gc,heap     ] GC(19) O:                Mark Start          Mark End        Relocate Start      Relocate End           High               Low         
[6.945s][info][gc,heap     ] GC(19) O:  Capacity:      256M (100%)        256M (100%)        256M (100%)        256M (100%)        256M (100%)        256M (100%)   
[6.945s][info][gc,heap     ] GC(19) O:      Free:        0M (0%)            0M (0%)            0M (0%)            0M (0%)            0M (0%)            0M (0%)     
[6.945s][info][gc,heap     ] GC(19) O:      Used:      256M (100%)        256M (100%)        256M (100%)        256M (100%)        256M (100%)        256M (100%)   
[6.945s][info][gc,heap     ] GC(19) O: Old Generation Statistics:
[6.945s][info][gc,heap     ] GC(19) O:                Mark Start          Mark End        Relocate Start      Relocate End    
[6.945s][info][gc,heap     ] GC(19) O:      Used:      256M (100%)        256M (100%)        256M (100%)        256M (100%)   
[6.945s][info][gc,heap     ] GC(19) O:      Live:         -               255M (100%)        255M (100%)        255M (100%)   
[6.945s][info][gc,heap     ] GC(19) O:   Garbage:         -                 0M (0%)            0M (0%)            0M (0%)     
[6.945s][info][gc,heap     ] GC(19) O: Allocated:         -                 0M (0%)            0M (0%)            0M (0%)     
[6.945s][info][gc,heap     ] GC(19) O: Reclaimed:         -                  -                 0M (0%)            0M (0%)     
[6.945s][info][gc,heap     ] GC(19) O: Compacted:         -                  -                  -                 0M (0%)     
[6.945s][info][gc,phases   ] GC(19) O: Old Generation 256M(100%)->256M(100%) 0.002s
[6.945s][info][gc          ] GC(19) Major Collection (Allocation Stall) 256M(100%)->256M(100%) 0.005s
[6.945s][info][gc          ] Allocation Stall (main) 5.706ms
[6.945s][info][gc          ] Out Of Memory (main)
[6.945s][info][gc          ] GC(20) Minor Collection (Allocation Stall)
[6.945s][info][gc,task     ] GC(20) Using 2 Workers for Young Generation
[6.945s][info][gc,phases   ] GC(20) y: Young Generation
[6.945s][info][gc,phases   ] GC(20) y: Pause Mark Start 0.003ms
[6.946s][info][gc,phases   ] GC(20) y: Concurrent Mark 0.550ms
[6.946s][info][gc,phases   ] GC(20) y: Pause Mark End 0.003ms
[6.946s][info][gc,phases   ] GC(20) y: Concurrent Mark Free 0.000ms
[6.946s][info][gc,phases   ] GC(20) y: Concurrent Reset Relocation Set 0.000ms
[6.946s][info][gc,reloc    ] GC(20) y: Using tenuring threshold: 0 (Computed)
[6.946s][info][gc,phases   ] GC(20) y: Concurrent Select Relocation Set 0.053ms
[6.946s][info][gc,phases   ] GC(20) y: Pause Relocate Start 0.002ms
[6.946s][info][gc,phases   ] GC(20) y: Concurrent Relocate 0.032ms
[6.946s][info][gc,alloc    ] GC(20) y:                         Mark Start        Mark End      Relocate Start    Relocate End   
[6.946s][info][gc,alloc    ] GC(20) y: Allocation Stalls:          1                1                1                1         
[6.946s][info][gc,load     ] GC(20) y: Load: 3.15 (39%) / 3.41 (43%) / 3.14 (39%)
[6.946s][info][gc,mmu      ] GC(20) y: MMU: 2ms/98.5%, 5ms/98.6%, 10ms/98.9%, 20ms/99.2%, 50ms/99.5%, 100ms/99.8%
[6.946s][info][gc,marking  ] GC(20) y: Mark: 2 stripe(s), 1 proactive flush(es), 1 terminate flush(es), 0 completion(s), 0 continuation(s) 
[6.946s][info][gc,nmethod  ] GC(20) y: NMethods: 307 registered, 10 unregistered
[6.946s][info][gc,metaspace] GC(20) y: Metaspace: 0M used, 0M committed, 1088M reserved
[6.946s][info][gc,heap     ] GC(20) y: Min Capacity: 8M(3%)
[6.946s][info][gc,heap     ] GC(20) y: Max Capacity: 256M(100%)
[6.946s][info][gc,heap     ] GC(20) y: Soft Max Capacity: 256M(100%)
[6.946s][info][gc,heap     ] GC(20) y: Heap Statistics:
[6.946s][info][gc,heap     ] GC(20) y:                Mark Start          Mark End        Relocate Start      Relocate End           High               Low         
[6.946s][info][gc,heap     ] GC(20) y:  Capacity:      256M (100%)        256M (100%)        256M (100%)        256M (100%)        256M (100%)        256M (100%)   
[6.946s][info][gc,heap     ] GC(20) y:      Free:        0M (0%)            0M (0%)            0M (0%)            0M (0%)            0M (0%)            0M (0%)     
[6.946s][info][gc,heap     ] GC(20) y:      Used:      256M (100%)        256M (100%)        256M (100%)        256M (100%)        256M (100%)        256M (100%)   
[6.946s][info][gc,heap     ] GC(20) y: Young Generation Statistics:
[6.946s][info][gc,heap     ] GC(20) y:                Mark Start          Mark End        Relocate Start      Relocate End    
[6.946s][info][gc,heap     ] GC(20) y:      Used:        0M (0%)            0M (0%)            0M (0%)            0M (0%)     
[6.946s][info][gc,heap     ] GC(20) y:      Live:         -                 0M (0%)            0M (0%)            0M (0%)     
[6.946s][info][gc,heap     ] GC(20) y:   Garbage:         -                 0M (0%)            0M (0%)            0M (0%)     
[6.946s][info][gc,heap     ] GC(20) y: Allocated:         -                 0M (0%)            0M (0%)            0M (0%)     
[6.946s][info][gc,heap     ] GC(20) y: Reclaimed:         -                  -                 0M (0%)            0M (0%)     
[6.946s][info][gc,heap     ] GC(20) y:  Promoted:         -                  -                 0M (0%)            0M (0%)     
[6.946s][info][gc,heap     ] GC(20) y: Compacted:         -                  -                  -                 0M (0%)     
[6.946s][info][gc,phases   ] GC(20) y: Young Generation 256M(100%)->256M(100%) 0.001s
[6.946s][info][gc          ] GC(20) Minor Collection (Allocation Stall) 256M(100%)->256M(100%) 0.001s
[6.946s][info][gc          ] GC(21) Major Collection (Allocation Stall)
[6.946s][info][gc,task     ] GC(21) Using 2 Workers for Young Generation
[6.946s][info][gc,task     ] GC(21) Using 2 Workers for Old Generation
[6.946s][info][gc,phases   ] GC(21) Y: Young Generation (Promote All)
[6.946s][info][gc,phases   ] GC(21) Y: Pause Mark Start 0.002ms
[6.947s][info][gc,phases   ] GC(21) Y: Concurrent Mark 0.527ms
[6.947s][info][gc,phases   ] GC(21) Y: Pause Mark End 0.003ms
[6.947s][info][gc,phases   ] GC(21) Y: Concurrent Mark Free 0.000ms
[6.947s][info][gc,phases   ] GC(21) Y: Concurrent Reset Relocation Set 0.000ms
[6.947s][info][gc,reloc    ] GC(21) Y: Using tenuring threshold: 0 (Promote All)
[6.947s][info][gc,phases   ] GC(21) Y: Concurrent Select Relocation Set 0.056ms
[6.947s][info][gc,phases   ] GC(21) Y: Pause Relocate Start 0.002ms
[6.947s][info][gc,phases   ] GC(21) Y: Concurrent Relocate 0.028ms
[6.947s][info][gc,alloc    ] GC(21) Y:                         Mark Start        Mark End      Relocate Start    Relocate End   
[6.947s][info][gc,alloc    ] GC(21) Y: Allocation Stalls:          1                1                1                1         
[6.947s][info][gc,load     ] GC(21) Y: Load: 3.15 (39%) / 3.41 (43%) / 3.14 (39%)
[6.947s][info][gc,mmu      ] GC(21) Y: MMU: 2ms/98.5%, 5ms/98.6%, 10ms/98.9%, 20ms/99.2%, 50ms/99.5%, 100ms/99.8%
[6.947s][info][gc,marking  ] GC(21) Y: Mark: 2 stripe(s), 1 proactive flush(es), 1 terminate flush(es), 0 completion(s), 0 continuation(s) 
[6.947s][info][gc,nmethod  ] GC(21) Y: NMethods: 307 registered, 10 unregistered
[6.947s][info][gc,metaspace] GC(21) Y: Metaspace: 0M used, 0M committed, 1088M reserved
[6.947s][info][gc,heap     ] GC(21) Y: Min Capacity: 8M(3%)
[6.947s][info][gc,heap     ] GC(21) Y: Max Capacity: 256M(100%)
[6.947s][info][gc,heap     ] GC(21) Y: Soft Max Capacity: 256M(100%)
[6.947s][info][gc,heap     ] GC(21) Y: Heap Statistics:
[6.947s][info][gc,heap     ] GC(21) Y:                Mark Start          Mark End        Relocate Start      Relocate End           High               Low         
[6.947s][info][gc,heap     ] GC(21) Y:  Capacity:      256M (100%)        256M (100%)        256M (100%)        256M (100%)        256M (100%)        256M (100%)   
[6.947s][info][gc,heap     ] GC(21) Y:      Free:        0M (0%)            0M (0%)            0M (0%)            0M (0%)            0M (0%)            0M (0%)     
[6.947s][info][gc,heap     ] GC(21) Y:      Used:      256M (100%)        256M (100%)        256M (100%)        256M (100%)        256M (100%)        256M (100%)   
[6.947s][info][gc,heap     ] GC(21) Y: Young Generation Statistics:
[6.947s][info][gc,heap     ] GC(21) Y:                Mark Start          Mark End        Relocate Start      Relocate End    
[6.947s][info][gc,heap     ] GC(21) Y:      Used:        0M (0%)            0M (0%)            0M (0%)            0M (0%)     
[6.947s][info][gc,heap     ] GC(21) Y:      Live:         -                 0M (0%)            0M (0%)            0M (0%)     
[6.947s][info][gc,heap     ] GC(21) Y:   Garbage:         -                 0M (0%)            0M (0%)            0M (0%)     
[6.947s][info][gc,heap     ] GC(21) Y: Allocated:         -                 0M (0%)            0M (0%)            0M (0%)     
[6.947s][info][gc,heap     ] GC(21) Y: Reclaimed:         -                  -                 0M (0%)            0M (0%)     
[6.947s][info][gc,heap     ] GC(21) Y:  Promoted:         -                  -                 0M (0%)            0M (0%)     
[6.947s][info][gc,heap     ] GC(21) Y: Compacted:         -                  -                  -                 0M (0%)     
[6.947s][info][gc,phases   ] GC(21) Y: Young Generation (Promote All) 256M(100%)->256M(100%) 0.001s
[6.947s][info][gc,phases   ] GC(21) Y: Young Generation (Collect Roots)
[6.947s][info][gc,phases   ] GC(21) Y: Pause Mark Start (Major) 0.003ms
[6.948s][info][gc,phases   ] GC(21) Y: Concurrent Mark 0.478ms
[6.948s][info][gc,phases   ] GC(21) Y: Pause Mark End 0.003ms
[6.948s][info][gc,phases   ] GC(21) Y: Concurrent Mark Free 0.000ms
[6.948s][info][gc,phases   ] GC(21) Y: Concurrent Reset Relocation Set 0.000ms
[6.948s][info][gc,reloc    ] GC(21) Y: Using tenuring threshold: 0 (Computed)
[6.948s][info][gc,phases   ] GC(21) Y: Concurrent Select Relocation Set 0.054ms
[6.948s][info][gc,phases   ] GC(21) Y: Pause Relocate Start 0.005ms
[6.948s][info][gc,phases   ] GC(21) Y: Concurrent Relocate 0.028ms
[6.948s][info][gc,alloc    ] GC(21) Y:                         Mark Start        Mark End      Relocate Start    Relocate End   
[6.948s][info][gc,alloc    ] GC(21) Y: Allocation Stalls:          1                1                1                1         
[6.948s][info][gc,load     ] GC(21) Y: Load: 3.15 (39%) / 3.41 (43%) / 3.14 (39%)
[6.948s][info][gc,mmu      ] GC(21) Y: MMU: 2ms/98.5%, 5ms/98.6%, 10ms/98.9%, 20ms/99.2%, 50ms/99.5%, 100ms/99.7%
[6.948s][info][gc,marking  ] GC(21) Y: Mark: 2 stripe(s), 1 proactive flush(es), 1 terminate flush(es), 0 completion(s), 0 continuation(s) 
[6.948s][info][gc,nmethod  ] GC(21) Y: NMethods: 307 registered, 10 unregistered
[6.948s][info][gc,metaspace] GC(21) Y: Metaspace: 0M used, 0M committed, 1088M reserved
[6.948s][info][gc,heap     ] GC(21) Y: Min Capacity: 8M(3%)
[6.948s][info][gc,heap     ] GC(21) Y: Max Capacity: 256M(100%)
[6.948s][info][gc,heap     ] GC(21) Y: Soft Max Capacity: 256M(100%)
[6.948s][info][gc,heap     ] GC(21) Y: Heap Statistics:
[6.948s][info][gc,heap     ] GC(21) Y:                Mark Start          Mark End        Relocate Start      Relocate End           High               Low         
[6.948s][info][gc,heap     ] GC(21) Y:  Capacity:      256M (100%)        256M (100%)        256M (100%)        256M (100%)        256M (100%)        256M (100%)   
[6.948s][info][gc,heap     ] GC(21) Y:      Free:        0M (0%)            0M (0%)            0M (0%)            0M (0%)            0M (0%)            0M (0%)     
[6.948s][info][gc,heap     ] GC(21) Y:      Used:      256M (100%)        256M (100%)        256M (100%)        256M (100%)        256M (100%)        256M (100%)   
[6.948s][info][gc,heap     ] GC(21) Y: Young Generation Statistics:
[6.948s][info][gc,heap     ] GC(21) Y:                Mark Start          Mark End        Relocate Start      Relocate End    
[6.948s][info][gc,heap     ] GC(21) Y:      Used:        0M (0%)            0M (0%)            0M (0%)            0M (0%)     
[6.948s][info][gc,heap     ] GC(21) Y:      Live:         -                 0M (0%)            0M (0%)            0M (0%)     
[6.948s][info][gc,heap     ] GC(21) Y:   Garbage:         -                 0M (0%)            0M (0%)            0M (0%)     
[6.948s][info][gc,heap     ] GC(21) Y: Allocated:         -                 0M (0%)            0M (0%)            0M (0%)     
[6.948s][info][gc,heap     ] GC(21) Y: Reclaimed:         -                  -                 0M (0%)            0M (0%)     
[6.948s][info][gc,heap     ] GC(21) Y:  Promoted:         -                  -                 0M (0%)            0M (0%)     
[6.948s][info][gc,heap     ] GC(21) Y: Compacted:         -                  -                  -                 0M (0%)     
[6.948s][info][gc,phases   ] GC(21) Y: Young Generation (Collect Roots) 256M(100%)->256M(100%) 0.001s
[6.948s][info][gc,phases   ] GC(21) O: Old Generation
[6.949s][info][gc,phases   ] GC(21) O: Concurrent Mark 1.239ms
[6.949s][info][gc,phases   ] GC(21) O: Pause Mark End 0.006ms
[6.949s][info][gc,phases   ] GC(21) O: Concurrent Mark Free 0.002ms
[6.949s][info][gc,ref      ] GC(21) O: Clearing All SoftReferences
[6.950s][info][gc,phases   ] GC(21) O: Concurrent Process Non-Strong 0.353ms
[6.950s][info][gc,phases   ] GC(21) O: Concurrent Reset Relocation Set 0.000ms
[6.950s][info][gc          ] Allocation Stall (main) 4.606ms
[6.950s][info][gc,phases   ] GC(21) O: Concurrent Select Relocation Set 0.369ms
[6.950s][info][gc,task     ] GC(21) O: Using 2 Workers for Old Generation
[6.950s][info][gc,task     ] GC(21) O: Using 2 Workers for Old Generation
[6.950s][info][gc,phases   ] GC(21) O: Concurrent Remap Roots 0.176ms
[6.950s][info][gc,phases   ] GC(21) O: Pause Relocate Start 0.003ms
[6.950s][info][gc,phases   ] GC(21) O: Concurrent Relocate 0.023ms
[6.950s][info][gc,alloc    ] GC(21) O:                         Mark Start        Mark End      Relocate Start    Relocate End   
[6.950s][info][gc,alloc    ] GC(21) O: Allocation Stalls:          1                1                0                0         
[6.950s][info][gc,load     ] GC(21) O: Load: 3.15 (39%) / 3.41 (43%) / 3.14 (39%)
[6.950s][info][gc,mmu      ] GC(21) O: MMU: 2ms/98.5%, 5ms/98.6%, 10ms/98.9%, 20ms/99.2%, 50ms/99.5%, 100ms/99.7%
[6.950s][info][gc,marking  ] GC(21) O: Mark: 2 stripe(s), 2 proactive flush(es), 1 terminate flush(es), 0 completion(s), 0 continuation(s) 
[6.950s][info][gc,nmethod  ] GC(21) O: NMethods: 307 registered, 10 unregistered
[6.950s][info][gc,metaspace] GC(21) O: Metaspace: 0M used, 0M committed, 1088M reserved
[6.950s][info][gc,ref      ] GC(21) O:                       Encountered   Discovered     Enqueued 
[6.950s][info][gc,ref      ] GC(21) O: Soft References:               42           12            0 
[6.950s][info][gc,ref      ] GC(21) O: Weak References:               84           43            0 
[6.950s][info][gc,ref      ] GC(21) O: Final References:               0            0            0 
[6.950s][info][gc,ref      ] GC(21) O: Phantom References:             1            0            0 
[6.950s][info][gc,reloc    ] GC(21) O:                        Candidates     Selected     In-Place         Size        Empty    Relocated 
[6.950s][info][gc,reloc    ] GC(21) O: Small Pages:                    1            0            0           2M           0M           0M 
[6.950s][info][gc,reloc    ] GC(21) O: Medium Pages:                   0            0            0           0M           0M           0M 
[6.950s][info][gc,reloc    ] GC(21) O: Large Pages:                  127            0            0         254M         254M           0M 
[6.950s][info][gc,reloc    ] GC(21) O: Forwarding Usage: 0M
[6.950s][info][gc,heap     ] GC(21) O: Min Capacity: 8M(3%)
[6.950s][info][gc,heap     ] GC(21) O: Max Capacity: 256M(100%)
[6.950s][info][gc,heap     ] GC(21) O: Soft Max Capacity: 256M(100%)
[6.950s][info][gc,heap     ] GC(21) O: Heap Statistics:
[6.950s][info][gc,heap     ] GC(21) O:                Mark Start          Mark End        Relocate Start      Relocate End           High               Low         
[6.950s][info][gc,heap     ] GC(21) O:  Capacity:      256M (100%)        256M (100%)        256M (100%)        256M (100%)        256M (100%)        256M (100%)   
[6.950s][info][gc,heap     ] GC(21) O:      Free:        0M (0%)            0M (0%)          252M (98%)         252M (98%)         252M (98%)           0M (0%)     
[6.950s][info][gc,heap     ] GC(21) O:      Used:      256M (100%)        256M (100%)          4M (2%)            4M (2%)          256M (100%)          4M (2%)     
[6.950s][info][gc,heap     ] GC(21) O: Old Generation Statistics:
[6.950s][info][gc,heap     ] GC(21) O:                Mark Start          Mark End        Relocate Start      Relocate End    
[6.950s][info][gc,heap     ] GC(21) O:      Used:      256M (100%)        256M (100%)          2M (1%)            2M (1%)     
[6.950s][info][gc,heap     ] GC(21) O:      Live:         -                 1M (0%)            1M (0%)            1M (0%)     
[6.950s][info][gc,heap     ] GC(21) O:   Garbage:         -               254M (100%)          0M (0%)            0M (0%)     
[6.951s][info][gc,heap     ] GC(21) O: Allocated:         -                 0M (0%)            0M (0%)            0M (0%)     
[6.951s][info][gc,heap     ] GC(21) O: Reclaimed:         -                  -               254M (99%)         254M (99%)    
[6.951s][info][gc,heap     ] GC(21) O: Compacted:         -                  -                  -                 0M (0%)     
[6.951s][info][gc,phases   ] GC(21) O: Old Generation 256M(100%)->4M(2%) 0.002s
[6.951s][info][gc          ] GC(21) Major Collection (Allocation Stall) 256M(100%)->4M(2%) 0.004s
[6.951s][info][gc,exit     ] Stopping ZGC
[6.951s][info][gc,stats    ] === Garbage Collection Statistics =======================================================================================================================
[6.951s][info][gc,stats    ]                                                              Last 10s              Last 10m              Last 10h                Total
[6.951s][info][gc,stats    ]                                                              Avg / Max             Avg / Max             Avg / Max             Avg / Max
[6.951s][info][gc,stats    ]        Contention: Mark Segment Reset Contention                     0 / 2                 0 / 2                 0 / 2                 0 / 2           ops/s
[6.951s][info][gc,stats    ]        Contention: Mark SeqNum Reset Contention                      0 / 2                 0 / 2                 0 / 2                 0 / 2           ops/s
[6.951s][info][gc,stats    ]          Critical: Allocation Stall                                  0 / 0                 0 / 0                 0 / 0                 0 / 0           ops/s
[6.951s][info][gc,stats    ]          Critical: Allocation Stall                              0.000 / 0.000         0.000 / 0.000         0.000 / 0.000         0.000 / 0.000       ms
[6.951s][info][gc,stats    ]          Critical: JNI Critical Stall                                0 / 0                 0 / 0                 0 / 0                 0 / 0           ops/s
[6.951s][info][gc,stats    ]          Critical: JNI Critical Stall                            0.000 / 0.000         0.000 / 0.000         0.000 / 0.000         0.000 / 0.000       ms
[6.951s][info][gc,stats    ]          Critical: Relocation Stall                                  0 / 0                 0 / 0                 0 / 0                 0 / 0           ops/s
[6.951s][info][gc,stats    ]          Critical: Relocation Stall                              0.000 / 0.000         0.000 / 0.000         0.000 / 0.000         0.000 / 0.000       ms
[6.951s][info][gc,stats    ]  Major Collection: Major Collection                             11.394 / 15.740       11.394 / 15.740       11.394 / 15.740       11.394 / 15.740      ms
[6.951s][info][gc,stats    ]            Memory: Allocation Rate                                  39 / 42               39 / 42               39 / 42               39 / 42          MB/s
[6.951s][info][gc,stats    ]            Memory: Defragment                                        0 / 0                 0 / 0                 0 / 0                 0 / 0           ops/s
[6.951s][info][gc,stats    ]            Memory: Mapped Cache Harvest                              0 / 0                 0 / 0                 0 / 0                 0 / 0           MB/s
[6.951s][info][gc,stats    ]            Memory: Out Of Memory                                     0 / 0                 0 / 0                 0 / 0                 0 / 0           ops/s
[6.951s][info][gc,stats    ]            Memory: Uncommit                                          0 / 0                 0 / 0                 0 / 0                 0 / 0           MB/s
[6.951s][info][gc,stats    ]            Memory: Undo Object Allocation Failed                     0 / 0                 0 / 0                 0 / 0                 0 / 0           ops/s
[6.951s][info][gc,stats    ]            Memory: Undo Object Allocation Succeeded                  0 / 0                 0 / 0                 0 / 0                 0 / 0           ops/s
[6.951s][info][gc,stats    ]            Memory: Undo Page Allocation                              0 / 0                 0 / 0                 0 / 0                 0 / 0           ops/s
[6.951s][info][gc,stats    ]  Minor Collection: Minor Collection                              0.000 / 0.000         0.000 / 0.000         0.000 / 0.000         0.000 / 0.000       ms
[6.951s][info][gc,stats    ]    Old Generation: Old Generation                                6.754 / 10.992        6.754 / 10.992        6.754 / 10.992        6.754 / 10.992      ms
[6.951s][info][gc,stats    ]         Old Pause: Pause Mark End                                0.010 / 0.015         0.010 / 0.015         0.010 / 0.015         0.010 / 0.015       ms
[6.951s][info][gc,stats    ]         Old Pause: Pause Relocate Start                          0.006 / 0.010         0.006 / 0.010         0.006 / 0.010         0.006 / 0.010       ms
[6.951s][info][gc,stats    ]         Old Phase: Concurrent Mark                               3.784 / 6.774         3.784 / 6.774         3.784 / 6.774         3.784 / 6.774       ms
[6.951s][info][gc,stats    ]         Old Phase: Concurrent Mark Continue                      0.000 / 0.000         0.000 / 0.000         0.000 / 0.000         0.000 / 0.000       ms
[6.951s][info][gc,stats    ]         Old Phase: Concurrent Mark Free                          0.003 / 0.014         0.003 / 0.014         0.003 / 0.014         0.003 / 0.014       ms
[6.951s][info][gc,stats    ]         Old Phase: Concurrent Process Non-Strong                 0.844 / 1.140         0.844 / 1.140         0.844 / 1.140         0.844 / 1.140       ms
[6.951s][info][gc,stats    ]         Old Phase: Concurrent Relocate                           1.273 / 2.626         1.273 / 2.626         1.273 / 2.626         1.273 / 2.626       ms
[6.951s][info][gc,stats    ]         Old Phase: Concurrent Remap Roots                        0.468 / 0.940         0.468 / 0.940         0.468 / 0.940         0.468 / 0.940       ms
[6.951s][info][gc,stats    ]         Old Phase: Concurrent Reset Relocation Set               0.000 / 0.001         0.000 / 0.001         0.000 / 0.001         0.000 / 0.001       ms
[6.951s][info][gc,stats    ]         Old Phase: Concurrent Select Relocation Set              0.077 / 0.222         0.077 / 0.222         0.077 / 0.222         0.077 / 0.222       ms
[6.951s][info][gc,stats    ]      Old Subphase: Concurrent Classes Purge                      0.008 / 0.010         0.008 / 0.010         0.008 / 0.010         0.008 / 0.010       ms
[6.951s][info][gc,stats    ]      Old Subphase: Concurrent Classes Unlink                     0.608 / 0.864         0.608 / 0.864         0.608 / 0.864         0.608 / 0.864       ms
[6.951s][info][gc,stats    ]      Old Subphase: Concurrent Mark Follow                        3.709 / 6.702         3.709 / 6.702         3.709 / 6.702         3.709 / 6.702       ms
[6.951s][info][gc,stats    ]      Old Subphase: Concurrent Mark Root Colored                  0.008 / 0.012         0.008 / 0.012         0.008 / 0.012         0.008 / 0.012       ms
[6.951s][info][gc,stats    ]      Old Subphase: Concurrent Mark Root Uncolored                0.038 / 0.061         0.038 / 0.061         0.038 / 0.061         0.038 / 0.061       ms
[6.951s][info][gc,stats    ]      Old Subphase: Concurrent Mark Roots                         0.072 / 0.100         0.072 / 0.100         0.072 / 0.100         0.072 / 0.100       ms
[6.951s][info][gc,stats    ]      Old Subphase: Concurrent References Enqueue                 0.001 / 0.005         0.001 / 0.005         0.001 / 0.005         0.001 / 0.005       ms
[6.951s][info][gc,stats    ]      Old Subphase: Concurrent References Process                 0.020 / 0.032         0.020 / 0.032         0.020 / 0.032         0.020 / 0.032       ms
[6.951s][info][gc,stats    ]      Old Subphase: Concurrent Remap Remembered                   0.179 / 0.689         0.179 / 0.689         0.179 / 0.689         0.179 / 0.689       ms
[6.951s][info][gc,stats    ]      Old Subphase: Concurrent Remap Roots Colored                0.062 / 0.102         0.062 / 0.102         0.062 / 0.102         0.062 / 0.102       ms
[6.951s][info][gc,stats    ]      Old Subphase: Concurrent Remap Roots Uncolored              0.135 / 0.270         0.135 / 0.270         0.135 / 0.270         0.135 / 0.270       ms
[6.951s][info][gc,stats    ]      Old Subphase: Concurrent Roots ClassLoaderDataGraph         0.028 / 0.069         0.028 / 0.069         0.028 / 0.069         0.028 / 0.069       ms
[6.951s][info][gc,stats    ]      Old Subphase: Concurrent Roots CodeCache                    0.132 / 0.263         0.132 / 0.263         0.132 / 0.263         0.132 / 0.263       ms
[6.951s][info][gc,stats    ]      Old Subphase: Concurrent Roots JavaThreads                  0.011 / 0.061         0.011 / 0.061         0.011 / 0.061         0.011 / 0.061       ms
[6.951s][info][gc,stats    ]      Old Subphase: Concurrent Roots OopStorageSet                0.004 / 0.010         0.004 / 0.010         0.004 / 0.010         0.004 / 0.010       ms
[6.951s][info][gc,stats    ]      Old Subphase: Concurrent Weak Roots OopStorageSet           0.065 / 0.191         0.065 / 0.191         0.065 / 0.191         0.065 / 0.191       ms
[6.951s][info][gc,stats    ]            System: Java Threads                                     10 / 10               10 / 10               10 / 10               10 / 10          threads
[6.951s][info][gc,stats    ]  Young Generation: Young Generation                              3.521 / 4.556         3.521 / 4.556         3.521 / 4.556         3.521 / 4.556       ms
[6.951s][info][gc,stats    ]  Young Generation: Young Generation                              0.000 / 0.000         0.000 / 0.000         0.000 / 0.000         0.000 / 0.000       ms
[6.951s][info][gc,stats    ]  Young Generation: Young Generation (Collect Roots)              0.000 / 0.000         0.000 / 0.000         0.000 / 0.000         0.000 / 0.000       ms
[6.951s][info][gc,stats    ]  Young Generation: Young Generation (Promote All)                0.000 / 0.000         0.000 / 0.000         0.000 / 0.000         0.000 / 0.000       ms
[6.951s][info][gc,stats    ]       Young Pause: Pause Mark End                                0.012 / 0.019         0.012 / 0.019         0.012 / 0.019         0.012 / 0.019       ms
[6.951s][info][gc,stats    ]       Young Pause: Pause Mark Start                              0.000 / 0.000         0.000 / 0.000         0.000 / 0.000         0.000 / 0.000       ms
[6.951s][info][gc,stats    ]       Young Pause: Pause Mark Start (Major)                      0.017 / 0.028         0.017 / 0.028         0.017 / 0.028         0.017 / 0.028       ms
[6.951s][info][gc,stats    ]       Young Pause: Pause Relocate Start                          0.005 / 0.007         0.005 / 0.007         0.005 / 0.007         0.005 / 0.007       ms
[6.951s][info][gc,stats    ]       Young Phase: Concurrent Mark                               2.040 / 2.762         2.040 / 2.762         2.040 / 2.762         2.040 / 2.762       ms
[6.951s][info][gc,stats    ]       Young Phase: Concurrent Mark Continue                      0.000 / 0.000         0.000 / 0.000         0.000 / 0.000         0.000 / 0.000       ms
[6.951s][info][gc,stats    ]       Young Phase: Concurrent Mark Free                          0.001 / 0.002         0.001 / 0.002         0.001 / 0.002         0.001 / 0.002       ms
[6.951s][info][gc,stats    ]       Young Phase: Concurrent Relocate                           0.480 / 1.900         0.480 / 1.900         0.480 / 1.900         0.480 / 1.900       ms
[6.951s][info][gc,stats    ]       Young Phase: Concurrent Reset Relocation Set               0.010 / 0.025         0.010 / 0.025         0.010 / 0.025         0.010 / 0.025       ms
[6.951s][info][gc,stats    ]       Young Phase: Concurrent Select Relocation Set              0.415 / 0.784         0.415 / 0.784         0.415 / 0.784         0.415 / 0.784       ms
[6.951s][info][gc,stats    ]    Young Subphase: Concurrent Mark Follow                        1.017 / 1.430         1.017 / 1.430         1.017 / 1.430         1.017 / 1.430       ms
[6.951s][info][gc,stats    ]    Young Subphase: Concurrent Mark Root Colored                  0.426 / 1.215         0.426 / 1.215         0.426 / 1.215         0.426 / 1.215       ms
[6.951s][info][gc,stats    ]    Young Subphase: Concurrent Mark Root Uncolored                0.338 / 0.694         0.338 / 0.694         0.338 / 0.694         0.338 / 0.694       ms
[6.951s][info][gc,stats    ]    Young Subphase: Concurrent Mark Roots                         1.021 / 1.974         1.021 / 1.974         1.021 / 1.974         1.021 / 1.974       ms
[6.951s][info][gc,stats    ]    Young Subphase: Concurrent Relocate Remset FP                 0.014 / 0.023         0.014 / 0.023         0.014 / 0.023         0.014 / 0.023       ms
[6.951s][info][gc,stats    ]    Young Subphase: Concurrent Roots ClassLoaderDataGraph         0.098 / 0.231         0.098 / 0.231         0.098 / 0.231         0.098 / 0.231       ms
[6.951s][info][gc,stats    ]    Young Subphase: Concurrent Roots CodeCache                    0.277 / 0.612         0.277 / 0.612         0.277 / 0.612         0.277 / 0.612       ms
[6.951s][info][gc,stats    ]    Young Subphase: Concurrent Roots JavaThreads                  0.031 / 0.123         0.031 / 0.123         0.031 / 0.123         0.031 / 0.123       ms
[6.951s][info][gc,stats    ]    Young Subphase: Concurrent Roots OopStorageSet                0.014 / 0.061         0.014 / 0.061         0.014 / 0.061         0.014 / 0.061       ms
[6.951s][info][gc,stats    ]    Young Subphase: Concurrent Weak Roots OopStorageSet           0.312 / 0.920         0.312 / 0.920         0.312 / 0.920         0.312 / 0.920       ms
[6.951s][info][gc,stats    ] =========================================================================================================================================================
[6.951s][info][gc,exit     ] Heap
[6.951s][info][gc,exit     ]  ZHeap           used 4M, capacity 256M, max capacity 256M
[6.951s][info][gc,exit     ]   Cache          252M (2)
[6.951s][info][gc,exit     ]    size classes  16M (1), 128M (1)
[6.951s][info][gc,exit     ]  Metaspace       used 479K, committed 704K, reserved 1114112K
[6.951s][info][gc,exit     ]   class space    used 18K, committed 128K, reserved 1048576K
